<?xml version="1.0" encoding="utf-8"?>
<CoverageSession xmlns:xsd="http://www.w3.org/2001/XMLSchema" xmlns:xsi="http://www.w3.org/2001/XMLSchema-instance">
  <Summary numSequencePoints="456" visitedSequencePoints="320" numBranchPoints="233" visitedBranchPoints="149" sequenceCoverage="70.18" branchCoverage="63.95" maxCyclomaticComplexity="15" minCyclomaticComplexity="1" visitedClasses="15" numClasses="17" visitedMethods="82" numMethods="99" />
  <Modules>
    <Module skippedDueTo="Filter" hash="D8-53-B0-07-8D-F9-9A-13-7D-98-00-E6-F2-C4-C4-74-70-5D-80-7A">
      <FullName>C:\Windows\Microsoft.Net\assembly\GAC_64\mscorlib\v4.0_4.0.0.0__b77a5c561934e089\mscorlib.dll</FullName>
      <ModuleName>mscorlib</ModuleName>
      <Classes />
    </Module>
    <Module skippedDueTo="MissingPdb" hash="42-5D-0E-14-9A-00-93-21-57-8C-FC-8C-B0-3D-F9-C7-AF-CD-A3-02">
      <FullName>C:\Users\Administrator\Source\Repos\FSE_Cap_TaskMGRAPI\packages\NUnit.ConsoleRunner.3.9.0\tools\nunit3-console.exe</FullName>
      <ModuleName>nunit3-console</ModuleName>
      <Classes />
    </Module>
    <Module skippedDueTo="Filter" hash="EE-77-8B-34-FE-47-61-EA-AD-62-7D-B3-79-79-9C-B7-64-F3-12-03">
      <FullName>C:\Windows\Microsoft.Net\assembly\GAC_MSIL\System\v4.0_4.0.0.0__b77a5c561934e089\System.dll</FullName>
      <ModuleName>System</ModuleName>
      <Classes />
    </Module>
    <Module skippedDueTo="MissingPdb" hash="0A-47-64-32-4B-83-DF-99-42-5A-C7-DE-DA-21-E5-6C-A1-90-50-AC">
      <FullName>C:\Users\Administrator\Source\Repos\FSE_Cap_TaskMGRAPI\packages\NUnit.ConsoleRunner.3.9.0\tools\nunit.engine.api.dll</FullName>
      <ModuleName>nunit.engine.api</ModuleName>
      <Classes />
    </Module>
    <Module skippedDueTo="MissingPdb" hash="D5-00-67-52-C5-AF-05-06-2D-35-DF-4F-C4-22-51-88-35-4A-CD-00">
      <FullName>C:\Users\Administrator\Source\Repos\FSE_Cap_TaskMGRAPI\packages\NUnit.ConsoleRunner.3.9.0\tools\nunit.engine.dll</FullName>
      <ModuleName>nunit.engine</ModuleName>
      <Classes />
    </Module>
    <Module skippedDueTo="MissingPdb" hash="D5-00-67-52-C5-AF-05-06-2D-35-DF-4F-C4-22-51-88-35-4A-CD-00">
      <FullName>C:\Users\Administrator\Source\Repos\FSE_Cap_TaskMGRAPI\packages\NUnit.ConsoleRunner.3.9.0\tools\nunit.engine.dll</FullName>
      <ModuleName>nunit.engine</ModuleName>
      <Classes />
    </Module>
    <Module skippedDueTo="Filter" hash="F7-E9-75-D6-35-98-70-4A-0F-45-76-1B-B3-83-70-38-5E-DF-02-47">
      <FullName>C:\Windows\Microsoft.Net\assembly\GAC_MSIL\System.Xml\v4.0_4.0.0.0__b77a5c561934e089\System.Xml.dll</FullName>
      <ModuleName>System.Xml</ModuleName>
      <Classes />
    </Module>
    <Module skippedDueTo="Filter" hash="F3-16-D4-5E-C5-50-B3-22-7B-4E-24-71-CD-D2-35-E6-9C-74-2B-E4">
      <FullName>C:\Windows\Microsoft.Net\assembly\GAC_64\System.Web\v4.0_4.0.0.0__b03f5f7f11d50a3a\System.Web.dll</FullName>
      <ModuleName>System.Web</ModuleName>
      <Classes />
    </Module>
    <Module skippedDueTo="MissingPdb" hash="7C-26-06-1C-0A-29-02-E5-32-A6-26-CA-D2-F5-06-AA-A1-3B-9C-8F">
      <FullName>C:\Users\Administrator\Source\Repos\FSE_Cap_TaskMGRAPI\packages\NUnit.ConsoleRunner.3.9.0\tools\Mono.Cecil.dll</FullName>
      <ModuleName>Mono.Cecil</ModuleName>
      <Classes />
    </Module>
    <Module skippedDueTo="Filter" hash="31-76-6A-81-5B-45-2B-B2-02-8C-E4-69-D2-C3-8F-87-B1-54-25-E8">
      <FullName>C:\Windows\Microsoft.Net\assembly\GAC_MSIL\System.Core\v4.0_4.0.0.0__b77a5c561934e089\System.Core.dll</FullName>
      <ModuleName>System.Core</ModuleName>
      <Classes />
    </Module>
    <Module skippedDueTo="Filter" hash="0F-6F-F3-F5-1C-3A-A7-26-E2-D9-16-C9-A4-9C-AD-C3-B6-CA-24-A2">
      <FullName>C:\Windows\Microsoft.Net\assembly\GAC_MSIL\System.Runtime.Remoting\v4.0_4.0.0.0__b77a5c561934e089\System.Runtime.Remoting.dll</FullName>
      <ModuleName>System.Runtime.Remoting</ModuleName>
      <Classes />
    </Module>
    <Module skippedDueTo="Filter" hash="9C-DB-95-DC-25-D5-38-7E-C2-3A-20-8F-14-5D-A9-56-2A-D7-00-E3">
      <FullName>C:\Windows\Microsoft.Net\assembly\GAC_MSIL\System.Configuration\v4.0_4.0.0.0__b03f5f7f11d50a3a\System.Configuration.dll</FullName>
      <ModuleName>System.Configuration</ModuleName>
      <Classes />
    </Module>
    <Module skippedDueTo="Filter" hash="D8-53-B0-07-8D-F9-9A-13-7D-98-00-E6-F2-C4-C4-74-70-5D-80-7A">
      <FullName>C:\Windows\Microsoft.Net\assembly\GAC_64\mscorlib\v4.0_4.0.0.0__b77a5c561934e089\mscorlib.dll</FullName>
      <ModuleName>mscorlib</ModuleName>
      <Classes />
    </Module>
    <Module skippedDueTo="MissingPdb" hash="D0-28-87-1E-9F-96-03-5C-DD-6C-EE-2A-08-04-43-0E-24-28-FE-11">
      <FullName>C:\Users\Administrator\Source\Repos\FSE_Cap_TaskMGRAPI\packages\NUnit.ConsoleRunner.3.9.0\tools\nunit-agent.exe</FullName>
      <ModuleName>nunit-agent</ModuleName>
      <Classes />
    </Module>
    <Module skippedDueTo="MissingPdb" hash="0A-47-64-32-4B-83-DF-99-42-5A-C7-DE-DA-21-E5-6C-A1-90-50-AC">
      <FullName>C:\Users\Administrator\Source\Repos\FSE_Cap_TaskMGRAPI\packages\NUnit.ConsoleRunner.3.9.0\tools\nunit.engine.api.dll</FullName>
      <ModuleName>nunit.engine.api</ModuleName>
      <Classes />
    </Module>
    <Module skippedDueTo="Filter" hash="EE-77-8B-34-FE-47-61-EA-AD-62-7D-B3-79-79-9C-B7-64-F3-12-03">
      <FullName>C:\Windows\Microsoft.Net\assembly\GAC_MSIL\System\v4.0_4.0.0.0__b77a5c561934e089\System.dll</FullName>
      <ModuleName>System</ModuleName>
      <Classes />
    </Module>
    <Module skippedDueTo="MissingPdb" hash="D5-00-67-52-C5-AF-05-06-2D-35-DF-4F-C4-22-51-88-35-4A-CD-00">
      <FullName>C:\Users\Administrator\Source\Repos\FSE_Cap_TaskMGRAPI\packages\NUnit.ConsoleRunner.3.9.0\tools\nunit.engine.dll</FullName>
      <ModuleName>nunit.engine</ModuleName>
      <Classes />
    </Module>
    <Module skippedDueTo="Filter" hash="F7-E9-75-D6-35-98-70-4A-0F-45-76-1B-B3-83-70-38-5E-DF-02-47">
      <FullName>C:\Windows\Microsoft.Net\assembly\GAC_MSIL\System.Xml\v4.0_4.0.0.0__b77a5c561934e089\System.Xml.dll</FullName>
      <ModuleName>System.Xml</ModuleName>
      <Classes />
    </Module>
    <Module skippedDueTo="Filter" hash="F3-16-D4-5E-C5-50-B3-22-7B-4E-24-71-CD-D2-35-E6-9C-74-2B-E4">
      <FullName>C:\Windows\Microsoft.Net\assembly\GAC_64\System.Web\v4.0_4.0.0.0__b03f5f7f11d50a3a\System.Web.dll</FullName>
      <ModuleName>System.Web</ModuleName>
      <Classes />
    </Module>
    <Module skippedDueTo="MissingPdb" hash="7C-26-06-1C-0A-29-02-E5-32-A6-26-CA-D2-F5-06-AA-A1-3B-9C-8F">
      <FullName>C:\Users\Administrator\Source\Repos\FSE_Cap_TaskMGRAPI\packages\NUnit.ConsoleRunner.3.9.0\tools\Mono.Cecil.dll</FullName>
      <ModuleName>Mono.Cecil</ModuleName>
      <Classes />
    </Module>
    <Module skippedDueTo="Filter" hash="31-76-6A-81-5B-45-2B-B2-02-8C-E4-69-D2-C3-8F-87-B1-54-25-E8">
      <FullName>C:\Windows\Microsoft.Net\assembly\GAC_MSIL\System.Core\v4.0_4.0.0.0__b77a5c561934e089\System.Core.dll</FullName>
      <ModuleName>System.Core</ModuleName>
      <Classes />
    </Module>
    <Module skippedDueTo="Filter" hash="0F-6F-F3-F5-1C-3A-A7-26-E2-D9-16-C9-A4-9C-AD-C3-B6-CA-24-A2">
      <FullName>C:\Windows\Microsoft.Net\assembly\GAC_MSIL\System.Runtime.Remoting\v4.0_4.0.0.0__b77a5c561934e089\System.Runtime.Remoting.dll</FullName>
      <ModuleName>System.Runtime.Remoting</ModuleName>
      <Classes />
    </Module>
    <Module skippedDueTo="Filter" hash="9C-DB-95-DC-25-D5-38-7E-C2-3A-20-8F-14-5D-A9-56-2A-D7-00-E3">
      <FullName>C:\Windows\Microsoft.Net\assembly\GAC_MSIL\System.Configuration\v4.0_4.0.0.0__b03f5f7f11d50a3a\System.Configuration.dll</FullName>
      <ModuleName>System.Configuration</ModuleName>
      <Classes />
    </Module>
    <Module skippedDueTo="MissingPdb" hash="A7-9F-41-2F-47-0F-3E-C7-DD-99-9E-73-7D-AF-41-93-23-DC-2B-18">
      <FullName>C:\Users\Administrator\Source\Repos\FSE_Cap_TaskMGRAPI\UnitTest\TaskManager.DataAccess.Tests\bin\Debug\nunit.framework.dll</FullName>
      <ModuleName>nunit.framework</ModuleName>
      <Classes />
    </Module>
    <Module skippedDueTo="Filter" hash="EE-77-8B-34-FE-47-61-EA-AD-62-7D-B3-79-79-9C-B7-64-F3-12-03">
      <FullName>C:\Windows\Microsoft.Net\assembly\GAC_MSIL\System\v4.0_4.0.0.0__b77a5c561934e089\System.dll</FullName>
      <ModuleName>System</ModuleName>
      <Classes />
    </Module>
    <Module skippedDueTo="Filter" hash="31-76-6A-81-5B-45-2B-B2-02-8C-E4-69-D2-C3-8F-87-B1-54-25-E8">
      <FullName>C:\Windows\Microsoft.Net\assembly\GAC_MSIL\System.Core\v4.0_4.0.0.0__b77a5c561934e089\System.Core.dll</FullName>
      <ModuleName>System.Core</ModuleName>
      <Classes />
    </Module>
    <Module skippedDueTo="Filter" hash="F3-16-D4-5E-C5-50-B3-22-7B-4E-24-71-CD-D2-35-E6-9C-74-2B-E4">
      <FullName>C:\Windows\Microsoft.Net\assembly\GAC_64\System.Web\v4.0_4.0.0.0__b03f5f7f11d50a3a\System.Web.dll</FullName>
      <ModuleName>System.Web</ModuleName>
      <Classes />
    </Module>
    <Module hash="64-C2-C7-76-CA-F0-24-43-DC-6F-8E-F7-E1-4D-77-19-94-CC-4D-27">
      <Summary numSequencePoints="45" visitedSequencePoints="45" numBranchPoints="9" visitedBranchPoints="9" sequenceCoverage="100" branchCoverage="100" maxCyclomaticComplexity="1" minCyclomaticComplexity="1" visitedClasses="2" numClasses="2" visitedMethods="9" numMethods="9" />
      <FullName>C:\Users\Administrator\Source\Repos\FSE_Cap_TaskMGRAPI\UnitTest\TaskManager.DataAccess.Tests\bin\Debug\TaskManager.DataAccess.Tests.dll</FullName>
      <ModuleName>TaskManager.DataAccess.Tests</ModuleName>
      <Files>
        <File uid="1" fullPath="C:\Users\Administrator\Source\Repos\FSE_Cap_TaskMGRAPI\UnitTest\TaskManager.DataAccess.Tests\Controllers\TaskControllerUnitTest.cs" />
        <File uid="2" fullPath="C:\Users\Administrator\Source\Repos\FSE_Cap_TaskMGRAPI\UnitTest\TaskManager.DataAccess.Tests\DataAccess\DataAccessManagerTest.cs" />
      </Files>
      <Classes>
        <Class>
          <Summary numSequencePoints="0" visitedSequencePoints="0" numBranchPoints="0" visitedBranchPoints="0" sequenceCoverage="0" branchCoverage="0" maxCyclomaticComplexity="0" minCyclomaticComplexity="0" visitedClasses="0" numClasses="0" visitedMethods="0" numMethods="0" />
          <FullName>&lt;Module&gt;</FullName>
          <Methods />
        </Class>
        <Class>
          <Summary numSequencePoints="41" visitedSequencePoints="41" numBranchPoints="8" visitedBranchPoints="8" sequenceCoverage="100" branchCoverage="100" maxCyclomaticComplexity="1" minCyclomaticComplexity="1" visitedClasses="1" numClasses="1" visitedMethods="8" numMethods="8" />
          <FullName>TaskManager.DataAccess.Tests.TaskControllerUnitTest</FullName>
          <Methods>
            <Method visited="true" cyclomaticComplexity="1" sequenceCoverage="100" branchCoverage="100" isConstructor="false" isStatic="false" isGetter="false" isSetter="false">
              <Summary numSequencePoints="3" visitedSequencePoints="3" numBranchPoints="1" visitedBranchPoints="1" sequenceCoverage="100" branchCoverage="100" maxCyclomaticComplexity="1" minCyclomaticComplexity="1" visitedClasses="0" numClasses="0" visitedMethods="1" numMethods="1" />
              <MetadataToken>100663297</MetadataToken>
              <Name>System.Void TaskManager.DataAccess.Tests.TaskControllerUnitTest::AppStartTestMethod()</Name>
              <FileRef uid="1" />
              <SequencePoints>
                <SequencePoint vc="1" uspid="1" ordinal="0" offset="0" sl="15" sc="9" el="15" ec="10" bec="0" bev="0" fileid="1" />
                <SequencePoint vc="1" uspid="2" ordinal="1" offset="1" sl="16" sc="13" el="16" ec="61" bec="0" bev="0" fileid="1" />
                <SequencePoint vc="1" uspid="3" ordinal="2" offset="7" sl="17" sc="9" el="17" ec="10" bec="0" bev="0" fileid="1" />
              </SequencePoints>
              <BranchPoints />
              <MethodPoint xsi:type="SequencePoint" vc="1" uspid="1" ordinal="0" offset="0" sl="15" sc="9" el="15" ec="10" bec="0" bev="0" fileid="1" />
            </Method>
            <Method visited="true" cyclomaticComplexity="1" sequenceCoverage="100" branchCoverage="100" isConstructor="false" isStatic="false" isGetter="false" isSetter="false">
              <Summary numSequencePoints="4" visitedSequencePoints="4" numBranchPoints="1" visitedBranchPoints="1" sequenceCoverage="100" branchCoverage="100" maxCyclomaticComplexity="1" minCyclomaticComplexity="1" visitedClasses="0" numClasses="0" visitedMethods="1" numMethods="1" />
              <MetadataToken>100663298</MetadataToken>
              <Name>System.Void TaskManager.DataAccess.Tests.TaskControllerUnitTest::WebApiConfigRegisterTestMethod()</Name>
              <FileRef uid="1" />
              <SequencePoints>
                <SequencePoint vc="1" uspid="4" ordinal="0" offset="0" sl="21" sc="9" el="21" ec="10" bec="0" bev="0" fileid="1" />
                <SequencePoint vc="1" uspid="5" ordinal="1" offset="1" sl="22" sc="13" el="22" ec="66" bec="0" bev="0" fileid="1" />
                <SequencePoint vc="1" uspid="6" ordinal="2" offset="7" sl="23" sc="13" el="23" ec="43" bec="0" bev="0" fileid="1" />
                <SequencePoint vc="1" uspid="7" ordinal="3" offset="14" sl="24" sc="9" el="24" ec="10" bec="0" bev="0" fileid="1" />
              </SequencePoints>
              <BranchPoints />
              <MethodPoint xsi:type="SequencePoint" vc="1" uspid="4" ordinal="0" offset="0" sl="21" sc="9" el="21" ec="10" bec="0" bev="0" fileid="1" />
            </Method>
            <Method visited="true" cyclomaticComplexity="1" sequenceCoverage="100" branchCoverage="100" isConstructor="false" isStatic="false" isGetter="false" isSetter="false">
              <Summary numSequencePoints="5" visitedSequencePoints="5" numBranchPoints="1" visitedBranchPoints="1" sequenceCoverage="100" branchCoverage="100" maxCyclomaticComplexity="1" minCyclomaticComplexity="1" visitedClasses="0" numClasses="0" visitedMethods="1" numMethods="1" />
              <MetadataToken>100663299</MetadataToken>
              <Name>System.Void TaskManager.DataAccess.Tests.TaskControllerUnitTest::GetParentsTestMethod()</Name>
              <FileRef uid="1" />
              <SequencePoints>
                <SequencePoint vc="1" uspid="8" ordinal="0" offset="0" sl="28" sc="9" el="28" ec="10" bec="0" bev="0" fileid="1" />
                <SequencePoint vc="1" uspid="9" ordinal="1" offset="1" sl="29" sc="13" el="29" ec="66" bec="0" bev="0" fileid="1" />
                <SequencePoint vc="1" uspid="10" ordinal="2" offset="7" sl="30" sc="13" el="30" ec="79" bec="0" bev="0" fileid="1" />
                <SequencePoint vc="1" uspid="11" ordinal="3" offset="30" sl="31" sc="13" el="31" ec="150" bec="0" bev="0" fileid="1" />
                <SequencePoint vc="1" uspid="12" ordinal="4" offset="101" sl="32" sc="9" el="32" ec="10" bec="0" bev="0" fileid="1" />
              </SequencePoints>
              <BranchPoints />
              <MethodPoint xsi:type="SequencePoint" vc="1" uspid="8" ordinal="0" offset="0" sl="28" sc="9" el="28" ec="10" bec="0" bev="0" fileid="1" />
            </Method>
            <Method visited="true" cyclomaticComplexity="1" sequenceCoverage="100" branchCoverage="100" isConstructor="false" isStatic="false" isGetter="false" isSetter="false">
              <Summary numSequencePoints="5" visitedSequencePoints="5" numBranchPoints="1" visitedBranchPoints="1" sequenceCoverage="100" branchCoverage="100" maxCyclomaticComplexity="1" minCyclomaticComplexity="1" visitedClasses="0" numClasses="0" visitedMethods="1" numMethods="1" />
              <MetadataToken>100663300</MetadataToken>
              <Name>System.Void TaskManager.DataAccess.Tests.TaskControllerUnitTest::GetTasksTestMethod()</Name>
              <FileRef uid="1" />
              <SequencePoints>
                <SequencePoint vc="1" uspid="13" ordinal="0" offset="0" sl="36" sc="9" el="36" ec="10" bec="0" bev="0" fileid="1" />
                <SequencePoint vc="1" uspid="14" ordinal="1" offset="1" sl="37" sc="13" el="37" ec="66" bec="0" bev="0" fileid="1" />
                <SequencePoint vc="1" uspid="15" ordinal="2" offset="7" sl="38" sc="13" el="38" ec="84" bec="0" bev="0" fileid="1" />
                <SequencePoint vc="1" uspid="16" ordinal="3" offset="30" sl="39" sc="13" el="39" ec="155" bec="0" bev="0" fileid="1" />
                <SequencePoint vc="1" uspid="17" ordinal="4" offset="101" sl="40" sc="9" el="40" ec="10" bec="0" bev="0" fileid="1" />
              </SequencePoints>
              <BranchPoints />
              <MethodPoint xsi:type="SequencePoint" vc="1" uspid="13" ordinal="0" offset="0" sl="36" sc="9" el="36" ec="10" bec="0" bev="0" fileid="1" />
            </Method>
            <Method visited="true" cyclomaticComplexity="1" sequenceCoverage="100" branchCoverage="100" isConstructor="false" isStatic="false" isGetter="false" isSetter="false">
              <Summary numSequencePoints="6" visitedSequencePoints="6" numBranchPoints="1" visitedBranchPoints="1" sequenceCoverage="100" branchCoverage="100" maxCyclomaticComplexity="1" minCyclomaticComplexity="1" visitedClasses="0" numClasses="0" visitedMethods="1" numMethods="1" />
              <MetadataToken>100663301</MetadataToken>
              <Name>System.Void TaskManager.DataAccess.Tests.TaskControllerUnitTest::PostAddTaskWOPTestMethod()</Name>
              <FileRef uid="1" />
              <SequencePoints>
                <SequencePoint vc="1" uspid="18" ordinal="0" offset="0" sl="44" sc="9" el="44" ec="10" bec="0" bev="0" fileid="1" />
                <SequencePoint vc="1" uspid="19" ordinal="1" offset="1" sl="45" sc="13" el="45" ec="66" bec="0" bev="0" fileid="1" />
                <SequencePoint vc="1" uspid="20" ordinal="2" offset="7" sl="46" sc="13" el="52" ec="15" bec="0" bev="0" fileid="1" />
                <SequencePoint vc="1" uspid="21" ordinal="3" offset="82" sl="53" sc="13" el="53" ec="90" bec="0" bev="0" fileid="1" />
                <SequencePoint vc="1" uspid="22" ordinal="4" offset="106" sl="54" sc="13" el="54" ec="161" bec="0" bev="0" fileid="1" />
                <SequencePoint vc="1" uspid="23" ordinal="5" offset="178" sl="55" sc="9" el="55" ec="10" bec="0" bev="0" fileid="1" />
              </SequencePoints>
              <BranchPoints />
              <MethodPoint xsi:type="SequencePoint" vc="1" uspid="18" ordinal="0" offset="0" sl="44" sc="9" el="44" ec="10" bec="0" bev="0" fileid="1" />
            </Method>
            <Method visited="true" cyclomaticComplexity="1" sequenceCoverage="100" branchCoverage="100" isConstructor="false" isStatic="false" isGetter="false" isSetter="false">
              <Summary numSequencePoints="6" visitedSequencePoints="6" numBranchPoints="1" visitedBranchPoints="1" sequenceCoverage="100" branchCoverage="100" maxCyclomaticComplexity="1" minCyclomaticComplexity="1" visitedClasses="0" numClasses="0" visitedMethods="1" numMethods="1" />
              <MetadataToken>100663302</MetadataToken>
              <Name>System.Void TaskManager.DataAccess.Tests.TaskControllerUnitTest::PostAddTaskWPTestMethod()</Name>
              <FileRef uid="1" />
              <SequencePoints>
                <SequencePoint vc="1" uspid="24" ordinal="0" offset="0" sl="59" sc="9" el="59" ec="10" bec="0" bev="0" fileid="1" />
                <SequencePoint vc="1" uspid="25" ordinal="1" offset="1" sl="60" sc="13" el="60" ec="66" bec="0" bev="0" fileid="1" />
                <SequencePoint vc="1" uspid="26" ordinal="2" offset="7" sl="61" sc="13" el="68" ec="15" bec="0" bev="0" fileid="1" />
                <SequencePoint vc="1" uspid="27" ordinal="3" offset="113" sl="69" sc="13" el="69" ec="90" bec="0" bev="0" fileid="1" />
                <SequencePoint vc="1" uspid="28" ordinal="4" offset="137" sl="70" sc="13" el="70" ec="161" bec="0" bev="0" fileid="1" />
                <SequencePoint vc="1" uspid="29" ordinal="5" offset="211" sl="71" sc="9" el="71" ec="10" bec="0" bev="0" fileid="1" />
              </SequencePoints>
              <BranchPoints />
              <MethodPoint xsi:type="SequencePoint" vc="1" uspid="24" ordinal="0" offset="0" sl="59" sc="9" el="59" ec="10" bec="0" bev="0" fileid="1" />
            </Method>
            <Method visited="true" cyclomaticComplexity="1" sequenceCoverage="100" branchCoverage="100" isConstructor="false" isStatic="false" isGetter="false" isSetter="false">
              <Summary numSequencePoints="6" visitedSequencePoints="6" numBranchPoints="1" visitedBranchPoints="1" sequenceCoverage="100" branchCoverage="100" maxCyclomaticComplexity="1" minCyclomaticComplexity="1" visitedClasses="0" numClasses="0" visitedMethods="1" numMethods="1" />
              <MetadataToken>100663303</MetadataToken>
              <Name>System.Void TaskManager.DataAccess.Tests.TaskControllerUnitTest::PostUpdateTaskTestMethod()</Name>
              <FileRef uid="1" />
              <SequencePoints>
                <SequencePoint vc="1" uspid="30" ordinal="0" offset="0" sl="75" sc="9" el="75" ec="10" bec="0" bev="0" fileid="1" />
                <SequencePoint vc="1" uspid="31" ordinal="1" offset="1" sl="76" sc="13" el="76" ec="66" bec="0" bev="0" fileid="1" />
                <SequencePoint vc="1" uspid="32" ordinal="2" offset="7" sl="77" sc="13" el="84" ec="15" bec="0" bev="0" fileid="1" />
                <SequencePoint vc="1" uspid="33" ordinal="3" offset="94" sl="85" sc="13" el="85" ec="90" bec="0" bev="0" fileid="1" />
                <SequencePoint vc="1" uspid="34" ordinal="4" offset="118" sl="86" sc="13" el="86" ec="161" bec="0" bev="0" fileid="1" />
                <SequencePoint vc="1" uspid="35" ordinal="5" offset="190" sl="87" sc="9" el="87" ec="10" bec="0" bev="0" fileid="1" />
              </SequencePoints>
              <BranchPoints />
              <MethodPoint xsi:type="SequencePoint" vc="1" uspid="30" ordinal="0" offset="0" sl="75" sc="9" el="75" ec="10" bec="0" bev="0" fileid="1" />
            </Method>
            <Method visited="true" cyclomaticComplexity="1" sequenceCoverage="100" branchCoverage="100" isConstructor="false" isStatic="false" isGetter="false" isSetter="false">
              <Summary numSequencePoints="6" visitedSequencePoints="6" numBranchPoints="1" visitedBranchPoints="1" sequenceCoverage="100" branchCoverage="100" maxCyclomaticComplexity="1" minCyclomaticComplexity="1" visitedClasses="0" numClasses="0" visitedMethods="1" numMethods="1" />
              <MetadataToken>100663304</MetadataToken>
              <Name>System.Void TaskManager.DataAccess.Tests.TaskControllerUnitTest::PutEndTaskTestMethod()</Name>
              <FileRef uid="1" />
              <SequencePoints>
                <SequencePoint vc="1" uspid="36" ordinal="0" offset="0" sl="91" sc="9" el="91" ec="10" bec="0" bev="0" fileid="1" />
                <SequencePoint vc="1" uspid="37" ordinal="1" offset="1" sl="92" sc="13" el="92" ec="66" bec="0" bev="0" fileid="1" />
                <SequencePoint vc="1" uspid="38" ordinal="2" offset="7" sl="93" sc="13" el="97" ec="15" bec="0" bev="0" fileid="1" />
                <SequencePoint vc="1" uspid="39" ordinal="3" offset="45" sl="98" sc="13" el="98" ec="89" bec="0" bev="0" fileid="1" />
                <SequencePoint vc="1" uspid="40" ordinal="4" offset="69" sl="99" sc="13" el="99" ec="160" bec="0" bev="0" fileid="1" />
                <SequencePoint vc="1" uspid="41" ordinal="5" offset="141" sl="100" sc="9" el="100" ec="10" bec="0" bev="0" fileid="1" />
              </SequencePoints>
              <BranchPoints />
              <MethodPoint xsi:type="SequencePoint" vc="1" uspid="36" ordinal="0" offset="0" sl="91" sc="9" el="91" ec="10" bec="0" bev="0" fileid="1" />
            </Method>
            <Method visited="true" cyclomaticComplexity="1" sequenceCoverage="0" branchCoverage="0" isConstructor="true" isStatic="false" isGetter="false" isSetter="false">
              <Summary numSequencePoints="0" visitedSequencePoints="0" numBranchPoints="0" visitedBranchPoints="0" sequenceCoverage="0" branchCoverage="0" maxCyclomaticComplexity="1" minCyclomaticComplexity="1" visitedClasses="0" numClasses="0" visitedMethods="0" numMethods="0" />
              <MetadataToken>100663305</MetadataToken>
              <Name>System.Void TaskManager.DataAccess.Tests.TaskControllerUnitTest::.ctor()</Name>
              <SequencePoints />
              <BranchPoints />
              <MethodPoint vc="1" uspid="42" ordinal="0" offset="0" />
            </Method>
          </Methods>
        </Class>
        <Class>
          <Summary numSequencePoints="4" visitedSequencePoints="4" numBranchPoints="1" visitedBranchPoints="1" sequenceCoverage="100" branchCoverage="100" maxCyclomaticComplexity="1" minCyclomaticComplexity="1" visitedClasses="1" numClasses="1" visitedMethods="1" numMethods="1" />
          <FullName>TaskManager.DataAccess.Tests.DataAccess.DataAccessManagerTest</FullName>
          <Methods>
            <Method visited="true" cyclomaticComplexity="1" sequenceCoverage="100" branchCoverage="100" isConstructor="false" isStatic="false" isGetter="false" isSetter="false">
              <Summary numSequencePoints="4" visitedSequencePoints="4" numBranchPoints="1" visitedBranchPoints="1" sequenceCoverage="100" branchCoverage="100" maxCyclomaticComplexity="1" minCyclomaticComplexity="1" visitedClasses="0" numClasses="0" visitedMethods="1" numMethods="1" />
              <MetadataToken>100663306</MetadataToken>
              <Name>System.Void TaskManager.DataAccess.Tests.DataAccess.DataAccessManagerTest::AddTaskTestMethod()</Name>
              <FileRef uid="2" />
              <SequencePoints>
                <SequencePoint vc="1" uspid="43" ordinal="0" offset="0" sl="14" sc="9" el="14" ec="10" bec="0" bev="0" fileid="2" />
                <SequencePoint vc="1" uspid="44" ordinal="1" offset="1" sl="15" sc="13" el="22" ec="15" bec="0" bev="0" fileid="2" />
                <SequencePoint vc="1" uspid="45" ordinal="2" offset="82" sl="23" sc="13" el="23" ec="61" bec="0" bev="0" fileid="2" />
                <SequencePoint vc="1" uspid="46" ordinal="3" offset="99" sl="24" sc="9" el="24" ec="10" bec="0" bev="0" fileid="2" />
              </SequencePoints>
              <BranchPoints />
              <MethodPoint xsi:type="SequencePoint" vc="1" uspid="43" ordinal="0" offset="0" sl="14" sc="9" el="14" ec="10" bec="0" bev="0" fileid="2" />
            </Method>
            <Method visited="true" cyclomaticComplexity="1" sequenceCoverage="0" branchCoverage="0" isConstructor="true" isStatic="false" isGetter="false" isSetter="false">
              <Summary numSequencePoints="0" visitedSequencePoints="0" numBranchPoints="0" visitedBranchPoints="0" sequenceCoverage="0" branchCoverage="0" maxCyclomaticComplexity="1" minCyclomaticComplexity="1" visitedClasses="0" numClasses="0" visitedMethods="0" numMethods="0" />
              <MetadataToken>100663307</MetadataToken>
              <Name>System.Void TaskManager.DataAccess.Tests.DataAccess.DataAccessManagerTest::.ctor()</Name>
              <SequencePoints />
              <BranchPoints />
              <MethodPoint vc="1" uspid="47" ordinal="0" offset="0" />
            </Method>
          </Methods>
        </Class>
      </Classes>
    </Module>
    <Module skippedDueTo="Filter" hash="F7-E9-75-D6-35-98-70-4A-0F-45-76-1B-B3-83-70-38-5E-DF-02-47">
      <FullName>C:\Windows\Microsoft.Net\assembly\GAC_MSIL\System.Xml\v4.0_4.0.0.0__b77a5c561934e089\System.Xml.dll</FullName>
      <ModuleName>System.Xml</ModuleName>
      <Classes />
    </Module>
    <Module hash="69-F9-C7-44-26-A4-A4-BE-3C-32-4D-43-54-06-09-19-21-D9-66-C2">
      <Summary numSequencePoints="123" visitedSequencePoints="104" numBranchPoints="68" visitedBranchPoints="50" sequenceCoverage="84.55" branchCoverage="73.53" maxCyclomaticComplexity="15" minCyclomaticComplexity="1" visitedClasses="4" numClasses="4" visitedMethods="32" numMethods="32" />
      <FullName>C:\Users\Administrator\Source\Repos\FSE_Cap_TaskMGRAPI\UnitTest\TaskManager.DataAccess.Tests\bin\Debug\TaskManager.DataAccess.dll</FullName>
      <ModuleName>TaskManager.DataAccess</ModuleName>
      <Files>
        <File uid="5" fullPath="C:\Users\Administrator\Source\Repos\FSE_Cap_TaskMGRAPI\TaskManager.DataAccess\DataAccessManager.cs" />
        <File uid="6" fullPath="C:\Users\Administrator\Source\Repos\FSE_Cap_TaskMGRAPI\TaskManager.DataAccess\ParentTask.cs" />
        <File uid="7" fullPath="C:\Users\Administrator\Source\Repos\FSE_Cap_TaskMGRAPI\TaskManager.DataAccess\Task.cs" />
        <File uid="8" fullPath="C:\Users\Administrator\Source\Repos\FSE_Cap_TaskMGRAPI\TaskManager.DataAccess\TaskManagerModel.Context.cs" />
      </Files>
      <Classes>
        <Class>
          <Summary numSequencePoints="0" visitedSequencePoints="0" numBranchPoints="0" visitedBranchPoints="0" sequenceCoverage="0" branchCoverage="0" maxCyclomaticComplexity="0" minCyclomaticComplexity="0" visitedClasses="0" numClasses="0" visitedMethods="0" numMethods="0" />
          <FullName>&lt;Module&gt;</FullName>
          <Methods />
        </Class>
        <Class>
          <Summary numSequencePoints="92" visitedSequencePoints="73" numBranchPoints="42" visitedBranchPoints="24" sequenceCoverage="79.35" branchCoverage="57.14" maxCyclomaticComplexity="15" minCyclomaticComplexity="1" visitedClasses="1" numClasses="1" visitedMethods="6" numMethods="6" />
          <FullName>TaskManager.DataAccess.DataAccessManager</FullName>
          <Methods>
            <Method visited="true" cyclomaticComplexity="2" sequenceCoverage="100" branchCoverage="100" isConstructor="false" isStatic="true" isGetter="false" isSetter="false">
              <Summary numSequencePoints="8" visitedSequencePoints="8" numBranchPoints="1" visitedBranchPoints="1" sequenceCoverage="100" branchCoverage="100" maxCyclomaticComplexity="2" minCyclomaticComplexity="2" visitedClasses="0" numClasses="0" visitedMethods="1" numMethods="1" />
              <MetadataToken>100663297</MetadataToken>
              <Name>System.Collections.Generic.List`1&lt;TaskManager.DataAccess.ParentTask&gt; TaskManager.DataAccess.DataAccessManager::GetParentTasks()</Name>
              <FileRef uid="5" />
              <SequencePoints>
                <SequencePoint vc="2" uspid="48" ordinal="0" offset="0" sl="19" sc="9" el="19" ec="10" bec="0" bev="0" fileid="5" />
                <SequencePoint vc="2" uspid="49" ordinal="1" offset="1" sl="20" sc="13" el="20" ec="49" bec="0" bev="0" fileid="5" />
                <SequencePoint vc="2" uspid="50" ordinal="2" offset="3" sl="21" sc="20" el="21" ec="62" bec="0" bev="0" fileid="5" />
                <SequencePoint vc="2" uspid="51" ordinal="3" offset="9" sl="22" sc="13" el="22" ec="14" bec="0" bev="0" fileid="5" />
                <SequencePoint vc="2" uspid="52" ordinal="4" offset="10" sl="23" sc="17" el="23" ec="63" bec="0" bev="0" fileid="5" />
                <SequencePoint vc="2" uspid="53" ordinal="5" offset="22" sl="24" sc="13" el="24" ec="14" bec="0" bev="0" fileid="5" />
                <SequencePoint vc="2" uspid="54" ordinal="6" offset="36" sl="25" sc="13" el="25" ec="32" bec="0" bev="0" fileid="5" />
                <SequencePoint vc="2" uspid="55" ordinal="7" offset="40" sl="26" sc="9" el="26" ec="10" bec="0" bev="0" fileid="5" />
              </SequencePoints>
              <BranchPoints />
              <MethodPoint xsi:type="SequencePoint" vc="2" uspid="48" ordinal="0" offset="0" sl="19" sc="9" el="19" ec="10" bec="0" bev="0" fileid="5" />
            </Method>
            <Method visited="true" cyclomaticComplexity="2" sequenceCoverage="100" branchCoverage="100" isConstructor="false" isStatic="true" isGetter="false" isSetter="false">
              <Summary numSequencePoints="8" visitedSequencePoints="8" numBranchPoints="1" visitedBranchPoints="1" sequenceCoverage="100" branchCoverage="100" maxCyclomaticComplexity="2" minCyclomaticComplexity="2" visitedClasses="0" numClasses="0" visitedMethods="1" numMethods="1" />
              <MetadataToken>100663298</MetadataToken>
              <Name>System.Collections.Generic.List`1&lt;TaskManager.DataAccess.Task&gt; TaskManager.DataAccess.DataAccessManager::GetTasks()</Name>
              <FileRef uid="5" />
              <SequencePoints>
                <SequencePoint vc="2" uspid="56" ordinal="0" offset="0" sl="33" sc="9" el="33" ec="10" bec="0" bev="0" fileid="5" />
                <SequencePoint vc="2" uspid="57" ordinal="1" offset="1" sl="34" sc="13" el="34" ec="43" bec="0" bev="0" fileid="5" />
                <SequencePoint vc="2" uspid="58" ordinal="2" offset="3" sl="35" sc="20" el="35" ec="62" bec="0" bev="0" fileid="5" />
                <SequencePoint vc="2" uspid="59" ordinal="3" offset="9" sl="36" sc="13" el="36" ec="14" bec="0" bev="0" fileid="5" />
                <SequencePoint vc="2" uspid="60" ordinal="4" offset="10" sl="37" sc="17" el="37" ec="57" bec="0" bev="0" fileid="5" />
                <SequencePoint vc="2" uspid="61" ordinal="5" offset="22" sl="38" sc="13" el="38" ec="14" bec="0" bev="0" fileid="5" />
                <SequencePoint vc="2" uspid="62" ordinal="6" offset="36" sl="39" sc="13" el="39" ec="32" bec="0" bev="0" fileid="5" />
                <SequencePoint vc="2" uspid="63" ordinal="7" offset="40" sl="40" sc="9" el="40" ec="10" bec="0" bev="0" fileid="5" />
              </SequencePoints>
              <BranchPoints />
              <MethodPoint xsi:type="SequencePoint" vc="2" uspid="56" ordinal="0" offset="0" sl="33" sc="9" el="33" ec="10" bec="0" bev="0" fileid="5" />
            </Method>
            <Method visited="true" cyclomaticComplexity="2" sequenceCoverage="100" branchCoverage="100" isConstructor="false" isStatic="true" isGetter="false" isSetter="false">
              <Summary numSequencePoints="8" visitedSequencePoints="8" numBranchPoints="1" visitedBranchPoints="1" sequenceCoverage="100" branchCoverage="100" maxCyclomaticComplexity="2" minCyclomaticComplexity="2" visitedClasses="0" numClasses="0" visitedMethods="1" numMethods="1" />
              <MetadataToken>100663299</MetadataToken>
              <Name>TaskManager.DataAccess.Task TaskManager.DataAccess.DataAccessManager::GetTask(System.Guid)</Name>
              <FileRef uid="5" />
              <SequencePoints>
                <SequencePoint vc="2" uspid="64" ordinal="0" offset="13" sl="47" sc="9" el="47" ec="10" bec="0" bev="0" fileid="5" />
                <SequencePoint vc="2" uspid="65" ordinal="1" offset="14" sl="48" sc="13" el="48" ec="30" bec="0" bev="0" fileid="5" />
                <SequencePoint vc="2" uspid="66" ordinal="2" offset="16" sl="49" sc="20" el="49" ec="62" bec="0" bev="0" fileid="5" />
                <SequencePoint vc="2" uspid="67" ordinal="3" offset="22" sl="50" sc="13" el="50" ec="14" bec="0" bev="0" fileid="5" />
                <SequencePoint vc="2" uspid="68" ordinal="4" offset="23" sl="51" sc="17" el="51" ec="83" bec="0" bev="0" fileid="5" />
                <SequencePoint vc="2" uspid="69" ordinal="5" offset="144" sl="52" sc="13" el="52" ec="14" bec="0" bev="0" fileid="5" />
                <SequencePoint vc="2" uspid="70" ordinal="6" offset="158" sl="53" sc="13" el="53" ec="25" bec="0" bev="0" fileid="5" />
                <SequencePoint vc="2" uspid="71" ordinal="7" offset="163" sl="54" sc="9" el="54" ec="10" bec="0" bev="0" fileid="5" />
              </SequencePoints>
              <BranchPoints />
              <MethodPoint vc="2" uspid="72" ordinal="0" offset="0" />
            </Method>
            <Method visited="true" cyclomaticComplexity="10" sequenceCoverage="86.36" branchCoverage="76.92" isConstructor="false" isStatic="true" isGetter="false" isSetter="false">
              <Summary numSequencePoints="22" visitedSequencePoints="19" numBranchPoints="13" visitedBranchPoints="10" sequenceCoverage="86.36" branchCoverage="76.92" maxCyclomaticComplexity="10" minCyclomaticComplexity="10" visitedClasses="0" numClasses="0" visitedMethods="1" numMethods="1" />
              <MetadataToken>100663300</MetadataToken>
              <Name>System.Boolean TaskManager.DataAccess.DataAccessManager::AddTask(TaskManager.DataAccess.Task)</Name>
              <FileRef uid="5" />
              <SequencePoints>
                <SequencePoint vc="5" uspid="73" ordinal="0" offset="13" sl="66" sc="9" el="66" ec="10" bec="0" bev="0" fileid="5" />
                <SequencePoint vc="5" uspid="74" ordinal="1" offset="14" sl="67" sc="13" el="67" ec="39" bec="0" bev="0" fileid="5" />
                <SequencePoint vc="5" uspid="75" ordinal="2" offset="16" sl="68" sc="20" el="68" ec="62" bec="0" bev="0" fileid="5" />
                <SequencePoint vc="5" uspid="76" ordinal="3" offset="22" sl="69" sc="13" el="69" ec="14" bec="0" bev="0" fileid="5" />
                <SequencePoint vc="5" uspid="77" ordinal="4" offset="23" sl="71" sc="17" el="73" ec="40" bec="0" bev="0" fileid="5" />
                <SequencePoint vc="5" uspid="78" ordinal="5" offset="172" sl="75" sc="17" el="75" ec="42" bec="2" bev="2" fileid="5" />
                <SequencePoint vc="4" uspid="79" ordinal="6" offset="185" sl="76" sc="17" el="76" ec="18" bec="0" bev="0" fileid="5" />
                <SequencePoint vc="4" uspid="80" ordinal="7" offset="186" sl="78" sc="21" el="78" ec="87" bec="8" bev="6" fileid="5" />
                <SequencePoint vc="2" uspid="81" ordinal="8" offset="278" sl="79" sc="21" el="79" ec="22" bec="0" bev="0" fileid="5" />
                <SequencePoint vc="2" uspid="82" ordinal="9" offset="279" sl="80" sc="25" el="82" ec="44" bec="0" bev="0" fileid="5" />
                <SequencePoint vc="2" uspid="83" ordinal="10" offset="444" sl="83" sc="25" el="83" ec="52" bec="2" bev="1" fileid="5" />
                <SequencePoint vc="0" uspid="84" ordinal="11" offset="458" sl="84" sc="25" el="84" ec="26" bec="0" bev="0" fileid="5" />
                <SequencePoint vc="0" uspid="85" ordinal="12" offset="459" sl="85" sc="29" el="89" ec="32" bec="0" bev="0" fileid="5" />
                <SequencePoint vc="0" uspid="86" ordinal="13" offset="679" sl="90" sc="25" el="90" ec="26" bec="0" bev="0" fileid="5" />
                <SequencePoint vc="2" uspid="87" ordinal="14" offset="680" sl="91" sc="21" el="91" ec="22" bec="0" bev="0" fileid="5" />
                <SequencePoint vc="4" uspid="88" ordinal="15" offset="681" sl="93" sc="21" el="93" ec="48" bec="0" bev="0" fileid="5" />
                <SequencePoint vc="4" uspid="89" ordinal="16" offset="699" sl="95" sc="21" el="95" ec="46" bec="0" bev="0" fileid="5" />
                <SequencePoint vc="4" uspid="90" ordinal="17" offset="706" sl="96" sc="21" el="96" ec="41" bec="0" bev="0" fileid="5" />
                <SequencePoint vc="4" uspid="91" ordinal="18" offset="708" sl="97" sc="17" el="97" ec="18" bec="0" bev="0" fileid="5" />
                <SequencePoint vc="5" uspid="92" ordinal="19" offset="709" sl="98" sc="13" el="98" ec="14" bec="0" bev="0" fileid="5" />
                <SequencePoint vc="5" uspid="93" ordinal="20" offset="723" sl="99" sc="13" el="99" ec="33" bec="0" bev="0" fileid="5" />
                <SequencePoint vc="5" uspid="94" ordinal="21" offset="728" sl="100" sc="9" el="100" ec="10" bec="0" bev="0" fileid="5" />
              </SequencePoints>
              <BranchPoints>
                <BranchPoint vc="4" uspid="95" ordinal="0" offset="180" sl="75" path="0" offsetend="185" fileid="5" />
                <BranchPoint vc="1" uspid="96" ordinal="1" offset="180" sl="75" path="1" offsetend="709" fileid="5" />
                <BranchPoint vc="2" uspid="97" ordinal="2" offset="206" sl="78" path="0" offsetend="208" fileid="5" />
                <BranchPoint vc="2" uspid="98" ordinal="3" offset="206" sl="78" path="1" offsetend="268" fileid="5" />
                <BranchPoint vc="0" uspid="99" ordinal="4" offset="235" sl="78" path="0" offsetend="237" fileid="5" />
                <BranchPoint vc="2" uspid="100" ordinal="5" offset="235" sl="78" path="1" offsetend="240" fileid="5" />
                <BranchPoint vc="0" uspid="101" ordinal="6" offset="247" sl="78" path="0" offsetend="249" fileid="5" />
                <BranchPoint vc="2" uspid="102" ordinal="7" offset="247" sl="78" path="1" offsetend="252" fileid="5" />
                <BranchPoint vc="2" uspid="103" ordinal="8" offset="273" sl="78" path="0" offsetend="278" fileid="5" />
                <BranchPoint vc="2" uspid="104" ordinal="9" offset="273" sl="78" path="1" offsetend="681" fileid="5" />
                <BranchPoint vc="0" uspid="105" ordinal="10" offset="453" sl="83" path="0" offsetend="458" fileid="5" />
                <BranchPoint vc="2" uspid="106" ordinal="11" offset="453" sl="83" path="1" offsetend="680" fileid="5" />
              </BranchPoints>
              <MethodPoint vc="5" uspid="107" ordinal="0" offset="0" />
            </Method>
            <Method visited="true" cyclomaticComplexity="15" sequenceCoverage="65.62" branchCoverage="39.13" isConstructor="false" isStatic="true" isGetter="false" isSetter="false">
              <Summary numSequencePoints="32" visitedSequencePoints="21" numBranchPoints="23" visitedBranchPoints="9" sequenceCoverage="65.62" branchCoverage="39.13" maxCyclomaticComplexity="15" minCyclomaticComplexity="15" visitedClasses="0" numClasses="0" visitedMethods="1" numMethods="1" />
              <MetadataToken>100663301</MetadataToken>
              <Name>System.Boolean TaskManager.DataAccess.DataAccessManager::UpdateTask(TaskManager.DataAccess.Task)</Name>
              <FileRef uid="5" />
              <SequencePoints>
                <SequencePoint vc="2" uspid="108" ordinal="0" offset="13" sl="111" sc="9" el="111" ec="10" bec="0" bev="0" fileid="5" />
                <SequencePoint vc="2" uspid="109" ordinal="1" offset="14" sl="112" sc="13" el="112" ec="42" bec="0" bev="0" fileid="5" />
                <SequencePoint vc="2" uspid="110" ordinal="2" offset="16" sl="113" sc="20" el="113" ec="62" bec="0" bev="0" fileid="5" />
                <SequencePoint vc="2" uspid="111" ordinal="3" offset="22" sl="114" sc="13" el="114" ec="14" bec="0" bev="0" fileid="5" />
                <SequencePoint vc="2" uspid="112" ordinal="4" offset="23" sl="116" sc="17" el="118" ec="40" bec="0" bev="0" fileid="5" />
                <SequencePoint vc="2" uspid="113" ordinal="5" offset="172" sl="120" sc="17" el="120" ec="42" bec="2" bev="1" fileid="5" />
                <SequencePoint vc="2" uspid="114" ordinal="6" offset="185" sl="121" sc="17" el="121" ec="18" bec="0" bev="0" fileid="5" />
                <SequencePoint vc="2" uspid="115" ordinal="7" offset="186" sl="123" sc="21" el="123" ec="87" bec="8" bev="2" fileid="5" />
                <SequencePoint vc="0" uspid="116" ordinal="8" offset="278" sl="124" sc="21" el="124" ec="22" bec="0" bev="0" fileid="5" />
                <SequencePoint vc="0" uspid="117" ordinal="9" offset="279" sl="126" sc="25" el="128" ec="44" bec="0" bev="0" fileid="5" />
                <SequencePoint vc="0" uspid="118" ordinal="10" offset="444" sl="129" sc="25" el="129" ec="52" bec="2" bev="0" fileid="5" />
                <SequencePoint vc="0" uspid="119" ordinal="11" offset="455" sl="130" sc="25" el="130" ec="26" bec="0" bev="0" fileid="5" />
                <SequencePoint vc="0" uspid="120" ordinal="12" offset="456" sl="131" sc="29" el="135" ec="32" bec="0" bev="0" fileid="5" />
                <SequencePoint vc="0" uspid="121" ordinal="13" offset="518" sl="136" sc="25" el="136" ec="26" bec="0" bev="0" fileid="5" />
                <SequencePoint vc="0" uspid="122" ordinal="14" offset="519" sl="137" sc="21" el="137" ec="22" bec="0" bev="0" fileid="5" />
                <SequencePoint vc="2" uspid="123" ordinal="15" offset="520" sl="140" sc="21" el="140" ec="86" bec="2" bev="1" fileid="5" />
                <SequencePoint vc="2" uspid="124" ordinal="16" offset="562" sl="141" sc="25" el="141" ec="61" bec="0" bev="0" fileid="5" />
                <SequencePoint vc="2" uspid="125" ordinal="17" offset="580" sl="143" sc="21" el="143" ec="58" bec="2" bev="1" fileid="5" />
                <SequencePoint vc="0" uspid="126" ordinal="18" offset="602" sl="144" sc="25" el="144" ec="57" bec="0" bev="0" fileid="5" />
                <SequencePoint vc="2" uspid="127" ordinal="19" offset="620" sl="146" sc="21" el="146" ec="44" bec="2" bev="1" fileid="5" />
                <SequencePoint vc="0" uspid="128" ordinal="20" offset="643" sl="147" sc="25" el="147" ec="63" bec="0" bev="0" fileid="5" />
                <SequencePoint vc="2" uspid="129" ordinal="21" offset="661" sl="149" sc="21" el="149" ec="99" bec="2" bev="1" fileid="5" />
                <SequencePoint vc="0" uspid="130" ordinal="22" offset="703" sl="150" sc="25" el="150" ec="67" bec="0" bev="0" fileid="5" />
                <SequencePoint vc="2" uspid="131" ordinal="23" offset="721" sl="152" sc="21" el="152" ec="50" bec="2" bev="1" fileid="5" />
                <SequencePoint vc="0" uspid="132" ordinal="24" offset="743" sl="153" sc="25" el="153" ec="63" bec="0" bev="0" fileid="5" />
                <SequencePoint vc="2" uspid="133" ordinal="25" offset="761" sl="155" sc="21" el="155" ec="82" bec="0" bev="0" fileid="5" />
                <SequencePoint vc="2" uspid="134" ordinal="26" offset="785" sl="156" sc="17" el="156" ec="18" bec="0" bev="0" fileid="5" />
                <SequencePoint vc="2" uspid="135" ordinal="27" offset="786" sl="157" sc="17" el="157" ec="42" bec="0" bev="0" fileid="5" />
                <SequencePoint vc="2" uspid="136" ordinal="28" offset="793" sl="158" sc="17" el="158" ec="40" bec="0" bev="0" fileid="5" />
                <SequencePoint vc="2" uspid="137" ordinal="29" offset="795" sl="159" sc="13" el="159" ec="14" bec="0" bev="0" fileid="5" />
                <SequencePoint vc="2" uspid="138" ordinal="30" offset="809" sl="160" sc="13" el="160" ec="36" bec="0" bev="0" fileid="5" />
                <SequencePoint vc="2" uspid="139" ordinal="31" offset="814" sl="161" sc="9" el="161" ec="10" bec="0" bev="0" fileid="5" />
              </SequencePoints>
              <BranchPoints>
                <BranchPoint vc="2" uspid="140" ordinal="0" offset="180" sl="120" path="0" offsetend="185" fileid="5" />
                <BranchPoint vc="0" uspid="141" ordinal="1" offset="180" sl="120" path="1" offsetend="786" fileid="5" />
                <BranchPoint vc="0" uspid="142" ordinal="2" offset="206" sl="123" path="0" offsetend="208" fileid="5" />
                <BranchPoint vc="2" uspid="143" ordinal="3" offset="206" sl="123" path="1" offsetend="268" fileid="5" />
                <BranchPoint vc="0" uspid="144" ordinal="4" offset="235" sl="123" path="0" offsetend="237" fileid="5" />
                <BranchPoint vc="0" uspid="145" ordinal="5" offset="235" sl="123" path="1" offsetend="240" fileid="5" />
                <BranchPoint vc="0" uspid="146" ordinal="6" offset="247" sl="123" path="0" offsetend="249" fileid="5" />
                <BranchPoint vc="0" uspid="147" ordinal="7" offset="247" sl="123" path="1" offsetend="252" fileid="5" />
                <BranchPoint vc="0" uspid="148" ordinal="8" offset="273" sl="123" path="0" offsetend="278" fileid="5" />
                <BranchPoint vc="2" uspid="149" ordinal="9" offset="273" sl="123" path="1" offsetend="520" fileid="5" />
                <BranchPoint vc="0" uspid="150" ordinal="10" offset="453" sl="129" path="0" offsetend="455" fileid="5" />
                <BranchPoint vc="0" uspid="151" ordinal="11" offset="453" sl="129" path="1" offsetend="519" fileid="5" />
                <BranchPoint vc="2" uspid="152" ordinal="12" offset="560" sl="140" path="0" offsetend="562" fileid="5" />
                <BranchPoint vc="0" uspid="153" ordinal="13" offset="560" sl="140" path="1" offsetend="580" fileid="5" />
                <BranchPoint vc="0" uspid="154" ordinal="14" offset="600" sl="143" path="0" offsetend="602" fileid="5" />
                <BranchPoint vc="2" uspid="155" ordinal="15" offset="600" sl="143" path="1" offsetend="620" fileid="5" />
                <BranchPoint vc="0" uspid="156" ordinal="16" offset="641" sl="146" path="0" offsetend="643" fileid="5" />
                <BranchPoint vc="2" uspid="157" ordinal="17" offset="641" sl="146" path="1" offsetend="661" fileid="5" />
                <BranchPoint vc="0" uspid="158" ordinal="18" offset="701" sl="149" path="0" offsetend="703" fileid="5" />
                <BranchPoint vc="2" uspid="159" ordinal="19" offset="701" sl="149" path="1" offsetend="721" fileid="5" />
                <BranchPoint vc="0" uspid="160" ordinal="20" offset="741" sl="152" path="0" offsetend="743" fileid="5" />
                <BranchPoint vc="2" uspid="161" ordinal="21" offset="741" sl="152" path="1" offsetend="761" fileid="5" />
              </BranchPoints>
              <MethodPoint vc="2" uspid="162" ordinal="0" offset="0" />
            </Method>
            <Method visited="true" cyclomaticComplexity="3" sequenceCoverage="64.29" branchCoverage="66.67" isConstructor="false" isStatic="true" isGetter="false" isSetter="false">
              <Summary numSequencePoints="14" visitedSequencePoints="9" numBranchPoints="3" visitedBranchPoints="2" sequenceCoverage="64.29" branchCoverage="66.67" maxCyclomaticComplexity="3" minCyclomaticComplexity="3" visitedClasses="0" numClasses="0" visitedMethods="1" numMethods="1" />
              <MetadataToken>100663302</MetadataToken>
              <Name>System.Boolean TaskManager.DataAccess.DataAccessManager::UpdateEndTask(TaskManager.DataAccess.Task)</Name>
              <FileRef uid="5" />
              <SequencePoints>
                <SequencePoint vc="2" uspid="163" ordinal="0" offset="13" sl="172" sc="9" el="172" ec="10" bec="0" bev="0" fileid="5" />
                <SequencePoint vc="2" uspid="164" ordinal="1" offset="14" sl="173" sc="13" el="173" ec="42" bec="0" bev="0" fileid="5" />
                <SequencePoint vc="2" uspid="165" ordinal="2" offset="16" sl="174" sc="20" el="174" ec="62" bec="0" bev="0" fileid="5" />
                <SequencePoint vc="2" uspid="166" ordinal="3" offset="22" sl="175" sc="13" el="175" ec="14" bec="0" bev="0" fileid="5" />
                <SequencePoint vc="2" uspid="167" ordinal="4" offset="23" sl="177" sc="17" el="179" ec="40" bec="0" bev="0" fileid="5" />
                <SequencePoint vc="2" uspid="168" ordinal="5" offset="172" sl="181" sc="17" el="181" ec="42" bec="2" bev="1" fileid="5" />
                <SequencePoint vc="0" uspid="169" ordinal="6" offset="182" sl="182" sc="17" el="182" ec="18" bec="0" bev="0" fileid="5" />
                <SequencePoint vc="0" uspid="170" ordinal="7" offset="183" sl="184" sc="21" el="184" ec="70" bec="0" bev="0" fileid="5" />
                <SequencePoint vc="0" uspid="171" ordinal="8" offset="213" sl="185" sc="21" el="185" ec="46" bec="0" bev="0" fileid="5" />
                <SequencePoint vc="0" uspid="172" ordinal="9" offset="220" sl="186" sc="21" el="186" ec="44" bec="0" bev="0" fileid="5" />
                <SequencePoint vc="0" uspid="173" ordinal="10" offset="222" sl="187" sc="17" el="187" ec="18" bec="0" bev="0" fileid="5" />
                <SequencePoint vc="2" uspid="174" ordinal="11" offset="223" sl="189" sc="13" el="189" ec="14" bec="0" bev="0" fileid="5" />
                <SequencePoint vc="2" uspid="175" ordinal="12" offset="237" sl="190" sc="13" el="190" ec="36" bec="0" bev="0" fileid="5" />
                <SequencePoint vc="2" uspid="176" ordinal="13" offset="242" sl="191" sc="9" el="191" ec="10" bec="0" bev="0" fileid="5" />
              </SequencePoints>
              <BranchPoints>
                <BranchPoint vc="0" uspid="177" ordinal="0" offset="180" sl="181" path="0" offsetend="182" fileid="5" />
                <BranchPoint vc="2" uspid="178" ordinal="1" offset="180" sl="181" path="1" offsetend="223" fileid="5" />
              </BranchPoints>
              <MethodPoint vc="2" uspid="179" ordinal="0" offset="0" />
            </Method>
            <Method visited="false" cyclomaticComplexity="1" sequenceCoverage="0" branchCoverage="0" isConstructor="true" isStatic="false" isGetter="false" isSetter="false">
              <Summary numSequencePoints="0" visitedSequencePoints="0" numBranchPoints="0" visitedBranchPoints="0" sequenceCoverage="0" branchCoverage="0" maxCyclomaticComplexity="1" minCyclomaticComplexity="1" visitedClasses="0" numClasses="0" visitedMethods="0" numMethods="0" />
              <MetadataToken>100663303</MetadataToken>
              <Name>System.Void TaskManager.DataAccess.DataAccessManager::.ctor()</Name>
              <SequencePoints />
              <BranchPoints />
              <MethodPoint vc="0" uspid="180" ordinal="0" offset="0" />
            </Method>
          </Methods>
        </Class>
        <Class>
          <Summary numSequencePoints="0" visitedSequencePoints="0" numBranchPoints="0" visitedBranchPoints="0" sequenceCoverage="0" branchCoverage="0" maxCyclomaticComplexity="1" minCyclomaticComplexity="1" visitedClasses="0" numClasses="0" visitedMethods="0" numMethods="0" />
          <FullName>TaskManager.DataAccess.DataAccessManager/&lt;&gt;c__DisplayClass2_0</FullName>
          <Methods>
            <Method visited="true" cyclomaticComplexity="1" sequenceCoverage="0" branchCoverage="0" isConstructor="true" isStatic="false" isGetter="false" isSetter="false">
              <Summary numSequencePoints="0" visitedSequencePoints="0" numBranchPoints="0" visitedBranchPoints="0" sequenceCoverage="0" branchCoverage="0" maxCyclomaticComplexity="1" minCyclomaticComplexity="1" visitedClasses="0" numClasses="0" visitedMethods="0" numMethods="0" />
              <MetadataToken>100663331</MetadataToken>
              <Name>System.Void TaskManager.DataAccess.DataAccessManager/&lt;&gt;c__DisplayClass2_0::.ctor()</Name>
              <SequencePoints />
              <BranchPoints />
              <MethodPoint vc="2" uspid="181" ordinal="0" offset="0" />
            </Method>
          </Methods>
        </Class>
        <Class>
          <Summary numSequencePoints="0" visitedSequencePoints="0" numBranchPoints="0" visitedBranchPoints="0" sequenceCoverage="0" branchCoverage="0" maxCyclomaticComplexity="1" minCyclomaticComplexity="1" visitedClasses="0" numClasses="0" visitedMethods="0" numMethods="0" />
          <FullName>TaskManager.DataAccess.DataAccessManager/&lt;&gt;c__DisplayClass3_0</FullName>
          <Methods>
            <Method visited="true" cyclomaticComplexity="1" sequenceCoverage="0" branchCoverage="0" isConstructor="true" isStatic="false" isGetter="false" isSetter="false">
              <Summary numSequencePoints="0" visitedSequencePoints="0" numBranchPoints="0" visitedBranchPoints="0" sequenceCoverage="0" branchCoverage="0" maxCyclomaticComplexity="1" minCyclomaticComplexity="1" visitedClasses="0" numClasses="0" visitedMethods="0" numMethods="0" />
              <MetadataToken>100663332</MetadataToken>
              <Name>System.Void TaskManager.DataAccess.DataAccessManager/&lt;&gt;c__DisplayClass3_0::.ctor()</Name>
              <SequencePoints />
              <BranchPoints />
              <MethodPoint vc="5" uspid="182" ordinal="0" offset="0" />
            </Method>
          </Methods>
        </Class>
        <Class>
          <Summary numSequencePoints="0" visitedSequencePoints="0" numBranchPoints="0" visitedBranchPoints="0" sequenceCoverage="0" branchCoverage="0" maxCyclomaticComplexity="1" minCyclomaticComplexity="1" visitedClasses="0" numClasses="0" visitedMethods="0" numMethods="0" />
          <FullName>TaskManager.DataAccess.DataAccessManager/&lt;&gt;c__DisplayClass4_0</FullName>
          <Methods>
            <Method visited="true" cyclomaticComplexity="1" sequenceCoverage="0" branchCoverage="0" isConstructor="true" isStatic="false" isGetter="false" isSetter="false">
              <Summary numSequencePoints="0" visitedSequencePoints="0" numBranchPoints="0" visitedBranchPoints="0" sequenceCoverage="0" branchCoverage="0" maxCyclomaticComplexity="1" minCyclomaticComplexity="1" visitedClasses="0" numClasses="0" visitedMethods="0" numMethods="0" />
              <MetadataToken>100663333</MetadataToken>
              <Name>System.Void TaskManager.DataAccess.DataAccessManager/&lt;&gt;c__DisplayClass4_0::.ctor()</Name>
              <SequencePoints />
              <BranchPoints />
              <MethodPoint vc="2" uspid="183" ordinal="0" offset="0" />
            </Method>
          </Methods>
        </Class>
        <Class>
          <Summary numSequencePoints="0" visitedSequencePoints="0" numBranchPoints="0" visitedBranchPoints="0" sequenceCoverage="0" branchCoverage="0" maxCyclomaticComplexity="1" minCyclomaticComplexity="1" visitedClasses="0" numClasses="0" visitedMethods="0" numMethods="0" />
          <FullName>TaskManager.DataAccess.DataAccessManager/&lt;&gt;c__DisplayClass5_0</FullName>
          <Methods>
            <Method visited="true" cyclomaticComplexity="1" sequenceCoverage="0" branchCoverage="0" isConstructor="true" isStatic="false" isGetter="false" isSetter="false">
              <Summary numSequencePoints="0" visitedSequencePoints="0" numBranchPoints="0" visitedBranchPoints="0" sequenceCoverage="0" branchCoverage="0" maxCyclomaticComplexity="1" minCyclomaticComplexity="1" visitedClasses="0" numClasses="0" visitedMethods="0" numMethods="0" />
              <MetadataToken>100663334</MetadataToken>
              <Name>System.Void TaskManager.DataAccess.DataAccessManager/&lt;&gt;c__DisplayClass5_0::.ctor()</Name>
              <SequencePoints />
              <BranchPoints />
              <MethodPoint vc="2" uspid="184" ordinal="0" offset="0" />
            </Method>
          </Methods>
        </Class>
        <Class>
          <Summary numSequencePoints="10" visitedSequencePoints="10" numBranchPoints="7" visitedBranchPoints="7" sequenceCoverage="100" branchCoverage="100" maxCyclomaticComplexity="1" minCyclomaticComplexity="1" visitedClasses="1" numClasses="1" visitedMethods="7" numMethods="7" />
          <FullName>TaskManager.DataAccess.ParentTask</FullName>
          <Methods>
            <Method visited="true" cyclomaticComplexity="1" sequenceCoverage="100" branchCoverage="100" isConstructor="false" isStatic="false" isGetter="true" isSetter="false">
              <Summary numSequencePoints="1" visitedSequencePoints="1" numBranchPoints="1" visitedBranchPoints="1" sequenceCoverage="100" branchCoverage="100" maxCyclomaticComplexity="1" minCyclomaticComplexity="1" visitedClasses="0" numClasses="0" visitedMethods="1" numMethods="1" />
              <MetadataToken>100663305</MetadataToken>
              <Name>System.Guid TaskManager.DataAccess.ParentTask::get_Parent_ID()</Name>
              <FileRef uid="6" />
              <SequencePoints>
                <SequencePoint vc="28" uspid="185" ordinal="0" offset="0" sl="23" sc="40" el="23" ec="44" bec="0" bev="0" fileid="6" />
              </SequencePoints>
              <BranchPoints />
              <MethodPoint xsi:type="SequencePoint" vc="28" uspid="185" ordinal="0" offset="0" sl="23" sc="40" el="23" ec="44" bec="0" bev="0" fileid="6" />
            </Method>
            <Method visited="true" cyclomaticComplexity="1" sequenceCoverage="100" branchCoverage="100" isConstructor="false" isStatic="false" isGetter="false" isSetter="true">
              <Summary numSequencePoints="1" visitedSequencePoints="1" numBranchPoints="1" visitedBranchPoints="1" sequenceCoverage="100" branchCoverage="100" maxCyclomaticComplexity="1" minCyclomaticComplexity="1" visitedClasses="0" numClasses="0" visitedMethods="1" numMethods="1" />
              <MetadataToken>100663306</MetadataToken>
              <Name>System.Void TaskManager.DataAccess.ParentTask::set_Parent_ID(System.Guid)</Name>
              <FileRef uid="6" />
              <SequencePoints>
                <SequencePoint vc="6" uspid="186" ordinal="0" offset="0" sl="23" sc="45" el="23" ec="49" bec="0" bev="0" fileid="6" />
              </SequencePoints>
              <BranchPoints />
              <MethodPoint xsi:type="SequencePoint" vc="6" uspid="186" ordinal="0" offset="0" sl="23" sc="45" el="23" ec="49" bec="0" bev="0" fileid="6" />
            </Method>
            <Method visited="true" cyclomaticComplexity="1" sequenceCoverage="100" branchCoverage="100" isConstructor="false" isStatic="false" isGetter="true" isSetter="false">
              <Summary numSequencePoints="1" visitedSequencePoints="1" numBranchPoints="1" visitedBranchPoints="1" sequenceCoverage="100" branchCoverage="100" maxCyclomaticComplexity="1" minCyclomaticComplexity="1" visitedClasses="0" numClasses="0" visitedMethods="1" numMethods="1" />
              <MetadataToken>100663307</MetadataToken>
              <Name>System.String TaskManager.DataAccess.ParentTask::get_Parent_Task()</Name>
              <FileRef uid="6" />
              <SequencePoints>
                <SequencePoint vc="20" uspid="187" ordinal="0" offset="0" sl="24" sc="37" el="24" ec="41" bec="0" bev="0" fileid="6" />
              </SequencePoints>
              <BranchPoints />
              <MethodPoint xsi:type="SequencePoint" vc="20" uspid="187" ordinal="0" offset="0" sl="24" sc="37" el="24" ec="41" bec="0" bev="0" fileid="6" />
            </Method>
            <Method visited="true" cyclomaticComplexity="1" sequenceCoverage="100" branchCoverage="100" isConstructor="false" isStatic="false" isGetter="false" isSetter="true">
              <Summary numSequencePoints="1" visitedSequencePoints="1" numBranchPoints="1" visitedBranchPoints="1" sequenceCoverage="100" branchCoverage="100" maxCyclomaticComplexity="1" minCyclomaticComplexity="1" visitedClasses="0" numClasses="0" visitedMethods="1" numMethods="1" />
              <MetadataToken>100663308</MetadataToken>
              <Name>System.Void TaskManager.DataAccess.ParentTask::set_Parent_Task(System.String)</Name>
              <FileRef uid="6" />
              <SequencePoints>
                <SequencePoint vc="6" uspid="188" ordinal="0" offset="0" sl="24" sc="42" el="24" ec="46" bec="0" bev="0" fileid="6" />
              </SequencePoints>
              <BranchPoints />
              <MethodPoint xsi:type="SequencePoint" vc="6" uspid="188" ordinal="0" offset="0" sl="24" sc="42" el="24" ec="46" bec="0" bev="0" fileid="6" />
            </Method>
            <Method visited="true" cyclomaticComplexity="1" sequenceCoverage="100" branchCoverage="100" isConstructor="false" isStatic="false" isGetter="true" isSetter="false">
              <Summary numSequencePoints="1" visitedSequencePoints="1" numBranchPoints="1" visitedBranchPoints="1" sequenceCoverage="100" branchCoverage="100" maxCyclomaticComplexity="1" minCyclomaticComplexity="1" visitedClasses="0" numClasses="0" visitedMethods="1" numMethods="1" />
              <MetadataToken>100663309</MetadataToken>
              <Name>System.Collections.Generic.ICollection`1&lt;TaskManager.DataAccess.Task&gt; TaskManager.DataAccess.ParentTask::get_Tasks()</Name>
              <FileRef uid="6" />
              <SequencePoints>
                <SequencePoint vc="12" uspid="189" ordinal="0" offset="0" sl="27" sc="50" el="27" ec="54" bec="0" bev="0" fileid="6" />
              </SequencePoints>
              <BranchPoints />
              <MethodPoint xsi:type="SequencePoint" vc="12" uspid="189" ordinal="0" offset="0" sl="27" sc="50" el="27" ec="54" bec="0" bev="0" fileid="6" />
            </Method>
            <Method visited="true" cyclomaticComplexity="1" sequenceCoverage="100" branchCoverage="100" isConstructor="false" isStatic="false" isGetter="false" isSetter="true">
              <Summary numSequencePoints="1" visitedSequencePoints="1" numBranchPoints="1" visitedBranchPoints="1" sequenceCoverage="100" branchCoverage="100" maxCyclomaticComplexity="1" minCyclomaticComplexity="1" visitedClasses="0" numClasses="0" visitedMethods="1" numMethods="1" />
              <MetadataToken>100663310</MetadataToken>
              <Name>System.Void TaskManager.DataAccess.ParentTask::set_Tasks(System.Collections.Generic.ICollection`1&lt;TaskManager.DataAccess.Task&gt;)</Name>
              <FileRef uid="6" />
              <SequencePoints>
                <SequencePoint vc="6" uspid="190" ordinal="0" offset="0" sl="27" sc="55" el="27" ec="59" bec="0" bev="0" fileid="6" />
              </SequencePoints>
              <BranchPoints />
              <MethodPoint xsi:type="SequencePoint" vc="6" uspid="190" ordinal="0" offset="0" sl="27" sc="55" el="27" ec="59" bec="0" bev="0" fileid="6" />
            </Method>
            <Method visited="true" cyclomaticComplexity="1" sequenceCoverage="100" branchCoverage="100" isConstructor="true" isStatic="false" isGetter="false" isSetter="false">
              <Summary numSequencePoints="4" visitedSequencePoints="4" numBranchPoints="1" visitedBranchPoints="1" sequenceCoverage="100" branchCoverage="100" maxCyclomaticComplexity="1" minCyclomaticComplexity="1" visitedClasses="0" numClasses="0" visitedMethods="1" numMethods="1" />
              <MetadataToken>100663304</MetadataToken>
              <Name>System.Void TaskManager.DataAccess.ParentTask::.ctor()</Name>
              <FileRef uid="6" />
              <SequencePoints>
                <SequencePoint vc="6" uspid="191" ordinal="0" offset="0" sl="18" sc="9" el="18" ec="28" bec="0" bev="0" fileid="6" />
                <SequencePoint vc="6" uspid="192" ordinal="1" offset="7" sl="19" sc="9" el="19" ec="10" bec="0" bev="0" fileid="6" />
                <SequencePoint vc="6" uspid="193" ordinal="2" offset="8" sl="20" sc="13" el="20" ec="46" bec="0" bev="0" fileid="6" />
                <SequencePoint vc="6" uspid="194" ordinal="3" offset="20" sl="21" sc="9" el="21" ec="10" bec="0" bev="0" fileid="6" />
              </SequencePoints>
              <BranchPoints />
              <MethodPoint xsi:type="SequencePoint" vc="6" uspid="191" ordinal="0" offset="0" sl="18" sc="9" el="18" ec="28" bec="0" bev="0" fileid="6" />
            </Method>
          </Methods>
        </Class>
        <Class>
          <Summary numSequencePoints="14" visitedSequencePoints="14" numBranchPoints="14" visitedBranchPoints="14" sequenceCoverage="100" branchCoverage="100" maxCyclomaticComplexity="1" minCyclomaticComplexity="1" visitedClasses="1" numClasses="1" visitedMethods="14" numMethods="14" />
          <FullName>TaskManager.DataAccess.Task</FullName>
          <Methods>
            <Method visited="true" cyclomaticComplexity="1" sequenceCoverage="100" branchCoverage="100" isConstructor="false" isStatic="false" isGetter="true" isSetter="false">
              <Summary numSequencePoints="1" visitedSequencePoints="1" numBranchPoints="1" visitedBranchPoints="1" sequenceCoverage="100" branchCoverage="100" maxCyclomaticComplexity="1" minCyclomaticComplexity="1" visitedClasses="0" numClasses="0" visitedMethods="1" numMethods="1" />
              <MetadataToken>100663311</MetadataToken>
              <Name>System.Guid TaskManager.DataAccess.Task::get_Task_ID()</Name>
              <FileRef uid="7" />
              <SequencePoints>
                <SequencePoint vc="736" uspid="195" ordinal="0" offset="0" sl="17" sc="38" el="17" ec="42" bec="0" bev="0" fileid="7" />
              </SequencePoints>
              <BranchPoints />
              <MethodPoint xsi:type="SequencePoint" vc="736" uspid="195" ordinal="0" offset="0" sl="17" sc="38" el="17" ec="42" bec="0" bev="0" fileid="7" />
            </Method>
            <Method visited="true" cyclomaticComplexity="1" sequenceCoverage="100" branchCoverage="100" isConstructor="false" isStatic="false" isGetter="false" isSetter="true">
              <Summary numSequencePoints="1" visitedSequencePoints="1" numBranchPoints="1" visitedBranchPoints="1" sequenceCoverage="100" branchCoverage="100" maxCyclomaticComplexity="1" minCyclomaticComplexity="1" visitedClasses="0" numClasses="0" visitedMethods="1" numMethods="1" />
              <MetadataToken>100663312</MetadataToken>
              <Name>System.Void TaskManager.DataAccess.Task::set_Task_ID(System.Guid)</Name>
              <FileRef uid="7" />
              <SequencePoints>
                <SequencePoint vc="241" uspid="196" ordinal="0" offset="0" sl="17" sc="43" el="17" ec="47" bec="0" bev="0" fileid="7" />
              </SequencePoints>
              <BranchPoints />
              <MethodPoint xsi:type="SequencePoint" vc="241" uspid="196" ordinal="0" offset="0" sl="17" sc="43" el="17" ec="47" bec="0" bev="0" fileid="7" />
            </Method>
            <Method visited="true" cyclomaticComplexity="1" sequenceCoverage="100" branchCoverage="100" isConstructor="false" isStatic="false" isGetter="true" isSetter="false">
              <Summary numSequencePoints="1" visitedSequencePoints="1" numBranchPoints="1" visitedBranchPoints="1" sequenceCoverage="100" branchCoverage="100" maxCyclomaticComplexity="1" minCyclomaticComplexity="1" visitedClasses="0" numClasses="0" visitedMethods="1" numMethods="1" />
              <MetadataToken>100663313</MetadataToken>
              <Name>System.Nullable`1&lt;System.Guid&gt; TaskManager.DataAccess.Task::get_Parent_ID()</Name>
              <FileRef uid="7" />
              <SequencePoints>
                <SequencePoint vc="980" uspid="197" ordinal="0" offset="0" sl="18" sc="50" el="18" ec="54" bec="0" bev="0" fileid="7" />
              </SequencePoints>
              <BranchPoints />
              <MethodPoint xsi:type="SequencePoint" vc="980" uspid="197" ordinal="0" offset="0" sl="18" sc="50" el="18" ec="54" bec="0" bev="0" fileid="7" />
            </Method>
            <Method visited="true" cyclomaticComplexity="1" sequenceCoverage="100" branchCoverage="100" isConstructor="false" isStatic="false" isGetter="false" isSetter="true">
              <Summary numSequencePoints="1" visitedSequencePoints="1" numBranchPoints="1" visitedBranchPoints="1" sequenceCoverage="100" branchCoverage="100" maxCyclomaticComplexity="1" minCyclomaticComplexity="1" visitedClasses="0" numClasses="0" visitedMethods="1" numMethods="1" />
              <MetadataToken>100663314</MetadataToken>
              <Name>System.Void TaskManager.DataAccess.Task::set_Parent_ID(System.Nullable`1&lt;System.Guid&gt;)</Name>
              <FileRef uid="7" />
              <SequencePoints>
                <SequencePoint vc="234" uspid="198" ordinal="0" offset="0" sl="18" sc="55" el="18" ec="59" bec="0" bev="0" fileid="7" />
              </SequencePoints>
              <BranchPoints />
              <MethodPoint xsi:type="SequencePoint" vc="234" uspid="198" ordinal="0" offset="0" sl="18" sc="55" el="18" ec="59" bec="0" bev="0" fileid="7" />
            </Method>
            <Method visited="true" cyclomaticComplexity="1" sequenceCoverage="100" branchCoverage="100" isConstructor="false" isStatic="false" isGetter="true" isSetter="false">
              <Summary numSequencePoints="1" visitedSequencePoints="1" numBranchPoints="1" visitedBranchPoints="1" sequenceCoverage="100" branchCoverage="100" maxCyclomaticComplexity="1" minCyclomaticComplexity="1" visitedClasses="0" numClasses="0" visitedMethods="1" numMethods="1" />
              <MetadataToken>100663315</MetadataToken>
              <Name>System.String TaskManager.DataAccess.Task::get_Task1()</Name>
              <FileRef uid="7" />
              <SequencePoints>
                <SequencePoint vc="485" uspid="199" ordinal="0" offset="0" sl="19" sc="31" el="19" ec="35" bec="0" bev="0" fileid="7" />
              </SequencePoints>
              <BranchPoints />
              <MethodPoint xsi:type="SequencePoint" vc="485" uspid="199" ordinal="0" offset="0" sl="19" sc="31" el="19" ec="35" bec="0" bev="0" fileid="7" />
            </Method>
            <Method visited="true" cyclomaticComplexity="1" sequenceCoverage="100" branchCoverage="100" isConstructor="false" isStatic="false" isGetter="false" isSetter="true">
              <Summary numSequencePoints="1" visitedSequencePoints="1" numBranchPoints="1" visitedBranchPoints="1" sequenceCoverage="100" branchCoverage="100" maxCyclomaticComplexity="1" minCyclomaticComplexity="1" visitedClasses="0" numClasses="0" visitedMethods="1" numMethods="1" />
              <MetadataToken>100663316</MetadataToken>
              <Name>System.Void TaskManager.DataAccess.Task::set_Task1(System.String)</Name>
              <FileRef uid="7" />
              <SequencePoints>
                <SequencePoint vc="238" uspid="200" ordinal="0" offset="0" sl="19" sc="36" el="19" ec="40" bec="0" bev="0" fileid="7" />
              </SequencePoints>
              <BranchPoints />
              <MethodPoint xsi:type="SequencePoint" vc="238" uspid="200" ordinal="0" offset="0" sl="19" sc="36" el="19" ec="40" bec="0" bev="0" fileid="7" />
            </Method>
            <Method visited="true" cyclomaticComplexity="1" sequenceCoverage="100" branchCoverage="100" isConstructor="false" isStatic="false" isGetter="true" isSetter="false">
              <Summary numSequencePoints="1" visitedSequencePoints="1" numBranchPoints="1" visitedBranchPoints="1" sequenceCoverage="100" branchCoverage="100" maxCyclomaticComplexity="1" minCyclomaticComplexity="1" visitedClasses="0" numClasses="0" visitedMethods="1" numMethods="1" />
              <MetadataToken>100663317</MetadataToken>
              <Name>System.DateTime TaskManager.DataAccess.Task::get_Start_Date()</Name>
              <FileRef uid="7" />
              <SequencePoints>
                <SequencePoint vc="484" uspid="201" ordinal="0" offset="0" sl="20" sc="45" el="20" ec="49" bec="0" bev="0" fileid="7" />
              </SequencePoints>
              <BranchPoints />
              <MethodPoint xsi:type="SequencePoint" vc="484" uspid="201" ordinal="0" offset="0" sl="20" sc="45" el="20" ec="49" bec="0" bev="0" fileid="7" />
            </Method>
            <Method visited="true" cyclomaticComplexity="1" sequenceCoverage="100" branchCoverage="100" isConstructor="false" isStatic="false" isGetter="false" isSetter="true">
              <Summary numSequencePoints="1" visitedSequencePoints="1" numBranchPoints="1" visitedBranchPoints="1" sequenceCoverage="100" branchCoverage="100" maxCyclomaticComplexity="1" minCyclomaticComplexity="1" visitedClasses="0" numClasses="0" visitedMethods="1" numMethods="1" />
              <MetadataToken>100663318</MetadataToken>
              <Name>System.Void TaskManager.DataAccess.Task::set_Start_Date(System.DateTime)</Name>
              <FileRef uid="7" />
              <SequencePoints>
                <SequencePoint vc="239" uspid="202" ordinal="0" offset="0" sl="20" sc="50" el="20" ec="54" bec="0" bev="0" fileid="7" />
              </SequencePoints>
              <BranchPoints />
              <MethodPoint xsi:type="SequencePoint" vc="239" uspid="202" ordinal="0" offset="0" sl="20" sc="50" el="20" ec="54" bec="0" bev="0" fileid="7" />
            </Method>
            <Method visited="true" cyclomaticComplexity="1" sequenceCoverage="100" branchCoverage="100" isConstructor="false" isStatic="false" isGetter="true" isSetter="false">
              <Summary numSequencePoints="1" visitedSequencePoints="1" numBranchPoints="1" visitedBranchPoints="1" sequenceCoverage="100" branchCoverage="100" maxCyclomaticComplexity="1" minCyclomaticComplexity="1" visitedClasses="0" numClasses="0" visitedMethods="1" numMethods="1" />
              <MetadataToken>100663319</MetadataToken>
              <Name>System.DateTime TaskManager.DataAccess.Task::get_End_Date()</Name>
              <FileRef uid="7" />
              <SequencePoints>
                <SequencePoint vc="708" uspid="203" ordinal="0" offset="0" sl="21" sc="43" el="21" ec="47" bec="0" bev="0" fileid="7" />
              </SequencePoints>
              <BranchPoints />
              <MethodPoint xsi:type="SequencePoint" vc="708" uspid="203" ordinal="0" offset="0" sl="21" sc="43" el="21" ec="47" bec="0" bev="0" fileid="7" />
            </Method>
            <Method visited="true" cyclomaticComplexity="1" sequenceCoverage="100" branchCoverage="100" isConstructor="false" isStatic="false" isGetter="false" isSetter="true">
              <Summary numSequencePoints="1" visitedSequencePoints="1" numBranchPoints="1" visitedBranchPoints="1" sequenceCoverage="100" branchCoverage="100" maxCyclomaticComplexity="1" minCyclomaticComplexity="1" visitedClasses="0" numClasses="0" visitedMethods="1" numMethods="1" />
              <MetadataToken>100663320</MetadataToken>
              <Name>System.Void TaskManager.DataAccess.Task::set_End_Date(System.DateTime)</Name>
              <FileRef uid="7" />
              <SequencePoints>
                <SequencePoint vc="239" uspid="204" ordinal="0" offset="0" sl="21" sc="48" el="21" ec="52" bec="0" bev="0" fileid="7" />
              </SequencePoints>
              <BranchPoints />
              <MethodPoint xsi:type="SequencePoint" vc="239" uspid="204" ordinal="0" offset="0" sl="21" sc="48" el="21" ec="52" bec="0" bev="0" fileid="7" />
            </Method>
            <Method visited="true" cyclomaticComplexity="1" sequenceCoverage="100" branchCoverage="100" isConstructor="false" isStatic="false" isGetter="true" isSetter="false">
              <Summary numSequencePoints="1" visitedSequencePoints="1" numBranchPoints="1" visitedBranchPoints="1" sequenceCoverage="100" branchCoverage="100" maxCyclomaticComplexity="1" minCyclomaticComplexity="1" visitedClasses="0" numClasses="0" visitedMethods="1" numMethods="1" />
              <MetadataToken>100663321</MetadataToken>
              <Name>System.Int32 TaskManager.DataAccess.Task::get_Priority()</Name>
              <FileRef uid="7" />
              <SequencePoints>
                <SequencePoint vc="480" uspid="205" ordinal="0" offset="0" sl="22" sc="31" el="22" ec="35" bec="0" bev="0" fileid="7" />
              </SequencePoints>
              <BranchPoints />
              <MethodPoint xsi:type="SequencePoint" vc="480" uspid="205" ordinal="0" offset="0" sl="22" sc="31" el="22" ec="35" bec="0" bev="0" fileid="7" />
            </Method>
            <Method visited="true" cyclomaticComplexity="1" sequenceCoverage="100" branchCoverage="100" isConstructor="false" isStatic="false" isGetter="false" isSetter="true">
              <Summary numSequencePoints="1" visitedSequencePoints="1" numBranchPoints="1" visitedBranchPoints="1" sequenceCoverage="100" branchCoverage="100" maxCyclomaticComplexity="1" minCyclomaticComplexity="1" visitedClasses="0" numClasses="0" visitedMethods="1" numMethods="1" />
              <MetadataToken>100663322</MetadataToken>
              <Name>System.Void TaskManager.DataAccess.Task::set_Priority(System.Int32)</Name>
              <FileRef uid="7" />
              <SequencePoints>
                <SequencePoint vc="238" uspid="206" ordinal="0" offset="0" sl="22" sc="36" el="22" ec="40" bec="0" bev="0" fileid="7" />
              </SequencePoints>
              <BranchPoints />
              <MethodPoint xsi:type="SequencePoint" vc="238" uspid="206" ordinal="0" offset="0" sl="22" sc="36" el="22" ec="40" bec="0" bev="0" fileid="7" />
            </Method>
            <Method visited="true" cyclomaticComplexity="1" sequenceCoverage="100" branchCoverage="100" isConstructor="false" isStatic="false" isGetter="true" isSetter="false">
              <Summary numSequencePoints="1" visitedSequencePoints="1" numBranchPoints="1" visitedBranchPoints="1" sequenceCoverage="100" branchCoverage="100" maxCyclomaticComplexity="1" minCyclomaticComplexity="1" visitedClasses="0" numClasses="0" visitedMethods="1" numMethods="1" />
              <MetadataToken>100663323</MetadataToken>
              <Name>TaskManager.DataAccess.ParentTask TaskManager.DataAccess.Task::get_ParentTask()</Name>
              <FileRef uid="7" />
              <SequencePoints>
                <SequencePoint vc="22" uspid="207" ordinal="0" offset="0" sl="24" sc="48" el="24" ec="52" bec="0" bev="0" fileid="7" />
              </SequencePoints>
              <BranchPoints />
              <MethodPoint xsi:type="SequencePoint" vc="22" uspid="207" ordinal="0" offset="0" sl="24" sc="48" el="24" ec="52" bec="0" bev="0" fileid="7" />
            </Method>
            <Method visited="true" cyclomaticComplexity="1" sequenceCoverage="100" branchCoverage="100" isConstructor="false" isStatic="false" isGetter="false" isSetter="true">
              <Summary numSequencePoints="1" visitedSequencePoints="1" numBranchPoints="1" visitedBranchPoints="1" sequenceCoverage="100" branchCoverage="100" maxCyclomaticComplexity="1" minCyclomaticComplexity="1" visitedClasses="0" numClasses="0" visitedMethods="1" numMethods="1" />
              <MetadataToken>100663324</MetadataToken>
              <Name>System.Void TaskManager.DataAccess.Task::set_ParentTask(TaskManager.DataAccess.ParentTask)</Name>
              <FileRef uid="7" />
              <SequencePoints>
                <SequencePoint vc="2" uspid="208" ordinal="0" offset="0" sl="24" sc="53" el="24" ec="57" bec="0" bev="0" fileid="7" />
              </SequencePoints>
              <BranchPoints />
              <MethodPoint xsi:type="SequencePoint" vc="2" uspid="208" ordinal="0" offset="0" sl="24" sc="53" el="24" ec="57" bec="0" bev="0" fileid="7" />
            </Method>
            <Method visited="true" cyclomaticComplexity="1" sequenceCoverage="0" branchCoverage="0" isConstructor="true" isStatic="false" isGetter="false" isSetter="false">
              <Summary numSequencePoints="0" visitedSequencePoints="0" numBranchPoints="0" visitedBranchPoints="0" sequenceCoverage="0" branchCoverage="0" maxCyclomaticComplexity="1" minCyclomaticComplexity="1" visitedClasses="0" numClasses="0" visitedMethods="0" numMethods="0" />
              <MetadataToken>100663325</MetadataToken>
              <Name>System.Void TaskManager.DataAccess.Task::.ctor()</Name>
              <SequencePoints />
              <BranchPoints />
              <MethodPoint vc="240" uspid="209" ordinal="0" offset="0" />
            </Method>
          </Methods>
        </Class>
        <Class>
          <Summary numSequencePoints="7" visitedSequencePoints="7" numBranchPoints="5" visitedBranchPoints="5" sequenceCoverage="100" branchCoverage="100" maxCyclomaticComplexity="1" minCyclomaticComplexity="1" visitedClasses="1" numClasses="1" visitedMethods="5" numMethods="5" />
          <FullName>TaskManager.DataAccess.TaskManagerEntities</FullName>
          <Methods>
            <Method visited="true" cyclomaticComplexity="1" sequenceCoverage="100" branchCoverage="100" isConstructor="false" isStatic="false" isGetter="true" isSetter="false">
              <Summary numSequencePoints="1" visitedSequencePoints="1" numBranchPoints="1" visitedBranchPoints="1" sequenceCoverage="100" branchCoverage="100" maxCyclomaticComplexity="1" minCyclomaticComplexity="1" visitedClasses="0" numClasses="0" visitedMethods="1" numMethods="1" />
              <MetadataToken>100663327</MetadataToken>
              <Name>System.Data.Entity.DbSet`1&lt;TaskManager.DataAccess.ParentTask&gt; TaskManager.DataAccess.TaskManagerEntities::get_ParentTasks()</Name>
              <FileRef uid="8" />
              <SequencePoints>
                <SequencePoint vc="4" uspid="210" ordinal="0" offset="0" sl="28" sc="56" el="28" ec="60" bec="0" bev="0" fileid="8" />
              </SequencePoints>
              <BranchPoints />
              <MethodPoint xsi:type="SequencePoint" vc="4" uspid="210" ordinal="0" offset="0" sl="28" sc="56" el="28" ec="60" bec="0" bev="0" fileid="8" />
            </Method>
            <Method visited="true" cyclomaticComplexity="1" sequenceCoverage="100" branchCoverage="100" isConstructor="false" isStatic="false" isGetter="false" isSetter="true">
              <Summary numSequencePoints="1" visitedSequencePoints="1" numBranchPoints="1" visitedBranchPoints="1" sequenceCoverage="100" branchCoverage="100" maxCyclomaticComplexity="1" minCyclomaticComplexity="1" visitedClasses="0" numClasses="0" visitedMethods="1" numMethods="1" />
              <MetadataToken>100663328</MetadataToken>
              <Name>System.Void TaskManager.DataAccess.TaskManagerEntities::set_ParentTasks(System.Data.Entity.DbSet`1&lt;TaskManager.DataAccess.ParentTask&gt;)</Name>
              <FileRef uid="8" />
              <SequencePoints>
                <SequencePoint vc="15" uspid="211" ordinal="0" offset="0" sl="28" sc="61" el="28" ec="65" bec="0" bev="0" fileid="8" />
              </SequencePoints>
              <BranchPoints />
              <MethodPoint xsi:type="SequencePoint" vc="15" uspid="211" ordinal="0" offset="0" sl="28" sc="61" el="28" ec="65" bec="0" bev="0" fileid="8" />
            </Method>
            <Method visited="true" cyclomaticComplexity="1" sequenceCoverage="100" branchCoverage="100" isConstructor="false" isStatic="false" isGetter="true" isSetter="false">
              <Summary numSequencePoints="1" visitedSequencePoints="1" numBranchPoints="1" visitedBranchPoints="1" sequenceCoverage="100" branchCoverage="100" maxCyclomaticComplexity="1" minCyclomaticComplexity="1" visitedClasses="0" numClasses="0" visitedMethods="1" numMethods="1" />
              <MetadataToken>100663329</MetadataToken>
              <Name>System.Data.Entity.DbSet`1&lt;TaskManager.DataAccess.Task&gt; TaskManager.DataAccess.TaskManagerEntities::get_Tasks()</Name>
              <FileRef uid="8" />
              <SequencePoints>
                <SequencePoint vc="17" uspid="212" ordinal="0" offset="0" sl="29" sc="44" el="29" ec="48" bec="0" bev="0" fileid="8" />
              </SequencePoints>
              <BranchPoints />
              <MethodPoint xsi:type="SequencePoint" vc="17" uspid="212" ordinal="0" offset="0" sl="29" sc="44" el="29" ec="48" bec="0" bev="0" fileid="8" />
            </Method>
            <Method visited="true" cyclomaticComplexity="1" sequenceCoverage="100" branchCoverage="100" isConstructor="false" isStatic="false" isGetter="false" isSetter="true">
              <Summary numSequencePoints="1" visitedSequencePoints="1" numBranchPoints="1" visitedBranchPoints="1" sequenceCoverage="100" branchCoverage="100" maxCyclomaticComplexity="1" minCyclomaticComplexity="1" visitedClasses="0" numClasses="0" visitedMethods="1" numMethods="1" />
              <MetadataToken>100663330</MetadataToken>
              <Name>System.Void TaskManager.DataAccess.TaskManagerEntities::set_Tasks(System.Data.Entity.DbSet`1&lt;TaskManager.DataAccess.Task&gt;)</Name>
              <FileRef uid="8" />
              <SequencePoints>
                <SequencePoint vc="15" uspid="213" ordinal="0" offset="0" sl="29" sc="49" el="29" ec="53" bec="0" bev="0" fileid="8" />
              </SequencePoints>
              <BranchPoints />
              <MethodPoint xsi:type="SequencePoint" vc="15" uspid="213" ordinal="0" offset="0" sl="29" sc="49" el="29" ec="53" bec="0" bev="0" fileid="8" />
            </Method>
            <Method visited="true" cyclomaticComplexity="1" sequenceCoverage="100" branchCoverage="100" isConstructor="true" isStatic="false" isGetter="false" isSetter="false">
              <Summary numSequencePoints="3" visitedSequencePoints="3" numBranchPoints="1" visitedBranchPoints="1" sequenceCoverage="100" branchCoverage="100" maxCyclomaticComplexity="1" minCyclomaticComplexity="1" visitedClasses="0" numClasses="0" visitedMethods="1" numMethods="1" />
              <MetadataToken>100663326</MetadataToken>
              <Name>System.Void TaskManager.DataAccess.TaskManagerEntities::.ctor()</Name>
              <FileRef uid="8" />
              <SequencePoints>
                <SequencePoint vc="15" uspid="214" ordinal="0" offset="0" sl="19" sc="15" el="19" ec="47" bec="0" bev="0" fileid="8" />
                <SequencePoint vc="15" uspid="215" ordinal="1" offset="12" sl="20" sc="9" el="20" ec="10" bec="0" bev="0" fileid="8" />
                <SequencePoint vc="15" uspid="216" ordinal="2" offset="13" sl="21" sc="9" el="21" ec="10" bec="0" bev="0" fileid="8" />
              </SequencePoints>
              <BranchPoints />
              <MethodPoint xsi:type="SequencePoint" vc="15" uspid="214" ordinal="0" offset="0" sl="19" sc="15" el="19" ec="47" bec="0" bev="0" fileid="8" />
            </Method>
          </Methods>
        </Class>
      </Classes>
    </Module>
    <Module skippedDueTo="MissingPdb" hash="C6-86-9E-2D-E3-08-09-F9-44-E1-2B-79-F2-16-CE-6C-FB-68-C9-CC">
      <FullName>C:\Users\Administrator\Source\Repos\FSE_Cap_TaskMGRAPI\UnitTest\TaskManager.DataAccess.Tests\bin\Debug\EntityFramework.dll</FullName>
      <ModuleName>EntityFramework</ModuleName>
      <Classes />
    </Module>
    <Module skippedDueTo="Filter" hash="9C-DB-95-DC-25-D5-38-7E-C2-3A-20-8F-14-5D-A9-56-2A-D7-00-E3">
      <FullName>C:\Windows\Microsoft.Net\assembly\GAC_MSIL\System.Configuration\v4.0_4.0.0.0__b03f5f7f11d50a3a\System.Configuration.dll</FullName>
      <ModuleName>System.Configuration</ModuleName>
      <Classes />
    </Module>
    <Module skippedDueTo="Filter" hash="8E-31-7E-A0-09-4A-19-0E-70-44-6D-0D-D0-70-DF-DB-DB-AD-E7-E3">
      <FullName>C:\Windows\Microsoft.Net\assembly\GAC_64\System.Data\v4.0_4.0.0.0__b77a5c561934e089\System.Data.dll</FullName>
      <ModuleName>System.Data</ModuleName>
      <Classes />
    </Module>
    <Module skippedDueTo="MissingPdb" hash="4C-C8-46-ED-D6-9A-AC-12-E1-88-9C-10-62-C2-5E-B3-0B-57-11-4F">
      <FullName>C:\Users\Administrator\Source\Repos\FSE_Cap_TaskMGRAPI\UnitTest\TaskManager.DataAccess.Tests\bin\Debug\EntityFramework.SqlServer.dll</FullName>
      <ModuleName>EntityFramework.SqlServer</ModuleName>
      <Classes />
    </Module>
    <Module skippedDueTo="MissingPdb" hash="">
      <FullName>RefEmit_InMemoryManifestModule</FullName>
      <ModuleName>Anonymously Hosted DynamicMethods Assembly</ModuleName>
      <Classes />
    </Module>
    <Module skippedDueTo="Filter" hash="E7-1A-67-23-94-8C-50-55-9D-7E-AA-D5-B6-55-A7-09-01-B6-AE-9C">
      <FullName>C:\Windows\Microsoft.Net\assembly\GAC_64\System.Transactions\v4.0_4.0.0.0__b77a5c561934e089\System.Transactions.dll</FullName>
      <ModuleName>System.Transactions</ModuleName>
      <Classes />
    </Module>
    <Module skippedDueTo="Filter" hash="53-BE-40-65-72-CF-40-9A-6B-43-AD-5D-1B-BB-67-61-8D-23-0F-4F">
      <FullName>C:\Windows\Microsoft.Net\assembly\GAC_MSIL\System.Numerics\v4.0_4.0.0.0__b77a5c561934e089\System.Numerics.dll</FullName>
      <ModuleName>System.Numerics</ModuleName>
      <Classes />
    </Module>
    <Module skippedDueTo="Filter" hash="84-7B-1F-4A-05-84-B7-7D-F9-42-AA-52-26-D7-4D-63-03-6D-E9-19">
      <FullName>C:\Windows\Microsoft.Net\assembly\GAC_64\System.Data.OracleClient\v4.0_4.0.0.0__b77a5c561934e089\System.Data.OracleClient.dll</FullName>
      <ModuleName>System.Data.OracleClient</ModuleName>
      <Classes />
    </Module>
    <Module skippedDueTo="Filter" hash="BC-E7-A1-CB-53-F2-8B-70-A3-AF-F6-77-E3-8F-51-A7-98-F5-7F-55">
      <FullName>C:\Windows\Microsoft.Net\assembly\GAC_MSIL\System.Xml.Linq\v4.0_4.0.0.0__b77a5c561934e089\System.Xml.Linq.dll</FullName>
      <ModuleName>System.Xml.Linq</ModuleName>
      <Classes />
    </Module>
    <Module skippedDueTo="Filter" hash="C8-1F-BC-76-09-92-8C-59-EC-98-C7-50-72-E1-1B-96-23-99-B6-BE">
      <FullName>C:\Windows\Microsoft.Net\assembly\GAC_64\System.EnterpriseServices\v4.0_4.0.0.0__b03f5f7f11d50a3a\System.EnterpriseServices.dll</FullName>
      <ModuleName>System.EnterpriseServices</ModuleName>
      <Classes />
    </Module>
    <Module skippedDueTo="MissingPdb" hash="">
      <FullName>RefEmit_InMemoryManifestModule</FullName>
      <ModuleName>EntityFrameworkDynamicProxies-TaskManager.DataAccess</ModuleName>
      <Classes />
    </Module>
    <Module skippedDueTo="Filter" hash="D1-E5-AC-AB-DF-89-EF-36-FA-C3-C2-47-47-DC-83-A6-08-4C-A6-50">
      <FullName>C:\Windows\Microsoft.Net\assembly\GAC_MSIL\System.Runtime.Serialization\v4.0_4.0.0.0__b77a5c561934e089\System.Runtime.Serialization.dll</FullName>
      <ModuleName>System.Runtime.Serialization</ModuleName>
      <Classes />
    </Module>
    <Module skippedDueTo="Filter" hash="83-A7-AC-A7-94-93-CF-44-03-54-13-06-6E-76-C1-AE-60-EF-BA-1F">
      <FullName>C:\Windows\Microsoft.Net\assembly\GAC_MSIL\System.Web.Extensions\v4.0_4.0.0.0__31bf3856ad364e35\System.Web.Extensions.dll</FullName>
      <ModuleName>System.Web.Extensions</ModuleName>
      <Classes />
    </Module>
    <Module hash="94-9B-B1-5E-5E-C2-1C-9E-E8-DC-C2-C0-17-49-F4-AF-77-9B-46-B4">
      <Summary numSequencePoints="174" visitedSequencePoints="78" numBranchPoints="70" visitedBranchPoints="31" sequenceCoverage="44.83" branchCoverage="44.29" maxCyclomaticComplexity="10" minCyclomaticComplexity="1" visitedClasses="4" numClasses="6" visitedMethods="12" numMethods="26" />
      <FullName>C:\Users\Administrator\Source\Repos\FSE_Cap_TaskMGRAPI\UnitTest\TaskManager.DataAccess.Tests\bin\Debug\Task.API.dll</FullName>
      <ModuleName>Task.API</ModuleName>
      <Files>
        <File uid="13" fullPath="C:\Users\Administrator\Source\Repos\FSE_Cap_TaskMGRAPI\Task.API\App_Start\WebApiConfig.cs" />
        <File uid="14" fullPath="C:\Users\Administrator\Source\Repos\FSE_Cap_TaskMGRAPI\Task.API\Global.asax.cs" />
        <File uid="15" fullPath="C:\Users\Administrator\Source\Repos\FSE_Cap_TaskMGRAPI\Task.API\Response\ApiHttpResponse.cs" />
        <File uid="16" fullPath="C:\Users\Administrator\Source\Repos\FSE_Cap_TaskMGRAPI\Task.API\Response\BaseResponseMessage.cs" />
        <File uid="17" fullPath="C:\Users\Administrator\Source\Repos\FSE_Cap_TaskMGRAPI\Task.API\Response\ErrorStateResponse.cs" />
        <File uid="18" fullPath="C:\Users\Administrator\Source\Repos\FSE_Cap_TaskMGRAPI\Task.API\Controllers\TaskController.cs" />
      </Files>
      <Classes>
        <Class>
          <Summary numSequencePoints="0" visitedSequencePoints="0" numBranchPoints="0" visitedBranchPoints="0" sequenceCoverage="0" branchCoverage="0" maxCyclomaticComplexity="0" minCyclomaticComplexity="0" visitedClasses="0" numClasses="0" visitedMethods="0" numMethods="0" />
          <FullName>&lt;Module&gt;</FullName>
          <Methods />
        </Class>
        <Class>
          <Summary numSequencePoints="0" visitedSequencePoints="0" numBranchPoints="0" visitedBranchPoints="0" sequenceCoverage="0" branchCoverage="0" maxCyclomaticComplexity="4" minCyclomaticComplexity="1" visitedClasses="0" numClasses="0" visitedMethods="0" numMethods="0" />
          <FullName>&lt;&gt;f__AnonymousType0`1</FullName>
          <Methods>
            <Method visited="true" cyclomaticComplexity="1" sequenceCoverage="0" branchCoverage="0" isConstructor="false" isStatic="false" isGetter="true" isSetter="false">
              <Summary numSequencePoints="0" visitedSequencePoints="0" numBranchPoints="0" visitedBranchPoints="0" sequenceCoverage="0" branchCoverage="0" maxCyclomaticComplexity="1" minCyclomaticComplexity="1" visitedClasses="0" numClasses="0" visitedMethods="0" numMethods="0" />
              <MetadataToken>100663297</MetadataToken>
              <Name>&lt;id&gt;j__TPar &lt;&gt;f__AnonymousType0`1::get_id()</Name>
              <SequencePoints />
              <BranchPoints />
              <MethodPoint vc="1" uspid="217" ordinal="0" offset="0" />
            </Method>
            <Method visited="true" cyclomaticComplexity="1" sequenceCoverage="0" branchCoverage="0" isConstructor="true" isStatic="false" isGetter="false" isSetter="false">
              <Summary numSequencePoints="0" visitedSequencePoints="0" numBranchPoints="0" visitedBranchPoints="0" sequenceCoverage="0" branchCoverage="0" maxCyclomaticComplexity="1" minCyclomaticComplexity="1" visitedClasses="0" numClasses="0" visitedMethods="0" numMethods="0" />
              <MetadataToken>100663298</MetadataToken>
              <Name>System.Void &lt;&gt;f__AnonymousType0`1::.ctor(&lt;id&gt;j__TPar)</Name>
              <SequencePoints />
              <BranchPoints />
              <MethodPoint vc="1" uspid="218" ordinal="0" offset="0" />
            </Method>
            <Method visited="false" cyclomaticComplexity="2" sequenceCoverage="0" branchCoverage="0" isConstructor="false" isStatic="false" isGetter="false" isSetter="false">
              <Summary numSequencePoints="0" visitedSequencePoints="0" numBranchPoints="0" visitedBranchPoints="0" sequenceCoverage="0" branchCoverage="0" maxCyclomaticComplexity="2" minCyclomaticComplexity="2" visitedClasses="0" numClasses="0" visitedMethods="0" numMethods="0" />
              <MetadataToken>100663299</MetadataToken>
              <Name>System.Boolean &lt;&gt;f__AnonymousType0`1::Equals(System.Object)</Name>
              <SequencePoints />
              <BranchPoints />
              <MethodPoint vc="0" uspid="219" ordinal="0" offset="0" />
            </Method>
            <Method visited="false" cyclomaticComplexity="1" sequenceCoverage="0" branchCoverage="0" isConstructor="false" isStatic="false" isGetter="false" isSetter="false">
              <Summary numSequencePoints="0" visitedSequencePoints="0" numBranchPoints="0" visitedBranchPoints="0" sequenceCoverage="0" branchCoverage="0" maxCyclomaticComplexity="1" minCyclomaticComplexity="1" visitedClasses="0" numClasses="0" visitedMethods="0" numMethods="0" />
              <MetadataToken>100663300</MetadataToken>
              <Name>System.Int32 &lt;&gt;f__AnonymousType0`1::GetHashCode()</Name>
              <SequencePoints />
              <BranchPoints />
              <MethodPoint vc="0" uspid="220" ordinal="0" offset="0" />
            </Method>
            <Method visited="false" cyclomaticComplexity="4" sequenceCoverage="0" branchCoverage="0" isConstructor="false" isStatic="false" isGetter="false" isSetter="false">
              <Summary numSequencePoints="0" visitedSequencePoints="0" numBranchPoints="0" visitedBranchPoints="0" sequenceCoverage="0" branchCoverage="0" maxCyclomaticComplexity="4" minCyclomaticComplexity="4" visitedClasses="0" numClasses="0" visitedMethods="0" numMethods="0" />
              <MetadataToken>100663301</MetadataToken>
              <Name>System.String &lt;&gt;f__AnonymousType0`1::ToString()</Name>
              <SequencePoints />
              <BranchPoints />
              <MethodPoint vc="0" uspid="221" ordinal="0" offset="0" />
            </Method>
          </Methods>
        </Class>
        <Class>
          <Summary numSequencePoints="9" visitedSequencePoints="9" numBranchPoints="1" visitedBranchPoints="1" sequenceCoverage="100" branchCoverage="100" maxCyclomaticComplexity="1" minCyclomaticComplexity="1" visitedClasses="1" numClasses="1" visitedMethods="1" numMethods="1" />
          <FullName>Task.API.WebApiConfig</FullName>
          <Methods>
            <Method visited="true" cyclomaticComplexity="1" sequenceCoverage="100" branchCoverage="100" isConstructor="false" isStatic="true" isGetter="false" isSetter="false">
              <Summary numSequencePoints="9" visitedSequencePoints="9" numBranchPoints="1" visitedBranchPoints="1" sequenceCoverage="100" branchCoverage="100" maxCyclomaticComplexity="1" minCyclomaticComplexity="1" visitedClasses="0" numClasses="0" visitedMethods="1" numMethods="1" />
              <MetadataToken>100663302</MetadataToken>
              <Name>System.Void Task.API.WebApiConfig::Register(System.Web.Http.HttpConfiguration)</Name>
              <FileRef uid="13" />
              <SequencePoints>
                <SequencePoint vc="1" uspid="222" ordinal="0" offset="0" sl="12" sc="9" el="12" ec="10" bec="0" bev="0" fileid="13" />
                <SequencePoint vc="1" uspid="223" ordinal="1" offset="1" sl="16" sc="13" el="16" ec="45" bec="0" bev="0" fileid="13" />
                <SequencePoint vc="1" uspid="224" ordinal="2" offset="8" sl="17" sc="13" el="17" ec="33" bec="0" bev="0" fileid="13" />
                <SequencePoint vc="1" uspid="225" ordinal="3" offset="15" sl="18" sc="13" el="22" ec="15" bec="0" bev="0" fileid="13" />
                <SequencePoint vc="1" uspid="226" ordinal="4" offset="47" sl="23" sc="13" el="23" ec="65" bec="0" bev="0" fileid="13" />
                <SequencePoint vc="1" uspid="227" ordinal="5" offset="59" sl="24" sc="13" el="24" ec="110" bec="0" bev="0" fileid="13" />
                <SequencePoint vc="1" uspid="228" ordinal="6" offset="76" sl="25" sc="13" el="25" ec="70" bec="0" bev="0" fileid="13" />
                <SequencePoint vc="1" uspid="229" ordinal="7" offset="99" sl="26" sc="13" el="26" ec="110" bec="0" bev="0" fileid="13" />
                <SequencePoint vc="1" uspid="230" ordinal="8" offset="112" sl="27" sc="9" el="27" ec="10" bec="0" bev="0" fileid="13" />
              </SequencePoints>
              <BranchPoints />
              <MethodPoint xsi:type="SequencePoint" vc="1" uspid="222" ordinal="0" offset="0" sl="12" sc="9" el="12" ec="10" bec="0" bev="0" fileid="13" />
            </Method>
          </Methods>
        </Class>
        <Class>
          <Summary numSequencePoints="3" visitedSequencePoints="0" numBranchPoints="1" visitedBranchPoints="0" sequenceCoverage="0" branchCoverage="0" maxCyclomaticComplexity="1" minCyclomaticComplexity="1" visitedClasses="0" numClasses="1" visitedMethods="0" numMethods="1" />
          <FullName>Task.API.WebApiApplication</FullName>
          <Methods>
            <Method visited="false" cyclomaticComplexity="1" sequenceCoverage="0" branchCoverage="0" isConstructor="false" isStatic="false" isGetter="false" isSetter="false">
              <Summary numSequencePoints="3" visitedSequencePoints="0" numBranchPoints="1" visitedBranchPoints="0" sequenceCoverage="0" branchCoverage="0" maxCyclomaticComplexity="1" minCyclomaticComplexity="1" visitedClasses="0" numClasses="0" visitedMethods="0" numMethods="1" />
              <MetadataToken>100663303</MetadataToken>
              <Name>System.Void Task.API.WebApiApplication::Application_Start()</Name>
              <FileRef uid="14" />
              <SequencePoints>
                <SequencePoint vc="0" uspid="231" ordinal="0" offset="0" sl="15" sc="9" el="15" ec="10" bec="0" bev="0" fileid="14" />
                <SequencePoint vc="0" uspid="232" ordinal="1" offset="1" sl="19" sc="13" el="19" ec="66" bec="0" bev="0" fileid="14" />
                <SequencePoint vc="0" uspid="233" ordinal="2" offset="19" sl="23" sc="9" el="23" ec="10" bec="0" bev="0" fileid="14" />
              </SequencePoints>
              <BranchPoints />
              <MethodPoint xsi:type="SequencePoint" vc="0" uspid="231" ordinal="0" offset="0" sl="15" sc="9" el="15" ec="10" bec="0" bev="0" fileid="14" />
            </Method>
            <Method visited="true" cyclomaticComplexity="1" sequenceCoverage="0" branchCoverage="0" isConstructor="true" isStatic="false" isGetter="false" isSetter="false">
              <Summary numSequencePoints="0" visitedSequencePoints="0" numBranchPoints="0" visitedBranchPoints="0" sequenceCoverage="0" branchCoverage="0" maxCyclomaticComplexity="1" minCyclomaticComplexity="1" visitedClasses="0" numClasses="0" visitedMethods="0" numMethods="0" />
              <MetadataToken>100663304</MetadataToken>
              <Name>System.Void Task.API.WebApiApplication::.ctor()</Name>
              <SequencePoints />
              <BranchPoints />
              <MethodPoint vc="1" uspid="234" ordinal="0" offset="0" />
            </Method>
          </Methods>
        </Class>
        <Class>
          <Summary numSequencePoints="19" visitedSequencePoints="11" numBranchPoints="24" visitedBranchPoints="13" sequenceCoverage="57.89" branchCoverage="54.17" maxCyclomaticComplexity="10" minCyclomaticComplexity="1" visitedClasses="1" numClasses="1" visitedMethods="3" numMethods="8" />
          <FullName>Task.API.Response.ApiHttpResponse</FullName>
          <Methods>
            <Method visited="false" cyclomaticComplexity="1" sequenceCoverage="0" branchCoverage="0" isConstructor="false" isStatic="false" isGetter="true" isSetter="false">
              <Summary numSequencePoints="1" visitedSequencePoints="0" numBranchPoints="1" visitedBranchPoints="0" sequenceCoverage="0" branchCoverage="0" maxCyclomaticComplexity="1" minCyclomaticComplexity="1" visitedClasses="0" numClasses="0" visitedMethods="0" numMethods="1" />
              <MetadataToken>100663305</MetadataToken>
              <Name>System.Boolean Task.API.Response.ApiHttpResponse::get_IsStatusSuccessful()</Name>
              <FileRef uid="15" />
              <SequencePoints>
                <SequencePoint vc="0" uspid="235" ordinal="0" offset="0" sl="9" sc="42" el="9" ec="46" bec="0" bev="0" fileid="15" />
              </SequencePoints>
              <BranchPoints />
              <MethodPoint xsi:type="SequencePoint" vc="0" uspid="235" ordinal="0" offset="0" sl="9" sc="42" el="9" ec="46" bec="0" bev="0" fileid="15" />
            </Method>
            <Method visited="true" cyclomaticComplexity="1" sequenceCoverage="100" branchCoverage="100" isConstructor="false" isStatic="false" isGetter="false" isSetter="true">
              <Summary numSequencePoints="1" visitedSequencePoints="1" numBranchPoints="1" visitedBranchPoints="1" sequenceCoverage="100" branchCoverage="100" maxCyclomaticComplexity="1" minCyclomaticComplexity="1" visitedClasses="0" numClasses="0" visitedMethods="1" numMethods="1" />
              <MetadataToken>100663306</MetadataToken>
              <Name>System.Void Task.API.Response.ApiHttpResponse::set_IsStatusSuccessful(System.Boolean)</Name>
              <FileRef uid="15" />
              <SequencePoints>
                <SequencePoint vc="24" uspid="236" ordinal="0" offset="0" sl="9" sc="47" el="9" ec="51" bec="0" bev="0" fileid="15" />
              </SequencePoints>
              <BranchPoints />
              <MethodPoint xsi:type="SequencePoint" vc="24" uspid="236" ordinal="0" offset="0" sl="9" sc="47" el="9" ec="51" bec="0" bev="0" fileid="15" />
            </Method>
            <Method visited="false" cyclomaticComplexity="1" sequenceCoverage="0" branchCoverage="0" isConstructor="false" isStatic="false" isGetter="true" isSetter="false">
              <Summary numSequencePoints="1" visitedSequencePoints="0" numBranchPoints="1" visitedBranchPoints="0" sequenceCoverage="0" branchCoverage="0" maxCyclomaticComplexity="1" minCyclomaticComplexity="1" visitedClasses="0" numClasses="0" visitedMethods="0" numMethods="1" />
              <MetadataToken>100663307</MetadataToken>
              <Name>System.Object Task.API.Response.ApiHttpResponse::get_ContentResult()</Name>
              <FileRef uid="15" />
              <SequencePoints>
                <SequencePoint vc="0" uspid="237" ordinal="0" offset="0" sl="10" sc="40" el="10" ec="44" bec="0" bev="0" fileid="15" />
              </SequencePoints>
              <BranchPoints />
              <MethodPoint xsi:type="SequencePoint" vc="0" uspid="237" ordinal="0" offset="0" sl="10" sc="40" el="10" ec="44" bec="0" bev="0" fileid="15" />
            </Method>
            <Method visited="true" cyclomaticComplexity="1" sequenceCoverage="100" branchCoverage="100" isConstructor="false" isStatic="false" isGetter="false" isSetter="true">
              <Summary numSequencePoints="1" visitedSequencePoints="1" numBranchPoints="1" visitedBranchPoints="1" sequenceCoverage="100" branchCoverage="100" maxCyclomaticComplexity="1" minCyclomaticComplexity="1" visitedClasses="0" numClasses="0" visitedMethods="1" numMethods="1" />
              <MetadataToken>100663308</MetadataToken>
              <Name>System.Void Task.API.Response.ApiHttpResponse::set_ContentResult(System.Object)</Name>
              <FileRef uid="15" />
              <SequencePoints>
                <SequencePoint vc="12" uspid="238" ordinal="0" offset="0" sl="10" sc="45" el="10" ec="49" bec="0" bev="0" fileid="15" />
              </SequencePoints>
              <BranchPoints />
              <MethodPoint xsi:type="SequencePoint" vc="12" uspid="238" ordinal="0" offset="0" sl="10" sc="45" el="10" ec="49" bec="0" bev="0" fileid="15" />
            </Method>
            <Method visited="false" cyclomaticComplexity="1" sequenceCoverage="0" branchCoverage="0" isConstructor="false" isStatic="false" isGetter="true" isSetter="false">
              <Summary numSequencePoints="1" visitedSequencePoints="0" numBranchPoints="1" visitedBranchPoints="0" sequenceCoverage="0" branchCoverage="0" maxCyclomaticComplexity="1" minCyclomaticComplexity="1" visitedClasses="0" numClasses="0" visitedMethods="0" numMethods="1" />
              <MetadataToken>100663309</MetadataToken>
              <Name>System.Collections.Generic.List`1&lt;Task.API.Response.ErrorStateResponse&gt; Task.API.Response.ApiHttpResponse::get_ErrorResponseMessageList()</Name>
              <FileRef uid="15" />
              <SequencePoints>
                <SequencePoint vc="0" uspid="239" ordinal="0" offset="0" sl="11" sc="68" el="11" ec="72" bec="0" bev="0" fileid="15" />
              </SequencePoints>
              <BranchPoints />
              <MethodPoint xsi:type="SequencePoint" vc="0" uspid="239" ordinal="0" offset="0" sl="11" sc="68" el="11" ec="72" bec="0" bev="0" fileid="15" />
            </Method>
            <Method visited="false" cyclomaticComplexity="1" sequenceCoverage="0" branchCoverage="0" isConstructor="false" isStatic="false" isGetter="false" isSetter="true">
              <Summary numSequencePoints="1" visitedSequencePoints="0" numBranchPoints="1" visitedBranchPoints="0" sequenceCoverage="0" branchCoverage="0" maxCyclomaticComplexity="1" minCyclomaticComplexity="1" visitedClasses="0" numClasses="0" visitedMethods="0" numMethods="1" />
              <MetadataToken>100663310</MetadataToken>
              <Name>System.Void Task.API.Response.ApiHttpResponse::set_ErrorResponseMessageList(System.Collections.Generic.List`1&lt;Task.API.Response.ErrorStateResponse&gt;)</Name>
              <FileRef uid="15" />
              <SequencePoints>
                <SequencePoint vc="0" uspid="240" ordinal="0" offset="0" sl="11" sc="73" el="11" ec="77" bec="0" bev="0" fileid="15" />
              </SequencePoints>
              <BranchPoints />
              <MethodPoint xsi:type="SequencePoint" vc="0" uspid="240" ordinal="0" offset="0" sl="11" sc="73" el="11" ec="77" bec="0" bev="0" fileid="15" />
            </Method>
            <Method visited="true" cyclomaticComplexity="10" sequenceCoverage="90" branchCoverage="64.71" isConstructor="true" isStatic="false" isGetter="false" isSetter="false">
              <Summary numSequencePoints="10" visitedSequencePoints="9" numBranchPoints="17" visitedBranchPoints="11" sequenceCoverage="90" branchCoverage="64.71" maxCyclomaticComplexity="10" minCyclomaticComplexity="10" visitedClasses="0" numClasses="0" visitedMethods="1" numMethods="1" />
              <MetadataToken>100663311</MetadataToken>
              <Name>System.Void Task.API.Response.ApiHttpResponse::.ctor(System.Net.HttpStatusCode,System.Object,System.Collections.Generic.List`1&lt;Task.API.Response.ErrorStateResponse&gt;)</Name>
              <FileRef uid="15" />
              <SequencePoints>
                <SequencePoint vc="12" uspid="241" ordinal="0" offset="0" sl="13" sc="9" el="13" ec="127" bec="0" bev="0" fileid="15" />
                <SequencePoint vc="12" uspid="242" ordinal="1" offset="7" sl="14" sc="9" el="14" ec="10" bec="0" bev="0" fileid="15" />
                <SequencePoint vc="12" uspid="243" ordinal="2" offset="8" sl="15" sc="13" el="15" ec="40" bec="0" bev="0" fileid="15" />
                <SequencePoint vc="12" uspid="244" ordinal="3" offset="16" sl="16" sc="13" el="16" ec="98" bec="6" bev="3" fileid="15" />
                <SequencePoint vc="12" uspid="245" ordinal="4" offset="46" sl="17" sc="17" el="17" ec="43" bec="0" bev="0" fileid="15" />
                <SequencePoint vc="12" uspid="246" ordinal="5" offset="54" sl="18" sc="13" el="18" ec="32" bec="6" bev="5" fileid="15" />
                <SequencePoint vc="12" uspid="247" ordinal="6" offset="216" sl="19" sc="17" el="19" ec="40" bec="0" bev="0" fileid="15" />
                <SequencePoint vc="12" uspid="248" ordinal="7" offset="224" sl="21" sc="13" el="21" ec="64" bec="4" bev="2" fileid="15" />
                <SequencePoint vc="0" uspid="249" ordinal="8" offset="243" sl="22" sc="17" el="22" ec="57" bec="0" bev="0" fileid="15" />
                <SequencePoint vc="12" uspid="250" ordinal="9" offset="251" sl="23" sc="9" el="23" ec="10" bec="0" bev="0" fileid="15" />
              </SequencePoints>
              <BranchPoints>
                <BranchPoint vc="12" uspid="251" ordinal="0" offset="22" sl="16" path="0" offsetend="24" fileid="15" />
                <BranchPoint vc="0" uspid="252" ordinal="1" offset="22" sl="16" path="1" offsetend="41" fileid="15" />
                <BranchPoint vc="0" uspid="253" ordinal="2" offset="25" sl="16" path="0" offsetend="27" fileid="15" />
                <BranchPoint vc="12" uspid="254" ordinal="3" offset="25" sl="16" path="1" offsetend="38" fileid="15" />
                <BranchPoint vc="12" uspid="255" ordinal="4" offset="44" sl="16" path="0" offsetend="46" fileid="15" />
                <BranchPoint vc="0" uspid="256" ordinal="5" offset="44" sl="16" path="1" offsetend="54" fileid="15" />
                <BranchPoint vc="11" uspid="257" ordinal="6" offset="59" sl="18" path="0" offsetchain="61" offsetend="107" fileid="15" />
                <BranchPoint vc="1" uspid="258" ordinal="7" offset="59" sl="18" path="1" offsetend="63" fileid="15" />
                <BranchPoint vc="11" uspid="259" ordinal="8" offset="127" sl="18" path="0" offsetchain="129" offsetend="185" fileid="15" />
                <BranchPoint vc="1" uspid="260" ordinal="9" offset="127" sl="18" path="1" offsetend="131" fileid="15" />
                <BranchPoint vc="12" uspid="261" ordinal="10" offset="214" sl="18" path="0" offsetend="216" fileid="15" />
                <BranchPoint vc="0" uspid="262" ordinal="11" offset="214" sl="18" path="1" offsetend="224" fileid="15" />
                <BranchPoint vc="0" uspid="263" ordinal="12" offset="225" sl="21" path="0" offsetend="227" fileid="15" />
                <BranchPoint vc="12" uspid="264" ordinal="13" offset="225" sl="21" path="1" offsetend="238" fileid="15" />
                <BranchPoint vc="0" uspid="265" ordinal="14" offset="241" sl="21" path="0" offsetend="243" fileid="15" />
                <BranchPoint vc="12" uspid="266" ordinal="15" offset="241" sl="21" path="1" offsetend="251" fileid="15" />
              </BranchPoints>
              <MethodPoint xsi:type="SequencePoint" vc="12" uspid="241" ordinal="0" offset="0" sl="13" sc="9" el="13" ec="127" bec="0" bev="0" fileid="15" />
            </Method>
            <Method visited="false" cyclomaticComplexity="1" sequenceCoverage="0" branchCoverage="0" isConstructor="true" isStatic="false" isGetter="false" isSetter="false">
              <Summary numSequencePoints="3" visitedSequencePoints="0" numBranchPoints="1" visitedBranchPoints="0" sequenceCoverage="0" branchCoverage="0" maxCyclomaticComplexity="1" minCyclomaticComplexity="1" visitedClasses="0" numClasses="0" visitedMethods="0" numMethods="1" />
              <MetadataToken>100663312</MetadataToken>
              <Name>System.Void Task.API.Response.ApiHttpResponse::.ctor()</Name>
              <FileRef uid="15" />
              <SequencePoints>
                <SequencePoint vc="0" uspid="267" ordinal="0" offset="0" sl="24" sc="9" el="24" ec="33" bec="0" bev="0" fileid="15" />
                <SequencePoint vc="0" uspid="268" ordinal="1" offset="7" sl="25" sc="9" el="25" ec="10" bec="0" bev="0" fileid="15" />
                <SequencePoint vc="0" uspid="269" ordinal="2" offset="8" sl="26" sc="9" el="26" ec="10" bec="0" bev="0" fileid="15" />
              </SequencePoints>
              <BranchPoints />
              <MethodPoint xsi:type="SequencePoint" vc="0" uspid="267" ordinal="0" offset="0" sl="24" sc="9" el="24" ec="33" bec="0" bev="0" fileid="15" />
            </Method>
          </Methods>
        </Class>
        <Class>
          <Summary numSequencePoints="0" visitedSequencePoints="0" numBranchPoints="0" visitedBranchPoints="0" sequenceCoverage="0" branchCoverage="0" maxCyclomaticComplexity="0" minCyclomaticComplexity="0" visitedClasses="0" numClasses="0" visitedMethods="0" numMethods="0" />
          <FullName>Task.API.Response.ApiHttpResponse/&lt;&gt;o__12</FullName>
          <Methods />
        </Class>
        <Class>
          <Summary numSequencePoints="6" visitedSequencePoints="6" numBranchPoints="1" visitedBranchPoints="1" sequenceCoverage="100" branchCoverage="100" maxCyclomaticComplexity="1" minCyclomaticComplexity="1" visitedClasses="1" numClasses="1" visitedMethods="1" numMethods="1" />
          <FullName>Task.API.Response.BaseResponseMessage</FullName>
          <Methods>
            <Method visited="true" cyclomaticComplexity="1" sequenceCoverage="100" branchCoverage="100" isConstructor="false" isStatic="true" isGetter="false" isSetter="false">
              <Summary numSequencePoints="6" visitedSequencePoints="6" numBranchPoints="1" visitedBranchPoints="1" sequenceCoverage="100" branchCoverage="100" maxCyclomaticComplexity="1" minCyclomaticComplexity="1" visitedClasses="0" numClasses="0" visitedMethods="1" numMethods="1" />
              <MetadataToken>100663313</MetadataToken>
              <Name>System.Net.Http.HttpResponseMessage Task.API.Response.BaseResponseMessage::BuildApiResponse(System.Net.Http.HttpRequestMessage,System.Net.HttpStatusCode,System.Object,System.Collections.Generic.List`1&lt;Task.API.Response.ErrorStateResponse&gt;)</Name>
              <FileRef uid="16" />
              <SequencePoints>
                <SequencePoint vc="12" uspid="270" ordinal="0" offset="0" sl="12" sc="9" el="12" ec="10" bec="0" bev="0" fileid="16" />
                <SequencePoint vc="12" uspid="271" ordinal="1" offset="1" sl="13" sc="13" el="13" ec="83" bec="0" bev="0" fileid="16" />
                <SequencePoint vc="12" uspid="272" ordinal="2" offset="10" sl="14" sc="13" el="14" ec="74" bec="0" bev="0" fileid="16" />
                <SequencePoint vc="12" uspid="273" ordinal="3" offset="19" sl="15" sc="13" el="15" ec="49" bec="0" bev="0" fileid="16" />
                <SequencePoint vc="12" uspid="274" ordinal="4" offset="32" sl="16" sc="13" el="16" ec="29" bec="0" bev="0" fileid="16" />
                <SequencePoint vc="12" uspid="275" ordinal="5" offset="36" sl="17" sc="9" el="17" ec="10" bec="0" bev="0" fileid="16" />
              </SequencePoints>
              <BranchPoints />
              <MethodPoint xsi:type="SequencePoint" vc="12" uspid="270" ordinal="0" offset="0" sl="12" sc="9" el="12" ec="10" bec="0" bev="0" fileid="16" />
            </Method>
          </Methods>
        </Class>
        <Class>
          <Summary numSequencePoints="48" visitedSequencePoints="0" numBranchPoints="21" visitedBranchPoints="0" sequenceCoverage="0" branchCoverage="0" maxCyclomaticComplexity="9" minCyclomaticComplexity="1" visitedClasses="0" numClasses="1" visitedMethods="0" numMethods="7" />
          <FullName>Task.API.Response.ErrorStateResponse</FullName>
          <Methods>
            <Method visited="false" cyclomaticComplexity="1" sequenceCoverage="0" branchCoverage="0" isConstructor="false" isStatic="false" isGetter="true" isSetter="false">
              <Summary numSequencePoints="1" visitedSequencePoints="0" numBranchPoints="1" visitedBranchPoints="0" sequenceCoverage="0" branchCoverage="0" maxCyclomaticComplexity="1" minCyclomaticComplexity="1" visitedClasses="0" numClasses="0" visitedMethods="0" numMethods="1" />
              <MetadataToken>100663314</MetadataToken>
              <Name>System.String Task.API.Response.ErrorStateResponse::get_ErrorCode()</Name>
              <FileRef uid="17" />
              <SequencePoints>
                <SequencePoint vc="0" uspid="276" ordinal="0" offset="0" sl="10" sc="35" el="10" ec="39" bec="0" bev="0" fileid="17" />
              </SequencePoints>
              <BranchPoints />
              <MethodPoint xsi:type="SequencePoint" vc="0" uspid="276" ordinal="0" offset="0" sl="10" sc="35" el="10" ec="39" bec="0" bev="0" fileid="17" />
            </Method>
            <Method visited="false" cyclomaticComplexity="1" sequenceCoverage="0" branchCoverage="0" isConstructor="false" isStatic="false" isGetter="false" isSetter="true">
              <Summary numSequencePoints="1" visitedSequencePoints="0" numBranchPoints="1" visitedBranchPoints="0" sequenceCoverage="0" branchCoverage="0" maxCyclomaticComplexity="1" minCyclomaticComplexity="1" visitedClasses="0" numClasses="0" visitedMethods="0" numMethods="1" />
              <MetadataToken>100663315</MetadataToken>
              <Name>System.Void Task.API.Response.ErrorStateResponse::set_ErrorCode(System.String)</Name>
              <FileRef uid="17" />
              <SequencePoints>
                <SequencePoint vc="0" uspid="277" ordinal="0" offset="0" sl="10" sc="40" el="10" ec="44" bec="0" bev="0" fileid="17" />
              </SequencePoints>
              <BranchPoints />
              <MethodPoint xsi:type="SequencePoint" vc="0" uspid="277" ordinal="0" offset="0" sl="10" sc="40" el="10" ec="44" bec="0" bev="0" fileid="17" />
            </Method>
            <Method visited="false" cyclomaticComplexity="1" sequenceCoverage="0" branchCoverage="0" isConstructor="false" isStatic="false" isGetter="true" isSetter="false">
              <Summary numSequencePoints="1" visitedSequencePoints="0" numBranchPoints="1" visitedBranchPoints="0" sequenceCoverage="0" branchCoverage="0" maxCyclomaticComplexity="1" minCyclomaticComplexity="1" visitedClasses="0" numClasses="0" visitedMethods="0" numMethods="1" />
              <MetadataToken>100663316</MetadataToken>
              <Name>System.String Task.API.Response.ErrorStateResponse::get_ErrorMessage()</Name>
              <FileRef uid="17" />
              <SequencePoints>
                <SequencePoint vc="0" uspid="278" ordinal="0" offset="0" sl="11" sc="38" el="11" ec="42" bec="0" bev="0" fileid="17" />
              </SequencePoints>
              <BranchPoints />
              <MethodPoint xsi:type="SequencePoint" vc="0" uspid="278" ordinal="0" offset="0" sl="11" sc="38" el="11" ec="42" bec="0" bev="0" fileid="17" />
            </Method>
            <Method visited="false" cyclomaticComplexity="1" sequenceCoverage="0" branchCoverage="0" isConstructor="false" isStatic="false" isGetter="false" isSetter="true">
              <Summary numSequencePoints="1" visitedSequencePoints="0" numBranchPoints="1" visitedBranchPoints="0" sequenceCoverage="0" branchCoverage="0" maxCyclomaticComplexity="1" minCyclomaticComplexity="1" visitedClasses="0" numClasses="0" visitedMethods="0" numMethods="1" />
              <MetadataToken>100663317</MetadataToken>
              <Name>System.Void Task.API.Response.ErrorStateResponse::set_ErrorMessage(System.String)</Name>
              <FileRef uid="17" />
              <SequencePoints>
                <SequencePoint vc="0" uspid="279" ordinal="0" offset="0" sl="11" sc="43" el="11" ec="47" bec="0" bev="0" fileid="17" />
              </SequencePoints>
              <BranchPoints />
              <MethodPoint xsi:type="SequencePoint" vc="0" uspid="279" ordinal="0" offset="0" sl="11" sc="43" el="11" ec="47" bec="0" bev="0" fileid="17" />
            </Method>
            <Method visited="false" cyclomaticComplexity="9" sequenceCoverage="0" branchCoverage="0" isConstructor="false" isStatic="true" isGetter="false" isSetter="false">
              <Summary numSequencePoints="23" visitedSequencePoints="0" numBranchPoints="11" visitedBranchPoints="0" sequenceCoverage="0" branchCoverage="0" maxCyclomaticComplexity="9" minCyclomaticComplexity="9" visitedClasses="0" numClasses="0" visitedMethods="0" numMethods="1" />
              <MetadataToken>100663318</MetadataToken>
              <Name>System.Collections.Generic.List`1&lt;Task.API.Response.ErrorStateResponse&gt; Task.API.Response.ErrorStateResponse::BuildErrorList(System.Web.Http.ModelBinding.ModelStateDictionary)</Name>
              <FileRef uid="17" />
              <SequencePoints>
                <SequencePoint vc="0" uspid="280" ordinal="0" offset="0" sl="14" sc="9" el="14" ec="10" bec="0" bev="0" fileid="17" />
                <SequencePoint vc="0" uspid="281" ordinal="1" offset="1" sl="15" sc="13" el="15" ec="57" bec="0" bev="0" fileid="17" />
                <SequencePoint vc="0" uspid="282" ordinal="2" offset="7" sl="16" sc="13" el="16" ec="20" bec="0" bev="0" fileid="17" />
                <SequencePoint vc="0" uspid="283" ordinal="3" offset="8" sl="16" sc="35" el="16" ec="40" bec="0" bev="0" fileid="17" />
                <SequencePoint vc="0" uspid="284" ordinal="4" offset="20" sl="16" sc="22" el="16" ec="31" bec="0" bev="0" fileid="17" />
                <SequencePoint vc="0" uspid="285" ordinal="5" offset="27" sl="17" sc="13" el="17" ec="14" bec="0" bev="0" fileid="17" />
                <SequencePoint vc="0" uspid="286" ordinal="6" offset="28" sl="18" sc="17" el="18" ec="24" bec="0" bev="0" fileid="17" />
                <SequencePoint vc="0" uspid="287" ordinal="7" offset="29" sl="18" sc="39" el="18" ec="57" bec="0" bev="0" fileid="17" />
                <SequencePoint vc="0" uspid="288" ordinal="8" offset="52" sl="18" sc="26" el="18" ec="35" bec="0" bev="0" fileid="17" />
                <SequencePoint vc="0" uspid="289" ordinal="9" offset="60" sl="19" sc="17" el="19" ec="18" bec="0" bev="0" fileid="17" />
                <SequencePoint vc="0" uspid="290" ordinal="10" offset="61" sl="20" sc="21" el="20" ec="49" bec="2" bev="0" fileid="17" />
                <SequencePoint vc="0" uspid="291" ordinal="11" offset="80" sl="21" sc="21" el="21" ec="22" bec="0" bev="0" fileid="17" />
                <SequencePoint vc="0" uspid="292" ordinal="12" offset="81" sl="22" sc="25" el="22" ec="77" bec="0" bev="0" fileid="17" />
                <SequencePoint vc="0" uspid="293" ordinal="13" offset="106" sl="23" sc="25" el="23" ec="53" bec="4" bev="0" fileid="17" />
                <SequencePoint vc="0" uspid="294" ordinal="14" offset="129" sl="24" sc="29" el="24" ec="146" bec="0" bev="0" fileid="17" />
                <SequencePoint vc="0" uspid="295" ordinal="15" offset="175" sl="26" sc="29" el="26" ec="127" bec="0" bev="0" fileid="17" />
                <SequencePoint vc="0" uspid="296" ordinal="16" offset="215" sl="27" sc="21" el="27" ec="22" bec="0" bev="0" fileid="17" />
                <SequencePoint vc="0" uspid="297" ordinal="17" offset="216" sl="28" sc="17" el="28" ec="18" bec="0" bev="0" fileid="17" />
                <SequencePoint vc="0" uspid="298" ordinal="18" offset="217" sl="18" sc="36" el="18" ec="38" bec="2" bev="0" fileid="17" />
                <SequencePoint vc="0" uspid="299" ordinal="19" offset="241" sl="29" sc="13" el="29" ec="14" bec="0" bev="0" fileid="17" />
                <SequencePoint vc="0" uspid="300" ordinal="20" offset="242" sl="16" sc="32" el="16" ec="34" bec="2" bev="0" fileid="17" />
                <SequencePoint vc="0" uspid="301" ordinal="21" offset="266" sl="31" sc="13" el="31" ec="27" bec="0" bev="0" fileid="17" />
                <SequencePoint vc="0" uspid="302" ordinal="22" offset="271" sl="32" sc="9" el="32" ec="10" bec="0" bev="0" fileid="17" />
              </SequencePoints>
              <BranchPoints>
                <BranchPoint vc="0" uspid="303" ordinal="0" offset="75" sl="20" path="0" offsetend="80" fileid="17" />
                <BranchPoint vc="0" uspid="304" ordinal="1" offset="75" sl="20" path="1" offsetend="216" fileid="17" />
                <BranchPoint vc="0" uspid="305" ordinal="2" offset="108" sl="23" path="0" offsetend="110" fileid="17" />
                <BranchPoint vc="0" uspid="306" ordinal="3" offset="108" sl="23" path="1" offsetend="113" fileid="17" />
                <BranchPoint vc="0" uspid="307" ordinal="4" offset="127" sl="23" path="0" offsetend="129" fileid="17" />
                <BranchPoint vc="0" uspid="308" ordinal="5" offset="127" sl="23" path="1" offsetend="175" fileid="17" />
                <BranchPoint vc="0" uspid="309" ordinal="6" offset="223" sl="18" path="0" offsetend="228" fileid="17" />
                <BranchPoint vc="0" uspid="310" ordinal="7" offset="223" sl="18" path="1" offsetend="52" fileid="17" />
                <BranchPoint vc="0" uspid="311" ordinal="8" offset="248" sl="16" path="0" offsetend="253" fileid="17" />
                <BranchPoint vc="0" uspid="312" ordinal="9" offset="248" sl="16" path="1" offsetend="20" fileid="17" />
              </BranchPoints>
              <MethodPoint xsi:type="SequencePoint" vc="0" uspid="280" ordinal="0" offset="0" sl="14" sc="9" el="14" ec="10" bec="0" bev="0" fileid="17" />
            </Method>
            <Method visited="false" cyclomaticComplexity="3" sequenceCoverage="0" branchCoverage="0" isConstructor="false" isStatic="true" isGetter="false" isSetter="false">
              <Summary numSequencePoints="16" visitedSequencePoints="0" numBranchPoints="5" visitedBranchPoints="0" sequenceCoverage="0" branchCoverage="0" maxCyclomaticComplexity="3" minCyclomaticComplexity="3" visitedClasses="0" numClasses="0" visitedMethods="0" numMethods="1" />
              <MetadataToken>100663319</MetadataToken>
              <Name>Task.API.Response.ErrorStateResponse Task.API.Response.ErrorStateResponse::BuildErrorMessage(System.String)</Name>
              <FileRef uid="17" />
              <SequencePoints>
                <SequencePoint vc="0" uspid="313" ordinal="0" offset="0" sl="35" sc="9" el="35" ec="10" bec="0" bev="0" fileid="17" />
                <SequencePoint vc="0" uspid="314" ordinal="1" offset="1" sl="36" sc="13" el="36" ec="65" bec="0" bev="0" fileid="17" />
                <SequencePoint vc="0" uspid="315" ordinal="2" offset="7" sl="37" sc="13" el="37" ec="53" bec="2" bev="0" fileid="17" />
                <SequencePoint vc="0" uspid="316" ordinal="3" offset="20" sl="38" sc="13" el="38" ec="14" bec="0" bev="0" fileid="17" />
                <SequencePoint vc="0" uspid="317" ordinal="4" offset="21" sl="39" sc="17" el="39" ec="48" bec="2" bev="0" fileid="17" />
                <SequencePoint vc="0" uspid="318" ordinal="5" offset="36" sl="40" sc="17" el="40" ec="18" bec="0" bev="0" fileid="17" />
                <SequencePoint vc="0" uspid="319" ordinal="6" offset="37" sl="41" sc="21" el="41" ec="67" bec="0" bev="0" fileid="17" />
                <SequencePoint vc="0" uspid="320" ordinal="7" offset="55" sl="42" sc="21" el="42" ec="64" bec="0" bev="0" fileid="17" />
                <SequencePoint vc="0" uspid="321" ordinal="8" offset="70" sl="43" sc="21" el="43" ec="67" bec="0" bev="0" fileid="17" />
                <SequencePoint vc="0" uspid="322" ordinal="9" offset="85" sl="44" sc="17" el="44" ec="18" bec="0" bev="0" fileid="17" />
                <SequencePoint vc="0" uspid="323" ordinal="10" offset="88" sl="46" sc="17" el="46" ec="18" bec="0" bev="0" fileid="17" />
                <SequencePoint vc="0" uspid="324" ordinal="11" offset="89" sl="47" sc="21" el="47" ec="103" bec="0" bev="0" fileid="17" />
                <SequencePoint vc="0" uspid="325" ordinal="12" offset="115" sl="48" sc="17" el="48" ec="18" bec="0" bev="0" fileid="17" />
                <SequencePoint vc="0" uspid="326" ordinal="13" offset="116" sl="49" sc="13" el="49" ec="14" bec="0" bev="0" fileid="17" />
                <SequencePoint vc="0" uspid="327" ordinal="14" offset="117" sl="51" sc="13" el="51" ec="26" bec="0" bev="0" fileid="17" />
                <SequencePoint vc="0" uspid="328" ordinal="15" offset="122" sl="52" sc="9" el="52" ec="10" bec="0" bev="0" fileid="17" />
              </SequencePoints>
              <BranchPoints>
                <BranchPoint vc="0" uspid="329" ordinal="0" offset="18" sl="37" path="0" offsetend="20" fileid="17" />
                <BranchPoint vc="0" uspid="330" ordinal="1" offset="18" sl="37" path="1" offsetend="117" fileid="17" />
                <BranchPoint vc="0" uspid="331" ordinal="2" offset="34" sl="39" path="0" offsetend="36" fileid="17" />
                <BranchPoint vc="0" uspid="332" ordinal="3" offset="34" sl="39" path="1" offsetend="88" fileid="17" />
              </BranchPoints>
              <MethodPoint xsi:type="SequencePoint" vc="0" uspid="313" ordinal="0" offset="0" sl="35" sc="9" el="35" ec="10" bec="0" bev="0" fileid="17" />
            </Method>
            <Method visited="false" cyclomaticComplexity="1" sequenceCoverage="0" branchCoverage="0" isConstructor="false" isStatic="true" isGetter="false" isSetter="false">
              <Summary numSequencePoints="5" visitedSequencePoints="0" numBranchPoints="1" visitedBranchPoints="0" sequenceCoverage="0" branchCoverage="0" maxCyclomaticComplexity="1" minCyclomaticComplexity="1" visitedClasses="0" numClasses="0" visitedMethods="0" numMethods="1" />
              <MetadataToken>100663320</MetadataToken>
              <Name>System.Collections.Generic.List`1&lt;Task.API.Response.ErrorStateResponse&gt; Task.API.Response.ErrorStateResponse::BuildErrorList(System.String)</Name>
              <FileRef uid="17" />
              <SequencePoints>
                <SequencePoint vc="0" uspid="333" ordinal="0" offset="0" sl="54" sc="9" el="54" ec="10" bec="0" bev="0" fileid="17" />
                <SequencePoint vc="0" uspid="334" ordinal="1" offset="1" sl="55" sc="13" el="55" ec="57" bec="0" bev="0" fileid="17" />
                <SequencePoint vc="0" uspid="335" ordinal="2" offset="7" sl="56" sc="13" el="56" ec="97" bec="0" bev="0" fileid="17" />
                <SequencePoint vc="0" uspid="336" ordinal="3" offset="39" sl="57" sc="13" el="57" ec="27" bec="0" bev="0" fileid="17" />
                <SequencePoint vc="0" uspid="337" ordinal="4" offset="43" sl="58" sc="9" el="58" ec="10" bec="0" bev="0" fileid="17" />
              </SequencePoints>
              <BranchPoints />
              <MethodPoint xsi:type="SequencePoint" vc="0" uspid="333" ordinal="0" offset="0" sl="54" sc="9" el="54" ec="10" bec="0" bev="0" fileid="17" />
            </Method>
            <Method visited="false" cyclomaticComplexity="1" sequenceCoverage="0" branchCoverage="0" isConstructor="true" isStatic="false" isGetter="false" isSetter="false">
              <Summary numSequencePoints="0" visitedSequencePoints="0" numBranchPoints="0" visitedBranchPoints="0" sequenceCoverage="0" branchCoverage="0" maxCyclomaticComplexity="1" minCyclomaticComplexity="1" visitedClasses="0" numClasses="0" visitedMethods="0" numMethods="0" />
              <MetadataToken>100663321</MetadataToken>
              <Name>System.Void Task.API.Response.ErrorStateResponse::.ctor()</Name>
              <SequencePoints />
              <BranchPoints />
              <MethodPoint vc="0" uspid="338" ordinal="0" offset="0" />
            </Method>
          </Methods>
        </Class>
        <Class>
          <Summary numSequencePoints="89" visitedSequencePoints="52" numBranchPoints="22" visitedBranchPoints="16" sequenceCoverage="58.43" branchCoverage="72.73" maxCyclomaticComplexity="6" minCyclomaticComplexity="1" visitedClasses="1" numClasses="1" visitedMethods="7" numMethods="8" />
          <FullName>Task.API.Controllers.TaskController</FullName>
          <Methods>
            <Method visited="true" cyclomaticComplexity="1" sequenceCoverage="100" branchCoverage="100" isConstructor="false" isStatic="false" isGetter="true" isSetter="false">
              <Summary numSequencePoints="1" visitedSequencePoints="1" numBranchPoints="1" visitedBranchPoints="1" sequenceCoverage="100" branchCoverage="100" maxCyclomaticComplexity="1" minCyclomaticComplexity="1" visitedClasses="0" numClasses="0" visitedMethods="1" numMethods="1" />
              <MetadataToken>100663322</MetadataToken>
              <Name>TaskManager.Business.TaskApi Task.API.Controllers.TaskController::get_TaskApi()</Name>
              <FileRef uid="18" />
              <SequencePoints>
                <SequencePoint vc="12" uspid="339" ordinal="0" offset="0" sl="19" sc="35" el="19" ec="39" bec="0" bev="0" fileid="18" />
              </SequencePoints>
              <BranchPoints />
              <MethodPoint xsi:type="SequencePoint" vc="12" uspid="339" ordinal="0" offset="0" sl="19" sc="35" el="19" ec="39" bec="0" bev="0" fileid="18" />
            </Method>
            <Method visited="true" cyclomaticComplexity="1" sequenceCoverage="100" branchCoverage="100" isConstructor="false" isStatic="false" isGetter="false" isSetter="true">
              <Summary numSequencePoints="1" visitedSequencePoints="1" numBranchPoints="1" visitedBranchPoints="1" sequenceCoverage="100" branchCoverage="100" maxCyclomaticComplexity="1" minCyclomaticComplexity="1" visitedClasses="0" numClasses="0" visitedMethods="1" numMethods="1" />
              <MetadataToken>100663323</MetadataToken>
              <Name>System.Void Task.API.Controllers.TaskController::set_TaskApi(TaskManager.Business.TaskApi)</Name>
              <FileRef uid="18" />
              <SequencePoints>
                <SequencePoint vc="6" uspid="340" ordinal="0" offset="0" sl="19" sc="40" el="19" ec="44" bec="0" bev="0" fileid="18" />
              </SequencePoints>
              <BranchPoints />
              <MethodPoint xsi:type="SequencePoint" vc="6" uspid="340" ordinal="0" offset="0" sl="19" sc="40" el="19" ec="44" bec="0" bev="0" fileid="18" />
            </Method>
            <Method visited="true" cyclomaticComplexity="1" sequenceCoverage="100" branchCoverage="100" isConstructor="true" isStatic="false" isGetter="false" isSetter="false">
              <Summary numSequencePoints="4" visitedSequencePoints="4" numBranchPoints="1" visitedBranchPoints="1" sequenceCoverage="100" branchCoverage="100" maxCyclomaticComplexity="1" minCyclomaticComplexity="1" visitedClasses="0" numClasses="0" visitedMethods="1" numMethods="1" />
              <MetadataToken>100663324</MetadataToken>
              <Name>System.Void Task.API.Controllers.TaskController::.ctor()</Name>
              <FileRef uid="18" />
              <SequencePoints>
                <SequencePoint vc="6" uspid="341" ordinal="0" offset="0" sl="21" sc="9" el="21" ec="32" bec="0" bev="0" fileid="18" />
                <SequencePoint vc="6" uspid="342" ordinal="1" offset="7" sl="22" sc="9" el="22" ec="10" bec="0" bev="0" fileid="18" />
                <SequencePoint vc="6" uspid="343" ordinal="2" offset="8" sl="23" sc="13" el="23" ec="37" bec="0" bev="0" fileid="18" />
                <SequencePoint vc="6" uspid="344" ordinal="3" offset="20" sl="24" sc="9" el="24" ec="10" bec="0" bev="0" fileid="18" />
              </SequencePoints>
              <BranchPoints />
              <MethodPoint xsi:type="SequencePoint" vc="6" uspid="341" ordinal="0" offset="0" sl="21" sc="9" el="21" ec="32" bec="0" bev="0" fileid="18" />
            </Method>
            <Method visited="true" cyclomaticComplexity="1" sequenceCoverage="57.14" branchCoverage="100" isConstructor="false" isStatic="false" isGetter="false" isSetter="false">
              <Summary numSequencePoints="14" visitedSequencePoints="8" numBranchPoints="1" visitedBranchPoints="1" sequenceCoverage="57.14" branchCoverage="100" maxCyclomaticComplexity="1" minCyclomaticComplexity="1" visitedClasses="0" numClasses="0" visitedMethods="1" numMethods="1" />
              <MetadataToken>100663325</MetadataToken>
              <Name>System.Net.Http.HttpResponseMessage Task.API.Controllers.TaskController::Get()</Name>
              <FileRef uid="18" />
              <SequencePoints>
                <SequencePoint vc="2" uspid="345" ordinal="0" offset="0" sl="34" sc="9" el="34" ec="10" bec="0" bev="0" fileid="18" />
                <SequencePoint vc="2" uspid="346" ordinal="1" offset="1" sl="35" sc="13" el="35" ec="52" bec="0" bev="0" fileid="18" />
                <SequencePoint vc="2" uspid="347" ordinal="2" offset="3" sl="36" sc="13" el="36" ec="53" bec="0" bev="0" fileid="18" />
                <SequencePoint vc="2" uspid="348" ordinal="3" offset="15" sl="37" sc="13" el="37" ec="68" bec="0" bev="0" fileid="18" />
                <SequencePoint vc="2" uspid="349" ordinal="4" offset="32" sl="39" sc="13" el="39" ec="14" bec="0" bev="0" fileid="18" />
                <SequencePoint vc="2" uspid="350" ordinal="5" offset="33" sl="40" sc="17" el="40" ec="58" bec="0" bev="0" fileid="18" />
                <SequencePoint vc="2" uspid="351" ordinal="6" offset="45" sl="41" sc="17" el="41" ec="109" bec="0" bev="0" fileid="18" />
                <SequencePoint vc="0" uspid="352" ordinal="7" offset="66" sl="43" sc="13" el="43" ec="33" bec="0" bev="0" fileid="18" />
                <SequencePoint vc="0" uspid="353" ordinal="8" offset="67" sl="44" sc="13" el="44" ec="14" bec="0" bev="0" fileid="18" />
                <SequencePoint vc="0" uspid="354" ordinal="9" offset="68" sl="45" sc="17" el="45" ec="57" bec="0" bev="0" fileid="18" />
                <SequencePoint vc="0" uspid="355" ordinal="10" offset="74" sl="46" sc="17" el="46" ec="78" bec="0" bev="0" fileid="18" />
                <SequencePoint vc="0" uspid="356" ordinal="11" offset="92" sl="47" sc="13" el="47" ec="14" bec="0" bev="0" fileid="18" />
                <SequencePoint vc="0" uspid="357" ordinal="12" offset="95" sl="48" sc="13" el="48" ec="107" bec="0" bev="0" fileid="18" />
                <SequencePoint vc="2" uspid="358" ordinal="13" offset="116" sl="49" sc="9" el="49" ec="10" bec="0" bev="0" fileid="18" />
              </SequencePoints>
              <BranchPoints />
              <MethodPoint xsi:type="SequencePoint" vc="2" uspid="345" ordinal="0" offset="0" sl="34" sc="9" el="34" ec="10" bec="0" bev="0" fileid="18" />
            </Method>
            <Method visited="true" cyclomaticComplexity="1" sequenceCoverage="57.14" branchCoverage="100" isConstructor="false" isStatic="false" isGetter="false" isSetter="false">
              <Summary numSequencePoints="14" visitedSequencePoints="8" numBranchPoints="1" visitedBranchPoints="1" sequenceCoverage="57.14" branchCoverage="100" maxCyclomaticComplexity="1" minCyclomaticComplexity="1" visitedClasses="0" numClasses="0" visitedMethods="1" numMethods="1" />
              <MetadataToken>100663326</MetadataToken>
              <Name>System.Net.Http.HttpResponseMessage Task.API.Controllers.TaskController::GetTasks()</Name>
              <FileRef uid="18" />
              <SequencePoints>
                <SequencePoint vc="2" uspid="359" ordinal="0" offset="0" sl="59" sc="9" el="59" ec="10" bec="0" bev="0" fileid="18" />
                <SequencePoint vc="2" uspid="360" ordinal="1" offset="1" sl="60" sc="13" el="60" ec="52" bec="0" bev="0" fileid="18" />
                <SequencePoint vc="2" uspid="361" ordinal="2" offset="3" sl="61" sc="13" el="61" ec="53" bec="0" bev="0" fileid="18" />
                <SequencePoint vc="2" uspid="362" ordinal="3" offset="15" sl="62" sc="13" el="62" ec="68" bec="0" bev="0" fileid="18" />
                <SequencePoint vc="2" uspid="363" ordinal="4" offset="32" sl="64" sc="13" el="64" ec="14" bec="0" bev="0" fileid="18" />
                <SequencePoint vc="2" uspid="364" ordinal="5" offset="33" sl="65" sc="17" el="65" ec="54" bec="0" bev="0" fileid="18" />
                <SequencePoint vc="2" uspid="365" ordinal="6" offset="45" sl="66" sc="17" el="66" ec="104" bec="0" bev="0" fileid="18" />
                <SequencePoint vc="0" uspid="366" ordinal="7" offset="66" sl="68" sc="13" el="68" ec="33" bec="0" bev="0" fileid="18" />
                <SequencePoint vc="0" uspid="367" ordinal="8" offset="67" sl="69" sc="13" el="69" ec="14" bec="0" bev="0" fileid="18" />
                <SequencePoint vc="0" uspid="368" ordinal="9" offset="68" sl="70" sc="17" el="70" ec="57" bec="0" bev="0" fileid="18" />
                <SequencePoint vc="0" uspid="369" ordinal="10" offset="74" sl="71" sc="17" el="71" ec="78" bec="0" bev="0" fileid="18" />
                <SequencePoint vc="0" uspid="370" ordinal="11" offset="92" sl="72" sc="13" el="72" ec="14" bec="0" bev="0" fileid="18" />
                <SequencePoint vc="0" uspid="371" ordinal="12" offset="95" sl="73" sc="13" el="73" ec="107" bec="0" bev="0" fileid="18" />
                <SequencePoint vc="2" uspid="372" ordinal="13" offset="116" sl="74" sc="9" el="74" ec="10" bec="0" bev="0" fileid="18" />
              </SequencePoints>
              <BranchPoints />
              <MethodPoint xsi:type="SequencePoint" vc="2" uspid="359" ordinal="0" offset="0" sl="59" sc="9" el="59" ec="10" bec="0" bev="0" fileid="18" />
            </Method>
            <Method visited="true" cyclomaticComplexity="6" sequenceCoverage="61.29" branchCoverage="72.73" isConstructor="false" isStatic="false" isGetter="false" isSetter="false">
              <Summary numSequencePoints="31" visitedSequencePoints="19" numBranchPoints="11" visitedBranchPoints="8" sequenceCoverage="61.29" branchCoverage="72.73" maxCyclomaticComplexity="6" minCyclomaticComplexity="6" visitedClasses="0" numClasses="0" visitedMethods="1" numMethods="1" />
              <MetadataToken>100663327</MetadataToken>
              <Name>System.Net.Http.HttpResponseMessage Task.API.Controllers.TaskController::Post(TaskManager.Model.TASK_DETAILS)</Name>
              <FileRef uid="18" />
              <SequencePoints>
                <SequencePoint vc="6" uspid="373" ordinal="0" offset="0" sl="84" sc="9" el="84" ec="10" bec="0" bev="0" fileid="18" />
                <SequencePoint vc="6" uspid="374" ordinal="1" offset="1" sl="85" sc="13" el="85" ec="52" bec="0" bev="0" fileid="18" />
                <SequencePoint vc="6" uspid="375" ordinal="2" offset="3" sl="86" sc="13" el="86" ec="53" bec="0" bev="0" fileid="18" />
                <SequencePoint vc="6" uspid="376" ordinal="3" offset="15" sl="87" sc="13" el="87" ec="68" bec="0" bev="0" fileid="18" />
                <SequencePoint vc="6" uspid="377" ordinal="4" offset="32" sl="89" sc="13" el="89" ec="14" bec="0" bev="0" fileid="18" />
                <SequencePoint vc="6" uspid="378" ordinal="5" offset="33" sl="90" sc="17" el="90" ec="37" bec="2" bev="1" fileid="18" />
                <SequencePoint vc="6" uspid="379" ordinal="6" offset="44" sl="91" sc="17" el="91" ec="18" bec="0" bev="0" fileid="18" />
                <SequencePoint vc="6" uspid="380" ordinal="7" offset="45" sl="92" sc="21" el="92" ec="91" bec="4" bev="4" fileid="18" />
                <SequencePoint vc="2" uspid="381" ordinal="8" offset="81" sl="93" sc="21" el="93" ec="22" bec="0" bev="0" fileid="18" />
                <SequencePoint vc="2" uspid="382" ordinal="9" offset="82" sl="94" sc="25" el="94" ec="62" bec="2" bev="1" fileid="18" />
                <SequencePoint vc="2" uspid="383" ordinal="10" offset="92" sl="95" sc="25" el="95" ec="26" bec="0" bev="0" fileid="18" />
                <SequencePoint vc="2" uspid="384" ordinal="11" offset="93" sl="96" sc="29" el="96" ec="88" bec="0" bev="0" fileid="18" />
                <SequencePoint vc="2" uspid="385" ordinal="12" offset="107" sl="97" sc="29" el="97" ec="128" bec="0" bev="0" fileid="18" />
                <SequencePoint vc="0" uspid="386" ordinal="13" offset="138" sl="99" sc="21" el="99" ec="22" bec="0" bev="0" fileid="18" />
                <SequencePoint vc="4" uspid="387" ordinal="14" offset="141" sl="101" sc="21" el="101" ec="22" bec="0" bev="0" fileid="18" />
                <SequencePoint vc="4" uspid="388" ordinal="15" offset="142" sl="102" sc="25" el="102" ec="59" bec="2" bev="1" fileid="18" />
                <SequencePoint vc="4" uspid="389" ordinal="16" offset="154" sl="103" sc="25" el="103" ec="26" bec="0" bev="0" fileid="18" />
                <SequencePoint vc="4" uspid="390" ordinal="17" offset="155" sl="104" sc="29" el="104" ec="85" bec="0" bev="0" fileid="18" />
                <SequencePoint vc="4" uspid="391" ordinal="18" offset="169" sl="105" sc="29" el="105" ec="128" bec="0" bev="0" fileid="18" />
                <SequencePoint vc="0" uspid="392" ordinal="19" offset="197" sl="107" sc="21" el="107" ec="22" bec="0" bev="0" fileid="18" />
                <SequencePoint vc="0" uspid="393" ordinal="20" offset="198" sl="108" sc="17" el="108" ec="18" bec="0" bev="0" fileid="18" />
                <SequencePoint vc="0" uspid="394" ordinal="21" offset="199" sl="110" sc="17" el="110" ec="57" bec="0" bev="0" fileid="18" />
                <SequencePoint vc="0" uspid="395" ordinal="22" offset="205" sl="111" sc="17" el="111" ec="85" bec="0" bev="0" fileid="18" />
                <SequencePoint vc="0" uspid="396" ordinal="23" offset="222" sl="112" sc="17" el="112" ec="103" bec="0" bev="0" fileid="18" />
                <SequencePoint vc="0" uspid="397" ordinal="24" offset="244" sl="114" sc="13" el="114" ec="33" bec="0" bev="0" fileid="18" />
                <SequencePoint vc="0" uspid="398" ordinal="25" offset="246" sl="115" sc="13" el="115" ec="14" bec="0" bev="0" fileid="18" />
                <SequencePoint vc="0" uspid="399" ordinal="26" offset="247" sl="116" sc="17" el="116" ec="57" bec="0" bev="0" fileid="18" />
                <SequencePoint vc="0" uspid="400" ordinal="27" offset="253" sl="117" sc="17" el="117" ec="78" bec="0" bev="0" fileid="18" />
                <SequencePoint vc="0" uspid="401" ordinal="28" offset="272" sl="118" sc="13" el="118" ec="14" bec="0" bev="0" fileid="18" />
                <SequencePoint vc="0" uspid="402" ordinal="29" offset="275" sl="119" sc="13" el="119" ec="107" bec="0" bev="0" fileid="18" />
                <SequencePoint vc="6" uspid="403" ordinal="30" offset="297" sl="120" sc="9" el="120" ec="10" bec="0" bev="0" fileid="18" />
              </SequencePoints>
              <BranchPoints>
                <BranchPoint vc="6" uspid="404" ordinal="0" offset="39" sl="90" path="0" offsetend="44" fileid="18" />
                <BranchPoint vc="0" uspid="405" ordinal="1" offset="39" sl="90" path="1" offsetend="199" fileid="18" />
                <BranchPoint vc="2" uspid="406" ordinal="2" offset="51" sl="92" path="0" offsetend="53" fileid="18" />
                <BranchPoint vc="4" uspid="407" ordinal="3" offset="51" sl="92" path="1" offsetend="76" fileid="18" />
                <BranchPoint vc="2" uspid="408" ordinal="4" offset="79" sl="92" path="0" offsetend="81" fileid="18" />
                <BranchPoint vc="4" uspid="409" ordinal="5" offset="79" sl="92" path="1" offsetend="141" fileid="18" />
                <BranchPoint vc="2" uspid="410" ordinal="6" offset="90" sl="94" path="0" offsetend="92" fileid="18" />
                <BranchPoint vc="0" uspid="411" ordinal="7" offset="90" sl="94" path="1" offsetend="138" fileid="18" />
                <BranchPoint vc="4" uspid="412" ordinal="8" offset="152" sl="102" path="0" offsetend="154" fileid="18" />
                <BranchPoint vc="0" uspid="413" ordinal="9" offset="152" sl="102" path="1" offsetend="197" fileid="18" />
              </BranchPoints>
              <MethodPoint xsi:type="SequencePoint" vc="6" uspid="373" ordinal="0" offset="0" sl="84" sc="9" el="84" ec="10" bec="0" bev="0" fileid="18" />
            </Method>
            <Method visited="true" cyclomaticComplexity="3" sequenceCoverage="52.38" branchCoverage="60" isConstructor="false" isStatic="false" isGetter="false" isSetter="false">
              <Summary numSequencePoints="21" visitedSequencePoints="11" numBranchPoints="5" visitedBranchPoints="3" sequenceCoverage="52.38" branchCoverage="60" maxCyclomaticComplexity="3" minCyclomaticComplexity="3" visitedClasses="0" numClasses="0" visitedMethods="1" numMethods="1" />
              <MetadataToken>100663328</MetadataToken>
              <Name>System.Net.Http.HttpResponseMessage Task.API.Controllers.TaskController::Put(TaskManager.Model.TASK_DETAILS)</Name>
              <FileRef uid="18" />
              <SequencePoints>
                <SequencePoint vc="2" uspid="414" ordinal="0" offset="0" sl="131" sc="9" el="131" ec="10" bec="0" bev="0" fileid="18" />
                <SequencePoint vc="2" uspid="415" ordinal="1" offset="1" sl="132" sc="13" el="132" ec="52" bec="0" bev="0" fileid="18" />
                <SequencePoint vc="2" uspid="416" ordinal="2" offset="3" sl="133" sc="13" el="133" ec="53" bec="0" bev="0" fileid="18" />
                <SequencePoint vc="2" uspid="417" ordinal="3" offset="15" sl="134" sc="13" el="134" ec="68" bec="0" bev="0" fileid="18" />
                <SequencePoint vc="2" uspid="418" ordinal="4" offset="32" sl="136" sc="13" el="136" ec="14" bec="0" bev="0" fileid="18" />
                <SequencePoint vc="2" uspid="419" ordinal="5" offset="33" sl="137" sc="17" el="137" ec="37" bec="2" bev="1" fileid="18" />
                <SequencePoint vc="2" uspid="420" ordinal="6" offset="41" sl="138" sc="17" el="138" ec="18" bec="0" bev="0" fileid="18" />
                <SequencePoint vc="2" uspid="421" ordinal="7" offset="42" sl="139" sc="21" el="139" ec="65" bec="2" bev="1" fileid="18" />
                <SequencePoint vc="0" uspid="422" ordinal="8" offset="65" sl="140" sc="25" el="140" ec="64" bec="0" bev="0" fileid="18" />
                <SequencePoint vc="2" uspid="423" ordinal="9" offset="76" sl="142" sc="21" el="142" ec="77" bec="0" bev="0" fileid="18" />
                <SequencePoint vc="2" uspid="424" ordinal="10" offset="89" sl="143" sc="21" el="143" ec="120" bec="0" bev="0" fileid="18" />
                <SequencePoint vc="0" uspid="425" ordinal="11" offset="116" sl="146" sc="17" el="146" ec="57" bec="0" bev="0" fileid="18" />
                <SequencePoint vc="0" uspid="426" ordinal="12" offset="122" sl="147" sc="17" el="147" ec="85" bec="0" bev="0" fileid="18" />
                <SequencePoint vc="0" uspid="427" ordinal="13" offset="139" sl="148" sc="17" el="148" ec="103" bec="0" bev="0" fileid="18" />
                <SequencePoint vc="0" uspid="428" ordinal="14" offset="161" sl="150" sc="13" el="150" ec="33" bec="0" bev="0" fileid="18" />
                <SequencePoint vc="0" uspid="429" ordinal="15" offset="163" sl="151" sc="13" el="151" ec="14" bec="0" bev="0" fileid="18" />
                <SequencePoint vc="0" uspid="430" ordinal="16" offset="164" sl="152" sc="17" el="152" ec="57" bec="0" bev="0" fileid="18" />
                <SequencePoint vc="0" uspid="431" ordinal="17" offset="170" sl="153" sc="17" el="153" ec="78" bec="0" bev="0" fileid="18" />
                <SequencePoint vc="0" uspid="432" ordinal="18" offset="189" sl="154" sc="13" el="154" ec="14" bec="0" bev="0" fileid="18" />
                <SequencePoint vc="0" uspid="433" ordinal="19" offset="192" sl="155" sc="13" el="155" ec="107" bec="0" bev="0" fileid="18" />
                <SequencePoint vc="2" uspid="434" ordinal="20" offset="214" sl="156" sc="9" el="156" ec="10" bec="0" bev="0" fileid="18" />
              </SequencePoints>
              <BranchPoints>
                <BranchPoint vc="2" uspid="435" ordinal="0" offset="39" sl="137" path="0" offsetend="41" fileid="18" />
                <BranchPoint vc="0" uspid="436" ordinal="1" offset="39" sl="137" path="1" offsetend="116" fileid="18" />
                <BranchPoint vc="0" uspid="437" ordinal="2" offset="63" sl="139" path="0" offsetend="65" fileid="18" />
                <BranchPoint vc="2" uspid="438" ordinal="3" offset="63" sl="139" path="1" offsetend="76" fileid="18" />
              </BranchPoints>
              <MethodPoint xsi:type="SequencePoint" vc="2" uspid="414" ordinal="0" offset="0" sl="131" sc="9" el="131" ec="10" bec="0" bev="0" fileid="18" />
            </Method>
            <Method visited="false" cyclomaticComplexity="1" sequenceCoverage="0" branchCoverage="0" isConstructor="false" isStatic="false" isGetter="false" isSetter="false">
              <Summary numSequencePoints="3" visitedSequencePoints="0" numBranchPoints="1" visitedBranchPoints="0" sequenceCoverage="0" branchCoverage="0" maxCyclomaticComplexity="1" minCyclomaticComplexity="1" visitedClasses="0" numClasses="0" visitedMethods="0" numMethods="1" />
              <MetadataToken>100663329</MetadataToken>
              <Name>System.String Task.API.Controllers.TaskController::Get(System.Int32)</Name>
              <FileRef uid="18" />
              <SequencePoints>
                <SequencePoint vc="0" uspid="439" ordinal="0" offset="0" sl="166" sc="9" el="166" ec="10" bec="0" bev="0" fileid="18" />
                <SequencePoint vc="0" uspid="440" ordinal="1" offset="1" sl="167" sc="13" el="167" ec="28" bec="0" bev="0" fileid="18" />
                <SequencePoint vc="0" uspid="441" ordinal="2" offset="9" sl="168" sc="9" el="168" ec="10" bec="0" bev="0" fileid="18" />
              </SequencePoints>
              <BranchPoints />
              <MethodPoint xsi:type="SequencePoint" vc="0" uspid="439" ordinal="0" offset="0" sl="166" sc="9" el="166" ec="10" bec="0" bev="0" fileid="18" />
            </Method>
          </Methods>
        </Class>
      </Classes>
    </Module>
    <Module skippedDueTo="Filter" hash="8A-C7-A4-D1-73-67-EF-40-FA-1E-E8-2B-66-F2-0B-AB-DC-B0-46-99">
      <FullName>C:\Users\Administrator\Source\Repos\FSE_Cap_TaskMGRAPI\UnitTest\TaskManager.DataAccess.Tests\bin\Debug\System.Web.Http.dll</FullName>
      <ModuleName>System.Web.Http</ModuleName>
      <Classes />
    </Module>
    <Module skippedDueTo="Filter" hash="89-DD-2A-3B-C0-B4-7D-15-D9-76-B9-27-55-4B-FA-41-13-70-B3-D7">
      <FullName>C:\Windows\Microsoft.Net\assembly\GAC_MSIL\System.Net.Http\v4.0_4.0.0.0__b03f5f7f11d50a3a\System.Net.Http.dll</FullName>
      <ModuleName>System.Net.Http</ModuleName>
      <Classes />
    </Module>
    <Module hash="C0-F0-C7-E0-BD-AA-2C-E3-9A-F8-D9-92-83-64-10-C6-D1-52-51-A4">
      <Summary numSequencePoints="96" visitedSequencePoints="78" numBranchPoints="68" visitedBranchPoints="44" sequenceCoverage="81.25" branchCoverage="64.71" maxCyclomaticComplexity="12" minCyclomaticComplexity="1" visitedClasses="3" numClasses="3" visitedMethods="14" numMethods="14" />
      <FullName>C:\Users\Administrator\Source\Repos\FSE_Cap_TaskMGRAPI\UnitTest\TaskManager.DataAccess.Tests\bin\Debug\TaskManager.Business.dll</FullName>
      <ModuleName>TaskManager.Business</ModuleName>
      <Files>
        <File uid="25" fullPath="C:\Users\Administrator\Source\Repos\FSE_Cap_TaskMGRAPI\TaskManager.Business\TaskApi.cs" />
        <File uid="27" fullPath="C:\Users\Administrator\Source\Repos\FSE_Cap_TaskMGRAPI\TaskManager.Business\BusinessExtention.cs" />
      </Files>
      <Classes>
        <Class>
          <Summary numSequencePoints="0" visitedSequencePoints="0" numBranchPoints="0" visitedBranchPoints="0" sequenceCoverage="0" branchCoverage="0" maxCyclomaticComplexity="0" minCyclomaticComplexity="0" visitedClasses="0" numClasses="0" visitedMethods="0" numMethods="0" />
          <FullName>&lt;Module&gt;</FullName>
          <Methods />
        </Class>
        <Class>
          <Summary numSequencePoints="45" visitedSequencePoints="39" numBranchPoints="21" visitedBranchPoints="16" sequenceCoverage="86.67" branchCoverage="76.19" maxCyclomaticComplexity="4" minCyclomaticComplexity="1" visitedClasses="1" numClasses="1" visitedMethods="5" numMethods="5" />
          <FullName>TaskManager.Business.TaskApi</FullName>
          <Methods>
            <Method visited="true" cyclomaticComplexity="4" sequenceCoverage="83.33" branchCoverage="71.43" isConstructor="false" isStatic="false" isGetter="false" isSetter="false">
              <Summary numSequencePoints="6" visitedSequencePoints="5" numBranchPoints="7" visitedBranchPoints="5" sequenceCoverage="83.33" branchCoverage="71.43" maxCyclomaticComplexity="4" minCyclomaticComplexity="4" visitedClasses="0" numClasses="0" visitedMethods="1" numMethods="1" />
              <MetadataToken>100663297</MetadataToken>
              <Name>System.Collections.Generic.IEnumerable`1&lt;TaskManager.Model.PARENT_TASK&gt; TaskManager.Business.TaskApi::GetParentTask()</Name>
              <FileRef uid="25" />
              <SequencePoints>
                <SequencePoint vc="2" uspid="442" ordinal="0" offset="0" sl="17" sc="9" el="17" ec="10" bec="0" bev="0" fileid="25" />
                <SequencePoint vc="2" uspid="443" ordinal="1" offset="1" sl="18" sc="13" el="18" ec="66" bec="0" bev="0" fileid="25" />
                <SequencePoint vc="2" uspid="444" ordinal="2" offset="7" sl="19" sc="13" el="19" ec="58" bec="4" bev="2" fileid="25" />
                <SequencePoint vc="2" uspid="445" ordinal="3" offset="23" sl="20" sc="17" el="24" ec="29" bec="2" bev="2" fileid="25" />
                <SequencePoint vc="0" uspid="446" ordinal="4" offset="68" sl="25" sc="13" el="25" ec="25" bec="0" bev="0" fileid="25" />
                <SequencePoint vc="2" uspid="447" ordinal="5" offset="72" sl="26" sc="9" el="26" ec="10" bec="0" bev="0" fileid="25" />
              </SequencePoints>
              <BranchPoints>
                <BranchPoint vc="2" uspid="448" ordinal="0" offset="8" sl="19" path="0" offsetend="10" fileid="25" />
                <BranchPoint vc="0" uspid="449" ordinal="1" offset="8" sl="19" path="1" offsetend="18" fileid="25" />
                <BranchPoint vc="2" uspid="450" ordinal="2" offset="21" sl="19" path="0" offsetend="23" fileid="25" />
                <BranchPoint vc="0" uspid="451" ordinal="3" offset="21" sl="19" path="1" offsetend="68" fileid="25" />
                <BranchPoint vc="1" uspid="452" ordinal="4" offset="30" sl="20" path="0" offsetend="32" fileid="25" />
                <BranchPoint vc="1" uspid="453" ordinal="5" offset="30" sl="20" path="1" offsetend="55" fileid="25" />
              </BranchPoints>
              <MethodPoint xsi:type="SequencePoint" vc="2" uspid="442" ordinal="0" offset="0" sl="17" sc="9" el="17" ec="10" bec="0" bev="0" fileid="25" />
            </Method>
            <Method visited="true" cyclomaticComplexity="4" sequenceCoverage="83.33" branchCoverage="71.43" isConstructor="false" isStatic="false" isGetter="false" isSetter="false">
              <Summary numSequencePoints="6" visitedSequencePoints="5" numBranchPoints="7" visitedBranchPoints="5" sequenceCoverage="83.33" branchCoverage="71.43" maxCyclomaticComplexity="4" minCyclomaticComplexity="4" visitedClasses="0" numClasses="0" visitedMethods="1" numMethods="1" />
              <MetadataToken>100663298</MetadataToken>
              <Name>System.Collections.Generic.IEnumerable`1&lt;TaskManager.Model.TASK_DETAILS&gt; TaskManager.Business.TaskApi::GetTaskDetails()</Name>
              <FileRef uid="25" />
              <SequencePoints>
                <SequencePoint vc="2" uspid="454" ordinal="0" offset="0" sl="33" sc="9" el="33" ec="10" bec="0" bev="0" fileid="25" />
                <SequencePoint vc="2" uspid="455" ordinal="1" offset="1" sl="34" sc="13" el="34" ec="54" bec="0" bev="0" fileid="25" />
                <SequencePoint vc="2" uspid="456" ordinal="2" offset="7" sl="35" sc="13" el="35" ec="46" bec="4" bev="2" fileid="25" />
                <SequencePoint vc="2" uspid="457" ordinal="3" offset="23" sl="36" sc="17" el="45" ec="29" bec="2" bev="2" fileid="25" />
                <SequencePoint vc="0" uspid="458" ordinal="4" offset="68" sl="46" sc="13" el="46" ec="25" bec="0" bev="0" fileid="25" />
                <SequencePoint vc="2" uspid="459" ordinal="5" offset="72" sl="47" sc="9" el="47" ec="10" bec="0" bev="0" fileid="25" />
              </SequencePoints>
              <BranchPoints>
                <BranchPoint vc="2" uspid="460" ordinal="0" offset="8" sl="35" path="0" offsetend="10" fileid="25" />
                <BranchPoint vc="0" uspid="461" ordinal="1" offset="8" sl="35" path="1" offsetend="18" fileid="25" />
                <BranchPoint vc="2" uspid="462" ordinal="2" offset="21" sl="35" path="0" offsetend="23" fileid="25" />
                <BranchPoint vc="0" uspid="463" ordinal="3" offset="21" sl="35" path="1" offsetend="68" fileid="25" />
                <BranchPoint vc="1" uspid="464" ordinal="4" offset="30" sl="36" path="0" offsetend="32" fileid="25" />
                <BranchPoint vc="1" uspid="465" ordinal="5" offset="30" sl="36" path="1" offsetend="55" fileid="25" />
              </BranchPoints>
              <MethodPoint xsi:type="SequencePoint" vc="2" uspid="454" ordinal="0" offset="0" sl="33" sc="9" el="33" ec="10" bec="0" bev="0" fileid="25" />
            </Method>
            <Method visited="true" cyclomaticComplexity="2" sequenceCoverage="100" branchCoverage="100" isConstructor="false" isStatic="false" isGetter="false" isSetter="false">
              <Summary numSequencePoints="14" visitedSequencePoints="14" numBranchPoints="3" visitedBranchPoints="3" sequenceCoverage="100" branchCoverage="100" maxCyclomaticComplexity="2" minCyclomaticComplexity="2" visitedClasses="0" numClasses="0" visitedMethods="1" numMethods="1" />
              <MetadataToken>100663299</MetadataToken>
              <Name>System.Boolean TaskManager.Business.TaskApi::AddTaskDetail(TaskManager.Model.TASK_DETAILS)</Name>
              <FileRef uid="25" />
              <SequencePoints>
                <SequencePoint vc="4" uspid="466" ordinal="0" offset="0" sl="55" sc="9" el="55" ec="10" bec="0" bev="0" fileid="25" />
                <SequencePoint vc="4" uspid="467" ordinal="1" offset="1" sl="56" sc="13" el="56" ec="36" bec="0" bev="0" fileid="25" />
                <SequencePoint vc="4" uspid="468" ordinal="2" offset="7" sl="57" sc="13" el="57" ec="46" bec="2" bev="2" fileid="25" />
                <SequencePoint vc="2" uspid="469" ordinal="3" offset="20" sl="58" sc="13" el="58" ec="14" bec="0" bev="0" fileid="25" />
                <SequencePoint vc="2" uspid="470" ordinal="4" offset="21" sl="59" sc="17" el="59" ec="64" bec="0" bev="0" fileid="25" />
                <SequencePoint vc="2" uspid="471" ordinal="5" offset="44" sl="60" sc="17" el="60" ec="91" bec="0" bev="0" fileid="25" />
                <SequencePoint vc="2" uspid="472" ordinal="6" offset="61" sl="65" sc="13" el="65" ec="14" bec="0" bev="0" fileid="25" />
                <SequencePoint vc="4" uspid="473" ordinal="7" offset="62" sl="66" sc="13" el="66" ec="43" bec="0" bev="0" fileid="25" />
                <SequencePoint vc="4" uspid="474" ordinal="8" offset="74" sl="67" sc="13" el="67" ec="42" bec="0" bev="0" fileid="25" />
                <SequencePoint vc="4" uspid="475" ordinal="9" offset="87" sl="68" sc="13" el="68" ec="69" bec="0" bev="0" fileid="25" />
                <SequencePoint vc="4" uspid="476" ordinal="10" offset="105" sl="69" sc="13" el="69" ec="64" bec="0" bev="0" fileid="25" />
                <SequencePoint vc="4" uspid="477" ordinal="11" offset="123" sl="70" sc="13" el="70" ec="49" bec="0" bev="0" fileid="25" />
                <SequencePoint vc="4" uspid="478" ordinal="12" offset="136" sl="71" sc="13" el="71" ec="52" bec="0" bev="0" fileid="25" />
                <SequencePoint vc="4" uspid="479" ordinal="13" offset="145" sl="72" sc="9" el="72" ec="10" bec="0" bev="0" fileid="25" />
              </SequencePoints>
              <BranchPoints>
                <BranchPoint vc="2" uspid="480" ordinal="0" offset="18" sl="57" path="0" offsetend="20" fileid="25" />
                <BranchPoint vc="2" uspid="481" ordinal="1" offset="18" sl="57" path="1" offsetend="62" fileid="25" />
              </BranchPoints>
              <MethodPoint xsi:type="SequencePoint" vc="4" uspid="466" ordinal="0" offset="0" sl="55" sc="9" el="55" ec="10" bec="0" bev="0" fileid="25" />
            </Method>
            <Method visited="true" cyclomaticComplexity="2" sequenceCoverage="71.43" branchCoverage="66.67" isConstructor="false" isStatic="false" isGetter="false" isSetter="false">
              <Summary numSequencePoints="14" visitedSequencePoints="10" numBranchPoints="3" visitedBranchPoints="2" sequenceCoverage="71.43" branchCoverage="66.67" maxCyclomaticComplexity="2" minCyclomaticComplexity="2" visitedClasses="0" numClasses="0" visitedMethods="1" numMethods="1" />
              <MetadataToken>100663300</MetadataToken>
              <Name>System.Boolean TaskManager.Business.TaskApi::UpdateTaskDetail(TaskManager.Model.TASK_DETAILS)</Name>
              <FileRef uid="25" />
              <SequencePoints>
                <SequencePoint vc="2" uspid="482" ordinal="0" offset="0" sl="81" sc="9" el="81" ec="10" bec="0" bev="0" fileid="25" />
                <SequencePoint vc="2" uspid="483" ordinal="1" offset="1" sl="82" sc="13" el="82" ec="36" bec="0" bev="0" fileid="25" />
                <SequencePoint vc="2" uspid="484" ordinal="2" offset="7" sl="83" sc="13" el="83" ec="46" bec="2" bev="1" fileid="25" />
                <SequencePoint vc="0" uspid="485" ordinal="3" offset="20" sl="84" sc="13" el="84" ec="14" bec="0" bev="0" fileid="25" />
                <SequencePoint vc="0" uspid="486" ordinal="4" offset="21" sl="85" sc="17" el="85" ec="64" bec="0" bev="0" fileid="25" />
                <SequencePoint vc="0" uspid="487" ordinal="5" offset="44" sl="86" sc="17" el="86" ec="91" bec="0" bev="0" fileid="25" />
                <SequencePoint vc="0" uspid="488" ordinal="6" offset="61" sl="91" sc="13" el="91" ec="14" bec="0" bev="0" fileid="25" />
                <SequencePoint vc="2" uspid="489" ordinal="7" offset="62" sl="92" sc="13" el="92" ec="56" bec="0" bev="0" fileid="25" />
                <SequencePoint vc="2" uspid="490" ordinal="8" offset="80" sl="93" sc="13" el="93" ec="42" bec="0" bev="0" fileid="25" />
                <SequencePoint vc="2" uspid="491" ordinal="9" offset="93" sl="94" sc="13" el="94" ec="66" bec="0" bev="0" fileid="25" />
                <SequencePoint vc="2" uspid="492" ordinal="10" offset="111" sl="95" sc="13" el="95" ec="62" bec="0" bev="0" fileid="25" />
                <SequencePoint vc="2" uspid="493" ordinal="11" offset="129" sl="96" sc="13" el="96" ec="49" bec="0" bev="0" fileid="25" />
                <SequencePoint vc="2" uspid="494" ordinal="12" offset="142" sl="97" sc="13" el="97" ec="55" bec="0" bev="0" fileid="25" />
                <SequencePoint vc="2" uspid="495" ordinal="13" offset="151" sl="98" sc="9" el="98" ec="10" bec="0" bev="0" fileid="25" />
              </SequencePoints>
              <BranchPoints>
                <BranchPoint vc="0" uspid="496" ordinal="0" offset="18" sl="83" path="0" offsetend="20" fileid="25" />
                <BranchPoint vc="2" uspid="497" ordinal="1" offset="18" sl="83" path="1" offsetend="62" fileid="25" />
              </BranchPoints>
              <MethodPoint xsi:type="SequencePoint" vc="2" uspid="482" ordinal="0" offset="0" sl="81" sc="9" el="81" ec="10" bec="0" bev="0" fileid="25" />
            </Method>
            <Method visited="true" cyclomaticComplexity="1" sequenceCoverage="100" branchCoverage="100" isConstructor="false" isStatic="false" isGetter="false" isSetter="false">
              <Summary numSequencePoints="5" visitedSequencePoints="5" numBranchPoints="1" visitedBranchPoints="1" sequenceCoverage="100" branchCoverage="100" maxCyclomaticComplexity="1" minCyclomaticComplexity="1" visitedClasses="0" numClasses="0" visitedMethods="1" numMethods="1" />
              <MetadataToken>100663301</MetadataToken>
              <Name>System.Boolean TaskManager.Business.TaskApi::UpdateEndTask(TaskManager.Model.TASK_DETAILS)</Name>
              <FileRef uid="25" />
              <SequencePoints>
                <SequencePoint vc="2" uspid="498" ordinal="0" offset="0" sl="107" sc="9" el="107" ec="10" bec="0" bev="0" fileid="25" />
                <SequencePoint vc="2" uspid="499" ordinal="1" offset="1" sl="108" sc="13" el="108" ec="36" bec="0" bev="0" fileid="25" />
                <SequencePoint vc="2" uspid="500" ordinal="2" offset="7" sl="109" sc="13" el="109" ec="56" bec="0" bev="0" fileid="25" />
                <SequencePoint vc="2" uspid="501" ordinal="3" offset="25" sl="110" sc="13" el="110" ec="58" bec="0" bev="0" fileid="25" />
                <SequencePoint vc="2" uspid="502" ordinal="4" offset="34" sl="111" sc="9" el="111" ec="10" bec="0" bev="0" fileid="25" />
              </SequencePoints>
              <BranchPoints />
              <MethodPoint xsi:type="SequencePoint" vc="2" uspid="498" ordinal="0" offset="0" sl="107" sc="9" el="107" ec="10" bec="0" bev="0" fileid="25" />
            </Method>
            <Method visited="true" cyclomaticComplexity="1" sequenceCoverage="0" branchCoverage="0" isConstructor="true" isStatic="false" isGetter="false" isSetter="false">
              <Summary numSequencePoints="0" visitedSequencePoints="0" numBranchPoints="0" visitedBranchPoints="0" sequenceCoverage="0" branchCoverage="0" maxCyclomaticComplexity="1" minCyclomaticComplexity="1" visitedClasses="0" numClasses="0" visitedMethods="0" numMethods="0" />
              <MetadataToken>100663302</MetadataToken>
              <Name>System.Void TaskManager.Business.TaskApi::.ctor()</Name>
              <SequencePoints />
              <BranchPoints />
              <MethodPoint vc="6" uspid="503" ordinal="0" offset="0" />
            </Method>
          </Methods>
        </Class>
        <Class>
          <Summary numSequencePoints="2" visitedSequencePoints="2" numBranchPoints="2" visitedBranchPoints="2" sequenceCoverage="100" branchCoverage="100" maxCyclomaticComplexity="1" minCyclomaticComplexity="1" visitedClasses="1" numClasses="1" visitedMethods="2" numMethods="2" />
          <FullName>TaskManager.Business.TaskApi/&lt;&gt;c</FullName>
          <Methods>
            <Method visited="true" cyclomaticComplexity="1" sequenceCoverage="0" branchCoverage="0" isConstructor="true" isStatic="true" isGetter="false" isSetter="false">
              <Summary numSequencePoints="0" visitedSequencePoints="0" numBranchPoints="0" visitedBranchPoints="0" sequenceCoverage="0" branchCoverage="0" maxCyclomaticComplexity="1" minCyclomaticComplexity="1" visitedClasses="0" numClasses="0" visitedMethods="0" numMethods="0" />
              <MetadataToken>100663310</MetadataToken>
              <Name>System.Void TaskManager.Business.TaskApi/&lt;&gt;c::.cctor()</Name>
              <SequencePoints />
              <BranchPoints />
              <MethodPoint vc="1" uspid="504" ordinal="0" offset="0" />
            </Method>
            <Method visited="true" cyclomaticComplexity="1" sequenceCoverage="0" branchCoverage="0" isConstructor="true" isStatic="false" isGetter="false" isSetter="false">
              <Summary numSequencePoints="0" visitedSequencePoints="0" numBranchPoints="0" visitedBranchPoints="0" sequenceCoverage="0" branchCoverage="0" maxCyclomaticComplexity="1" minCyclomaticComplexity="1" visitedClasses="0" numClasses="0" visitedMethods="0" numMethods="0" />
              <MetadataToken>100663311</MetadataToken>
              <Name>System.Void TaskManager.Business.TaskApi/&lt;&gt;c::.ctor()</Name>
              <SequencePoints />
              <BranchPoints />
              <MethodPoint vc="1" uspid="505" ordinal="0" offset="0" />
            </Method>
            <Method visited="true" cyclomaticComplexity="1" sequenceCoverage="100" branchCoverage="100" isConstructor="false" isStatic="false" isGetter="false" isSetter="false">
              <Summary numSequencePoints="1" visitedSequencePoints="1" numBranchPoints="1" visitedBranchPoints="1" sequenceCoverage="100" branchCoverage="100" maxCyclomaticComplexity="1" minCyclomaticComplexity="1" visitedClasses="0" numClasses="0" visitedMethods="1" numMethods="1" />
              <MetadataToken>100663312</MetadataToken>
              <Name>TaskManager.Model.PARENT_TASK TaskManager.Business.TaskApi/&lt;&gt;c::&lt;GetParentTask&gt;b__0_0(TaskManager.DataAccess.ParentTask)</Name>
              <FileRef uid="25" />
              <SequencePoints>
                <SequencePoint vc="4" uspid="506" ordinal="0" offset="0" sl="20" sc="48" el="24" ec="18" bec="0" bev="0" fileid="25" />
              </SequencePoints>
              <BranchPoints />
              <MethodPoint xsi:type="SequencePoint" vc="4" uspid="506" ordinal="0" offset="0" sl="20" sc="48" el="24" ec="18" bec="0" bev="0" fileid="25" />
            </Method>
            <Method visited="true" cyclomaticComplexity="1" sequenceCoverage="100" branchCoverage="100" isConstructor="false" isStatic="false" isGetter="false" isSetter="false">
              <Summary numSequencePoints="1" visitedSequencePoints="1" numBranchPoints="1" visitedBranchPoints="1" sequenceCoverage="100" branchCoverage="100" maxCyclomaticComplexity="1" minCyclomaticComplexity="1" visitedClasses="0" numClasses="0" visitedMethods="1" numMethods="1" />
              <MetadataToken>100663313</MetadataToken>
              <Name>TaskManager.Model.TASK_DETAILS TaskManager.Business.TaskApi/&lt;&gt;c::&lt;GetTaskDetails&gt;b__1_0(TaskManager.DataAccess.Task)</Name>
              <FileRef uid="25" />
              <SequencePoints>
                <SequencePoint vc="226" uspid="507" ordinal="0" offset="0" sl="36" sc="42" el="45" ec="18" bec="0" bev="0" fileid="25" />
              </SequencePoints>
              <BranchPoints />
              <MethodPoint xsi:type="SequencePoint" vc="226" uspid="507" ordinal="0" offset="0" sl="36" sc="42" el="45" ec="18" bec="0" bev="0" fileid="25" />
            </Method>
          </Methods>
        </Class>
        <Class>
          <Summary numSequencePoints="49" visitedSequencePoints="37" numBranchPoints="45" visitedBranchPoints="26" sequenceCoverage="75.51" branchCoverage="57.78" maxCyclomaticComplexity="12" minCyclomaticComplexity="1" visitedClasses="1" numClasses="1" visitedMethods="7" numMethods="7" />
          <FullName>TaskManager.Business.Extenstion.BusinessExtention</FullName>
          <Methods>
            <Method visited="true" cyclomaticComplexity="1" sequenceCoverage="100" branchCoverage="100" isConstructor="false" isStatic="true" isGetter="false" isSetter="false">
              <Summary numSequencePoints="4" visitedSequencePoints="4" numBranchPoints="1" visitedBranchPoints="1" sequenceCoverage="100" branchCoverage="100" maxCyclomaticComplexity="1" minCyclomaticComplexity="1" visitedClasses="0" numClasses="0" visitedMethods="1" numMethods="1" />
              <MetadataToken>100663303</MetadataToken>
              <Name>System.String TaskManager.Business.Extenstion.BusinessExtention::ToCustomDate(System.DateTime)</Name>
              <FileRef uid="27" />
              <SequencePoints>
                <SequencePoint vc="452" uspid="508" ordinal="0" offset="0" sl="19" sc="9" el="19" ec="10" bec="0" bev="0" fileid="27" />
                <SequencePoint vc="452" uspid="509" ordinal="1" offset="1" sl="20" sc="13" el="20" ec="43" bec="0" bev="0" fileid="27" />
                <SequencePoint vc="452" uspid="510" ordinal="2" offset="7" sl="21" sc="13" el="21" ec="77" bec="0" bev="0" fileid="27" />
                <SequencePoint vc="452" uspid="511" ordinal="3" offset="23" sl="22" sc="9" el="22" ec="10" bec="0" bev="0" fileid="27" />
              </SequencePoints>
              <BranchPoints />
              <MethodPoint xsi:type="SequencePoint" vc="452" uspid="508" ordinal="0" offset="0" sl="19" sc="9" el="19" ec="10" bec="0" bev="0" fileid="27" />
            </Method>
            <Method visited="true" cyclomaticComplexity="1" sequenceCoverage="100" branchCoverage="100" isConstructor="false" isStatic="true" isGetter="false" isSetter="false">
              <Summary numSequencePoints="4" visitedSequencePoints="4" numBranchPoints="1" visitedBranchPoints="1" sequenceCoverage="100" branchCoverage="100" maxCyclomaticComplexity="1" minCyclomaticComplexity="1" visitedClasses="0" numClasses="0" visitedMethods="1" numMethods="1" />
              <MetadataToken>100663304</MetadataToken>
              <Name>System.DateTime TaskManager.Business.Extenstion.BusinessExtention::ToDateTime(System.String)</Name>
              <FileRef uid="27" />
              <SequencePoints>
                <SequencePoint vc="16" uspid="512" ordinal="0" offset="0" sl="31" sc="9" el="31" ec="10" bec="0" bev="0" fileid="27" />
                <SequencePoint vc="16" uspid="513" ordinal="1" offset="1" sl="33" sc="13" el="33" ec="52" bec="0" bev="0" fileid="27" />
                <SequencePoint vc="16" uspid="514" ordinal="2" offset="10" sl="34" sc="13" el="34" ec="29" bec="0" bev="0" fileid="27" />
                <SequencePoint vc="16" uspid="515" ordinal="3" offset="14" sl="35" sc="9" el="35" ec="10" bec="0" bev="0" fileid="27" />
              </SequencePoints>
              <BranchPoints />
              <MethodPoint xsi:type="SequencePoint" vc="16" uspid="512" ordinal="0" offset="0" sl="31" sc="9" el="31" ec="10" bec="0" bev="0" fileid="27" />
            </Method>
            <Method visited="true" cyclomaticComplexity="1" sequenceCoverage="100" branchCoverage="100" isConstructor="false" isStatic="true" isGetter="false" isSetter="false">
              <Summary numSequencePoints="4" visitedSequencePoints="4" numBranchPoints="1" visitedBranchPoints="1" sequenceCoverage="100" branchCoverage="100" maxCyclomaticComplexity="1" minCyclomaticComplexity="1" visitedClasses="0" numClasses="0" visitedMethods="1" numMethods="1" />
              <MetadataToken>100663305</MetadataToken>
              <Name>System.Guid TaskManager.Business.Extenstion.BusinessExtention::ToGuid(System.String)</Name>
              <FileRef uid="27" />
              <SequencePoints>
                <SequencePoint vc="18" uspid="516" ordinal="0" offset="0" sl="43" sc="9" el="43" ec="10" bec="0" bev="0" fileid="27" />
                <SequencePoint vc="18" uspid="517" ordinal="1" offset="1" sl="45" sc="13" el="45" ec="44" bec="0" bev="0" fileid="27" />
                <SequencePoint vc="18" uspid="518" ordinal="2" offset="10" sl="46" sc="13" el="46" ec="25" bec="0" bev="0" fileid="27" />
                <SequencePoint vc="18" uspid="519" ordinal="3" offset="14" sl="47" sc="9" el="47" ec="10" bec="0" bev="0" fileid="27" />
              </SequencePoints>
              <BranchPoints />
              <MethodPoint xsi:type="SequencePoint" vc="18" uspid="516" ordinal="0" offset="0" sl="43" sc="9" el="43" ec="10" bec="0" bev="0" fileid="27" />
            </Method>
            <Method visited="true" cyclomaticComplexity="1" sequenceCoverage="100" branchCoverage="100" isConstructor="false" isStatic="true" isGetter="false" isSetter="false">
              <Summary numSequencePoints="3" visitedSequencePoints="3" numBranchPoints="1" visitedBranchPoints="1" sequenceCoverage="100" branchCoverage="100" maxCyclomaticComplexity="1" minCyclomaticComplexity="1" visitedClasses="0" numClasses="0" visitedMethods="1" numMethods="1" />
              <MetadataToken>100663306</MetadataToken>
              <Name>System.Int32 TaskManager.Business.Extenstion.BusinessExtention::IsActiveTask(System.DateTime)</Name>
              <FileRef uid="27" />
              <SequencePoints>
                <SequencePoint vc="226" uspid="520" ordinal="0" offset="0" sl="55" sc="9" el="55" ec="10" bec="0" bev="0" fileid="27" />
                <SequencePoint vc="226" uspid="521" ordinal="1" offset="1" sl="56" sc="13" el="56" ec="69" bec="0" bev="0" fileid="27" />
                <SequencePoint vc="226" uspid="522" ordinal="2" offset="20" sl="57" sc="9" el="57" ec="10" bec="0" bev="0" fileid="27" />
              </SequencePoints>
              <BranchPoints />
              <MethodPoint xsi:type="SequencePoint" vc="226" uspid="520" ordinal="0" offset="0" sl="55" sc="9" el="55" ec="10" bec="0" bev="0" fileid="27" />
            </Method>
            <Method visited="true" cyclomaticComplexity="9" sequenceCoverage="64.29" branchCoverage="58.82" isConstructor="false" isStatic="true" isGetter="false" isSetter="false">
              <Summary numSequencePoints="14" visitedSequencePoints="9" numBranchPoints="17" visitedBranchPoints="10" sequenceCoverage="64.29" branchCoverage="58.82" maxCyclomaticComplexity="9" minCyclomaticComplexity="9" visitedClasses="0" numClasses="0" visitedMethods="1" numMethods="1" />
              <MetadataToken>100663307</MetadataToken>
              <Name>System.Boolean TaskManager.Business.Extenstion.BusinessExtention::IsAddTaskModelValid(TaskManager.Model.TASK_DETAILS)</Name>
              <FileRef uid="27" />
              <SequencePoints>
                <SequencePoint vc="4" uspid="523" ordinal="0" offset="0" sl="64" sc="9" el="64" ec="10" bec="0" bev="0" fileid="27" />
                <SequencePoint vc="4" uspid="524" ordinal="1" offset="1" sl="65" sc="13" el="65" ec="40" bec="2" bev="2" fileid="27" />
                <SequencePoint vc="2" uspid="525" ordinal="2" offset="14" sl="66" sc="17" el="66" ec="60" bec="2" bev="1" fileid="27" />
                <SequencePoint vc="0" uspid="526" ordinal="3" offset="37" sl="67" sc="21" el="67" ec="34" bec="0" bev="0" fileid="27" />
                <SequencePoint vc="4" uspid="527" ordinal="4" offset="44" sl="69" sc="13" el="69" ec="49" bec="2" bev="1" fileid="27" />
                <SequencePoint vc="0" uspid="528" ordinal="5" offset="59" sl="70" sc="17" el="70" ec="30" bec="0" bev="0" fileid="27" />
                <SequencePoint vc="4" uspid="529" ordinal="6" offset="63" sl="72" sc="13" el="72" ec="36" bec="2" bev="1" fileid="27" />
                <SequencePoint vc="0" uspid="530" ordinal="7" offset="81" sl="73" sc="17" el="73" ec="30" bec="0" bev="0" fileid="27" />
                <SequencePoint vc="4" uspid="531" ordinal="8" offset="85" sl="75" sc="13" el="75" ec="104" bec="4" bev="2" fileid="27" />
                <SequencePoint vc="0" uspid="532" ordinal="9" offset="126" sl="76" sc="17" el="76" ec="30" bec="0" bev="0" fileid="27" />
                <SequencePoint vc="4" uspid="533" ordinal="10" offset="130" sl="78" sc="13" el="78" ec="100" bec="4" bev="2" fileid="27" />
                <SequencePoint vc="0" uspid="534" ordinal="11" offset="171" sl="79" sc="17" el="79" ec="30" bec="0" bev="0" fileid="27" />
                <SequencePoint vc="4" uspid="535" ordinal="12" offset="175" sl="81" sc="13" el="81" ec="25" bec="0" bev="0" fileid="27" />
                <SequencePoint vc="4" uspid="536" ordinal="13" offset="179" sl="82" sc="9" el="82" ec="10" bec="0" bev="0" fileid="27" />
              </SequencePoints>
              <BranchPoints>
                <BranchPoint vc="2" uspid="537" ordinal="0" offset="12" sl="65" path="0" offsetend="14" fileid="27" />
                <BranchPoint vc="2" uspid="538" ordinal="1" offset="12" sl="65" path="1" offsetend="44" fileid="27" />
                <BranchPoint vc="0" uspid="539" ordinal="2" offset="35" sl="66" path="0" offsetend="37" fileid="27" />
                <BranchPoint vc="2" uspid="540" ordinal="3" offset="35" sl="66" path="1" offsetend="44" fileid="27" />
                <BranchPoint vc="0" uspid="541" ordinal="4" offset="57" sl="69" path="0" offsetend="59" fileid="27" />
                <BranchPoint vc="4" uspid="542" ordinal="5" offset="57" sl="69" path="1" offsetend="63" fileid="27" />
                <BranchPoint vc="0" uspid="543" ordinal="6" offset="79" sl="72" path="0" offsetend="81" fileid="27" />
                <BranchPoint vc="4" uspid="544" ordinal="7" offset="79" sl="72" path="1" offsetend="85" fileid="27" />
                <BranchPoint vc="4" uspid="545" ordinal="8" offset="91" sl="75" path="0" offsetend="93" fileid="27" />
                <BranchPoint vc="0" uspid="546" ordinal="9" offset="91" sl="75" path="1" offsetend="119" fileid="27" />
                <BranchPoint vc="0" uspid="547" ordinal="10" offset="124" sl="75" path="0" offsetend="126" fileid="27" />
                <BranchPoint vc="4" uspid="548" ordinal="11" offset="124" sl="75" path="1" offsetend="130" fileid="27" />
                <BranchPoint vc="4" uspid="549" ordinal="12" offset="136" sl="78" path="0" offsetend="138" fileid="27" />
                <BranchPoint vc="0" uspid="550" ordinal="13" offset="136" sl="78" path="1" offsetend="164" fileid="27" />
                <BranchPoint vc="0" uspid="551" ordinal="14" offset="169" sl="78" path="0" offsetend="171" fileid="27" />
                <BranchPoint vc="4" uspid="552" ordinal="15" offset="169" sl="78" path="1" offsetend="175" fileid="27" />
              </BranchPoints>
              <MethodPoint xsi:type="SequencePoint" vc="4" uspid="523" ordinal="0" offset="0" sl="64" sc="9" el="64" ec="10" bec="0" bev="0" fileid="27" />
            </Method>
            <Method visited="true" cyclomaticComplexity="12" sequenceCoverage="56.25" branchCoverage="47.83" isConstructor="false" isStatic="true" isGetter="false" isSetter="false">
              <Summary numSequencePoints="16" visitedSequencePoints="9" numBranchPoints="23" visitedBranchPoints="11" sequenceCoverage="56.25" branchCoverage="47.83" maxCyclomaticComplexity="12" minCyclomaticComplexity="12" visitedClasses="0" numClasses="0" visitedMethods="1" numMethods="1" />
              <MetadataToken>100663308</MetadataToken>
              <Name>System.Boolean TaskManager.Business.Extenstion.BusinessExtention::IsUpdateTaskModelValid(TaskManager.Model.TASK_DETAILS)</Name>
              <FileRef uid="27" />
              <SequencePoints>
                <SequencePoint vc="2" uspid="553" ordinal="0" offset="0" sl="90" sc="9" el="90" ec="10" bec="0" bev="0" fileid="27" />
                <SequencePoint vc="2" uspid="554" ordinal="1" offset="1" sl="91" sc="13" el="91" ec="40" bec="2" bev="1" fileid="27" />
                <SequencePoint vc="0" uspid="555" ordinal="2" offset="14" sl="92" sc="17" el="92" ec="60" bec="2" bev="0" fileid="27" />
                <SequencePoint vc="0" uspid="556" ordinal="3" offset="37" sl="93" sc="21" el="93" ec="34" bec="0" bev="0" fileid="27" />
                <SequencePoint vc="2" uspid="557" ordinal="4" offset="44" sl="95" sc="13" el="95" ec="119" bec="5" bev="3" fileid="27" />
                <SequencePoint vc="0" uspid="558" ordinal="5" offset="101" sl="96" sc="17" el="96" ec="30" bec="0" bev="0" fileid="27" />
                <SequencePoint vc="2" uspid="559" ordinal="6" offset="108" sl="98" sc="13" el="98" ec="49" bec="2" bev="1" fileid="27" />
                <SequencePoint vc="0" uspid="560" ordinal="7" offset="125" sl="99" sc="17" el="99" ec="30" bec="0" bev="0" fileid="27" />
                <SequencePoint vc="2" uspid="561" ordinal="8" offset="129" sl="101" sc="13" el="101" ec="36" bec="2" bev="1" fileid="27" />
                <SequencePoint vc="0" uspid="562" ordinal="9" offset="147" sl="102" sc="17" el="102" ec="30" bec="0" bev="0" fileid="27" />
                <SequencePoint vc="2" uspid="563" ordinal="10" offset="151" sl="104" sc="13" el="104" ec="104" bec="4" bev="2" fileid="27" />
                <SequencePoint vc="0" uspid="564" ordinal="11" offset="192" sl="105" sc="17" el="105" ec="30" bec="0" bev="0" fileid="27" />
                <SequencePoint vc="2" uspid="565" ordinal="12" offset="196" sl="107" sc="13" el="107" ec="100" bec="4" bev="2" fileid="27" />
                <SequencePoint vc="0" uspid="566" ordinal="13" offset="237" sl="108" sc="17" el="108" ec="30" bec="0" bev="0" fileid="27" />
                <SequencePoint vc="2" uspid="567" ordinal="14" offset="241" sl="110" sc="13" el="110" ec="25" bec="0" bev="0" fileid="27" />
                <SequencePoint vc="2" uspid="568" ordinal="15" offset="245" sl="111" sc="9" el="111" ec="10" bec="0" bev="0" fileid="27" />
              </SequencePoints>
              <BranchPoints>
                <BranchPoint vc="0" uspid="569" ordinal="0" offset="12" sl="91" path="0" offsetend="14" fileid="27" />
                <BranchPoint vc="2" uspid="570" ordinal="1" offset="12" sl="91" path="1" offsetend="44" fileid="27" />
                <BranchPoint vc="0" uspid="571" ordinal="2" offset="35" sl="92" path="0" offsetend="37" fileid="27" />
                <BranchPoint vc="0" uspid="572" ordinal="3" offset="35" sl="92" path="1" offsetend="44" fileid="27" />
                <BranchPoint vc="2" uspid="573" ordinal="4" offset="50" sl="95" path="0" offsetend="52" fileid="27" />
                <BranchPoint vc="0" uspid="574" ordinal="5" offset="50" sl="95" path="1" offsetend="96" fileid="27" />
                <BranchPoint vc="2" uspid="575" ordinal="6" offset="73" sl="95" path="0" offsetend="75" fileid="27" />
                <BranchPoint vc="0" uspid="576" ordinal="7" offset="73" sl="95" path="1" offsetend="96" fileid="27" />
                <BranchPoint vc="0" uspid="577" ordinal="8" offset="99" sl="95" path="0" offsetend="101" fileid="27" />
                <BranchPoint vc="2" uspid="578" ordinal="9" offset="99" sl="95" path="1" offsetend="108" fileid="27" />
                <BranchPoint vc="0" uspid="579" ordinal="10" offset="123" sl="98" path="0" offsetend="125" fileid="27" />
                <BranchPoint vc="2" uspid="580" ordinal="11" offset="123" sl="98" path="1" offsetend="129" fileid="27" />
                <BranchPoint vc="0" uspid="581" ordinal="12" offset="145" sl="101" path="0" offsetend="147" fileid="27" />
                <BranchPoint vc="2" uspid="582" ordinal="13" offset="145" sl="101" path="1" offsetend="151" fileid="27" />
                <BranchPoint vc="2" uspid="583" ordinal="14" offset="157" sl="104" path="0" offsetend="159" fileid="27" />
                <BranchPoint vc="0" uspid="584" ordinal="15" offset="157" sl="104" path="1" offsetend="185" fileid="27" />
                <BranchPoint vc="0" uspid="585" ordinal="16" offset="190" sl="104" path="0" offsetend="192" fileid="27" />
                <BranchPoint vc="2" uspid="586" ordinal="17" offset="190" sl="104" path="1" offsetend="196" fileid="27" />
                <BranchPoint vc="2" uspid="587" ordinal="18" offset="202" sl="107" path="0" offsetend="204" fileid="27" />
                <BranchPoint vc="0" uspid="588" ordinal="19" offset="202" sl="107" path="1" offsetend="230" fileid="27" />
                <BranchPoint vc="0" uspid="589" ordinal="20" offset="235" sl="107" path="0" offsetend="237" fileid="27" />
                <BranchPoint vc="2" uspid="590" ordinal="21" offset="235" sl="107" path="1" offsetend="241" fileid="27" />
              </BranchPoints>
              <MethodPoint xsi:type="SequencePoint" vc="2" uspid="553" ordinal="0" offset="0" sl="90" sc="9" el="90" ec="10" bec="0" bev="0" fileid="27" />
            </Method>
            <Method visited="true" cyclomaticComplexity="1" sequenceCoverage="100" branchCoverage="100" isConstructor="false" isStatic="true" isGetter="false" isSetter="false">
              <Summary numSequencePoints="4" visitedSequencePoints="4" numBranchPoints="1" visitedBranchPoints="1" sequenceCoverage="100" branchCoverage="100" maxCyclomaticComplexity="1" minCyclomaticComplexity="1" visitedClasses="0" numClasses="0" visitedMethods="1" numMethods="1" />
              <MetadataToken>100663309</MetadataToken>
              <Name>System.Boolean TaskManager.Business.Extenstion.BusinessExtention::IsValidGUID(System.Guid)</Name>
              <FileRef uid="27" />
              <SequencePoints>
                <SequencePoint vc="6" uspid="591" ordinal="0" offset="0" sl="119" sc="9" el="119" ec="10" bec="0" bev="0" fileid="27" />
                <SequencePoint vc="6" uspid="592" ordinal="1" offset="1" sl="121" sc="13" el="121" ec="61" bec="0" bev="0" fileid="27" />
                <SequencePoint vc="6" uspid="593" ordinal="2" offset="22" sl="122" sc="13" el="122" ec="46" bec="0" bev="0" fileid="27" />
                <SequencePoint vc="6" uspid="594" ordinal="3" offset="36" sl="123" sc="9" el="123" ec="10" bec="0" bev="0" fileid="27" />
              </SequencePoints>
              <BranchPoints />
              <MethodPoint xsi:type="SequencePoint" vc="6" uspid="591" ordinal="0" offset="0" sl="119" sc="9" el="119" ec="10" bec="0" bev="0" fileid="27" />
            </Method>
          </Methods>
        </Class>
      </Classes>
    </Module>
    <Module hash="7E-F1-D6-0D-DA-BA-A3-DD-FD-1C-D0-2D-1C-57-4E-71-87-F4-41-07">
      <Summary numSequencePoints="18" visitedSequencePoints="15" numBranchPoints="18" visitedBranchPoints="15" sequenceCoverage="83.33" branchCoverage="83.33" maxCyclomaticComplexity="1" minCyclomaticComplexity="1" visitedClasses="2" numClasses="2" visitedMethods="15" numMethods="18" />
      <FullName>C:\Users\Administrator\Source\Repos\FSE_Cap_TaskMGRAPI\UnitTest\TaskManager.DataAccess.Tests\bin\Debug\TaskManager.Model.dll</FullName>
      <ModuleName>TaskManager.Model</ModuleName>
      <Files>
        <File uid="31" fullPath="C:\Users\Administrator\Source\Repos\FSE_Cap_TaskMGRAPI\TaskManager.Model\Model.cs" />
      </Files>
      <Classes>
        <Class>
          <Summary numSequencePoints="0" visitedSequencePoints="0" numBranchPoints="0" visitedBranchPoints="0" sequenceCoverage="0" branchCoverage="0" maxCyclomaticComplexity="0" minCyclomaticComplexity="0" visitedClasses="0" numClasses="0" visitedMethods="0" numMethods="0" />
          <FullName>&lt;Module&gt;</FullName>
          <Methods />
        </Class>
        <Class>
          <Summary numSequencePoints="14" visitedSequencePoints="13" numBranchPoints="14" visitedBranchPoints="13" sequenceCoverage="92.86" branchCoverage="92.86" maxCyclomaticComplexity="1" minCyclomaticComplexity="1" visitedClasses="1" numClasses="1" visitedMethods="13" numMethods="14" />
          <FullName>TaskManager.Model.TASK_DETAILS</FullName>
          <Methods>
            <Method visited="true" cyclomaticComplexity="1" sequenceCoverage="100" branchCoverage="100" isConstructor="false" isStatic="false" isGetter="true" isSetter="false">
              <Summary numSequencePoints="1" visitedSequencePoints="1" numBranchPoints="1" visitedBranchPoints="1" sequenceCoverage="100" branchCoverage="100" maxCyclomaticComplexity="1" minCyclomaticComplexity="1" visitedClasses="0" numClasses="0" visitedMethods="1" numMethods="1" />
              <MetadataToken>100663297</MetadataToken>
              <Name>System.String TaskManager.Model.TASK_DETAILS::get_Task_ID()</Name>
              <FileRef uid="31" />
              <SequencePoints>
                <SequencePoint vc="20" uspid="595" ordinal="0" offset="0" sl="10" sc="33" el="10" ec="37" bec="0" bev="0" fileid="31" />
              </SequencePoints>
              <BranchPoints />
              <MethodPoint xsi:type="SequencePoint" vc="20" uspid="595" ordinal="0" offset="0" sl="10" sc="33" el="10" ec="37" bec="0" bev="0" fileid="31" />
            </Method>
            <Method visited="true" cyclomaticComplexity="1" sequenceCoverage="100" branchCoverage="100" isConstructor="false" isStatic="false" isGetter="false" isSetter="true">
              <Summary numSequencePoints="1" visitedSequencePoints="1" numBranchPoints="1" visitedBranchPoints="1" sequenceCoverage="100" branchCoverage="100" maxCyclomaticComplexity="1" minCyclomaticComplexity="1" visitedClasses="0" numClasses="0" visitedMethods="1" numMethods="1" />
              <MetadataToken>100663298</MetadataToken>
              <Name>System.Void TaskManager.Model.TASK_DETAILS::set_Task_ID(System.String)</Name>
              <FileRef uid="31" />
              <SequencePoints>
                <SequencePoint vc="228" uspid="596" ordinal="0" offset="0" sl="10" sc="38" el="10" ec="42" bec="0" bev="0" fileid="31" />
              </SequencePoints>
              <BranchPoints />
              <MethodPoint xsi:type="SequencePoint" vc="228" uspid="596" ordinal="0" offset="0" sl="10" sc="38" el="10" ec="42" bec="0" bev="0" fileid="31" />
            </Method>
            <Method visited="true" cyclomaticComplexity="1" sequenceCoverage="100" branchCoverage="100" isConstructor="false" isStatic="false" isGetter="true" isSetter="false">
              <Summary numSequencePoints="1" visitedSequencePoints="1" numBranchPoints="1" visitedBranchPoints="1" sequenceCoverage="100" branchCoverage="100" maxCyclomaticComplexity="1" minCyclomaticComplexity="1" visitedClasses="0" numClasses="0" visitedMethods="1" numMethods="1" />
              <MetadataToken>100663299</MetadataToken>
              <Name>System.String TaskManager.Model.TASK_DETAILS::get_Parent_ID()</Name>
              <FileRef uid="31" />
              <SequencePoints>
                <SequencePoint vc="18" uspid="597" ordinal="0" offset="0" sl="11" sc="35" el="11" ec="39" bec="0" bev="0" fileid="31" />
              </SequencePoints>
              <BranchPoints />
              <MethodPoint xsi:type="SequencePoint" vc="18" uspid="597" ordinal="0" offset="0" sl="11" sc="35" el="11" ec="39" bec="0" bev="0" fileid="31" />
            </Method>
            <Method visited="true" cyclomaticComplexity="1" sequenceCoverage="100" branchCoverage="100" isConstructor="false" isStatic="false" isGetter="false" isSetter="true">
              <Summary numSequencePoints="1" visitedSequencePoints="1" numBranchPoints="1" visitedBranchPoints="1" sequenceCoverage="100" branchCoverage="100" maxCyclomaticComplexity="1" minCyclomaticComplexity="1" visitedClasses="0" numClasses="0" visitedMethods="1" numMethods="1" />
              <MetadataToken>100663300</MetadataToken>
              <Name>System.Void TaskManager.Model.TASK_DETAILS::set_Parent_ID(System.String)</Name>
              <FileRef uid="31" />
              <SequencePoints>
                <SequencePoint vc="227" uspid="598" ordinal="0" offset="0" sl="11" sc="40" el="11" ec="44" bec="0" bev="0" fileid="31" />
              </SequencePoints>
              <BranchPoints />
              <MethodPoint xsi:type="SequencePoint" vc="227" uspid="598" ordinal="0" offset="0" sl="11" sc="40" el="11" ec="44" bec="0" bev="0" fileid="31" />
            </Method>
            <Method visited="true" cyclomaticComplexity="1" sequenceCoverage="100" branchCoverage="100" isConstructor="false" isStatic="false" isGetter="true" isSetter="false">
              <Summary numSequencePoints="1" visitedSequencePoints="1" numBranchPoints="1" visitedBranchPoints="1" sequenceCoverage="100" branchCoverage="100" maxCyclomaticComplexity="1" minCyclomaticComplexity="1" visitedClasses="0" numClasses="0" visitedMethods="1" numMethods="1" />
              <MetadataToken>100663301</MetadataToken>
              <Name>System.String TaskManager.Model.TASK_DETAILS::get_Task()</Name>
              <FileRef uid="31" />
              <SequencePoints>
                <SequencePoint vc="12" uspid="599" ordinal="0" offset="0" sl="12" sc="30" el="12" ec="34" bec="0" bev="0" fileid="31" />
              </SequencePoints>
              <BranchPoints />
              <MethodPoint xsi:type="SequencePoint" vc="12" uspid="599" ordinal="0" offset="0" sl="12" sc="30" el="12" ec="34" bec="0" bev="0" fileid="31" />
            </Method>
            <Method visited="true" cyclomaticComplexity="1" sequenceCoverage="100" branchCoverage="100" isConstructor="false" isStatic="false" isGetter="false" isSetter="true">
              <Summary numSequencePoints="1" visitedSequencePoints="1" numBranchPoints="1" visitedBranchPoints="1" sequenceCoverage="100" branchCoverage="100" maxCyclomaticComplexity="1" minCyclomaticComplexity="1" visitedClasses="0" numClasses="0" visitedMethods="1" numMethods="1" />
              <MetadataToken>100663302</MetadataToken>
              <Name>System.Void TaskManager.Model.TASK_DETAILS::set_Task(System.String)</Name>
              <FileRef uid="31" />
              <SequencePoints>
                <SequencePoint vc="229" uspid="600" ordinal="0" offset="0" sl="12" sc="35" el="12" ec="39" bec="0" bev="0" fileid="31" />
              </SequencePoints>
              <BranchPoints />
              <MethodPoint xsi:type="SequencePoint" vc="229" uspid="600" ordinal="0" offset="0" sl="12" sc="35" el="12" ec="39" bec="0" bev="0" fileid="31" />
            </Method>
            <Method visited="true" cyclomaticComplexity="1" sequenceCoverage="100" branchCoverage="100" isConstructor="false" isStatic="false" isGetter="true" isSetter="false">
              <Summary numSequencePoints="1" visitedSequencePoints="1" numBranchPoints="1" visitedBranchPoints="1" sequenceCoverage="100" branchCoverage="100" maxCyclomaticComplexity="1" minCyclomaticComplexity="1" visitedClasses="0" numClasses="0" visitedMethods="1" numMethods="1" />
              <MetadataToken>100663303</MetadataToken>
              <Name>System.String TaskManager.Model.TASK_DETAILS::get_Start_Date()</Name>
              <FileRef uid="31" />
              <SequencePoints>
                <SequencePoint vc="18" uspid="601" ordinal="0" offset="0" sl="13" sc="36" el="13" ec="40" bec="0" bev="0" fileid="31" />
              </SequencePoints>
              <BranchPoints />
              <MethodPoint xsi:type="SequencePoint" vc="18" uspid="601" ordinal="0" offset="0" sl="13" sc="36" el="13" ec="40" bec="0" bev="0" fileid="31" />
            </Method>
            <Method visited="true" cyclomaticComplexity="1" sequenceCoverage="100" branchCoverage="100" isConstructor="false" isStatic="false" isGetter="false" isSetter="true">
              <Summary numSequencePoints="1" visitedSequencePoints="1" numBranchPoints="1" visitedBranchPoints="1" sequenceCoverage="100" branchCoverage="100" maxCyclomaticComplexity="1" minCyclomaticComplexity="1" visitedClasses="0" numClasses="0" visitedMethods="1" numMethods="1" />
              <MetadataToken>100663304</MetadataToken>
              <Name>System.Void TaskManager.Model.TASK_DETAILS::set_Start_Date(System.String)</Name>
              <FileRef uid="31" />
              <SequencePoints>
                <SequencePoint vc="229" uspid="602" ordinal="0" offset="0" sl="13" sc="41" el="13" ec="45" bec="0" bev="0" fileid="31" />
              </SequencePoints>
              <BranchPoints />
              <MethodPoint xsi:type="SequencePoint" vc="229" uspid="602" ordinal="0" offset="0" sl="13" sc="41" el="13" ec="45" bec="0" bev="0" fileid="31" />
            </Method>
            <Method visited="true" cyclomaticComplexity="1" sequenceCoverage="100" branchCoverage="100" isConstructor="false" isStatic="false" isGetter="true" isSetter="false">
              <Summary numSequencePoints="1" visitedSequencePoints="1" numBranchPoints="1" visitedBranchPoints="1" sequenceCoverage="100" branchCoverage="100" maxCyclomaticComplexity="1" minCyclomaticComplexity="1" visitedClasses="0" numClasses="0" visitedMethods="1" numMethods="1" />
              <MetadataToken>100663305</MetadataToken>
              <Name>System.String TaskManager.Model.TASK_DETAILS::get_End_Date()</Name>
              <FileRef uid="31" />
              <SequencePoints>
                <SequencePoint vc="18" uspid="603" ordinal="0" offset="0" sl="14" sc="34" el="14" ec="38" bec="0" bev="0" fileid="31" />
              </SequencePoints>
              <BranchPoints />
              <MethodPoint xsi:type="SequencePoint" vc="18" uspid="603" ordinal="0" offset="0" sl="14" sc="34" el="14" ec="38" bec="0" bev="0" fileid="31" />
            </Method>
            <Method visited="true" cyclomaticComplexity="1" sequenceCoverage="100" branchCoverage="100" isConstructor="false" isStatic="false" isGetter="false" isSetter="true">
              <Summary numSequencePoints="1" visitedSequencePoints="1" numBranchPoints="1" visitedBranchPoints="1" sequenceCoverage="100" branchCoverage="100" maxCyclomaticComplexity="1" minCyclomaticComplexity="1" visitedClasses="0" numClasses="0" visitedMethods="1" numMethods="1" />
              <MetadataToken>100663306</MetadataToken>
              <Name>System.Void TaskManager.Model.TASK_DETAILS::set_End_Date(System.String)</Name>
              <FileRef uid="31" />
              <SequencePoints>
                <SequencePoint vc="230" uspid="604" ordinal="0" offset="0" sl="14" sc="39" el="14" ec="43" bec="0" bev="0" fileid="31" />
              </SequencePoints>
              <BranchPoints />
              <MethodPoint xsi:type="SequencePoint" vc="230" uspid="604" ordinal="0" offset="0" sl="14" sc="39" el="14" ec="43" bec="0" bev="0" fileid="31" />
            </Method>
            <Method visited="true" cyclomaticComplexity="1" sequenceCoverage="100" branchCoverage="100" isConstructor="false" isStatic="false" isGetter="true" isSetter="false">
              <Summary numSequencePoints="1" visitedSequencePoints="1" numBranchPoints="1" visitedBranchPoints="1" sequenceCoverage="100" branchCoverage="100" maxCyclomaticComplexity="1" minCyclomaticComplexity="1" visitedClasses="0" numClasses="0" visitedMethods="1" numMethods="1" />
              <MetadataToken>100663307</MetadataToken>
              <Name>System.Int32 TaskManager.Model.TASK_DETAILS::get_Priority()</Name>
              <FileRef uid="31" />
              <SequencePoints>
                <SequencePoint vc="12" uspid="605" ordinal="0" offset="0" sl="15" sc="31" el="15" ec="35" bec="0" bev="0" fileid="31" />
              </SequencePoints>
              <BranchPoints />
              <MethodPoint xsi:type="SequencePoint" vc="12" uspid="605" ordinal="0" offset="0" sl="15" sc="31" el="15" ec="35" bec="0" bev="0" fileid="31" />
            </Method>
            <Method visited="true" cyclomaticComplexity="1" sequenceCoverage="100" branchCoverage="100" isConstructor="false" isStatic="false" isGetter="false" isSetter="true">
              <Summary numSequencePoints="1" visitedSequencePoints="1" numBranchPoints="1" visitedBranchPoints="1" sequenceCoverage="100" branchCoverage="100" maxCyclomaticComplexity="1" minCyclomaticComplexity="1" visitedClasses="0" numClasses="0" visitedMethods="1" numMethods="1" />
              <MetadataToken>100663308</MetadataToken>
              <Name>System.Void TaskManager.Model.TASK_DETAILS::set_Priority(System.Int32)</Name>
              <FileRef uid="31" />
              <SequencePoints>
                <SequencePoint vc="229" uspid="606" ordinal="0" offset="0" sl="15" sc="36" el="15" ec="40" bec="0" bev="0" fileid="31" />
              </SequencePoints>
              <BranchPoints />
              <MethodPoint xsi:type="SequencePoint" vc="229" uspid="606" ordinal="0" offset="0" sl="15" sc="36" el="15" ec="40" bec="0" bev="0" fileid="31" />
            </Method>
            <Method visited="false" cyclomaticComplexity="1" sequenceCoverage="0" branchCoverage="0" isConstructor="false" isStatic="false" isGetter="true" isSetter="false">
              <Summary numSequencePoints="1" visitedSequencePoints="0" numBranchPoints="1" visitedBranchPoints="0" sequenceCoverage="0" branchCoverage="0" maxCyclomaticComplexity="1" minCyclomaticComplexity="1" visitedClasses="0" numClasses="0" visitedMethods="0" numMethods="1" />
              <MetadataToken>100663309</MetadataToken>
              <Name>System.Int32 TaskManager.Model.TASK_DETAILS::get_IsActive()</Name>
              <FileRef uid="31" />
              <SequencePoints>
                <SequencePoint vc="0" uspid="607" ordinal="0" offset="0" sl="16" sc="31" el="16" ec="35" bec="0" bev="0" fileid="31" />
              </SequencePoints>
              <BranchPoints />
              <MethodPoint xsi:type="SequencePoint" vc="0" uspid="607" ordinal="0" offset="0" sl="16" sc="31" el="16" ec="35" bec="0" bev="0" fileid="31" />
            </Method>
            <Method visited="true" cyclomaticComplexity="1" sequenceCoverage="100" branchCoverage="100" isConstructor="false" isStatic="false" isGetter="false" isSetter="true">
              <Summary numSequencePoints="1" visitedSequencePoints="1" numBranchPoints="1" visitedBranchPoints="1" sequenceCoverage="100" branchCoverage="100" maxCyclomaticComplexity="1" minCyclomaticComplexity="1" visitedClasses="0" numClasses="0" visitedMethods="1" numMethods="1" />
              <MetadataToken>100663310</MetadataToken>
              <Name>System.Void TaskManager.Model.TASK_DETAILS::set_IsActive(System.Int32)</Name>
              <FileRef uid="31" />
              <SequencePoints>
                <SequencePoint vc="226" uspid="608" ordinal="0" offset="0" sl="16" sc="36" el="16" ec="40" bec="0" bev="0" fileid="31" />
              </SequencePoints>
              <BranchPoints />
              <MethodPoint xsi:type="SequencePoint" vc="226" uspid="608" ordinal="0" offset="0" sl="16" sc="36" el="16" ec="40" bec="0" bev="0" fileid="31" />
            </Method>
            <Method visited="true" cyclomaticComplexity="1" sequenceCoverage="0" branchCoverage="0" isConstructor="true" isStatic="false" isGetter="false" isSetter="false">
              <Summary numSequencePoints="0" visitedSequencePoints="0" numBranchPoints="0" visitedBranchPoints="0" sequenceCoverage="0" branchCoverage="0" maxCyclomaticComplexity="1" minCyclomaticComplexity="1" visitedClasses="0" numClasses="0" visitedMethods="0" numMethods="0" />
              <MetadataToken>100663311</MetadataToken>
              <Name>System.Void TaskManager.Model.TASK_DETAILS::.ctor()</Name>
              <SequencePoints />
              <BranchPoints />
              <MethodPoint vc="230" uspid="609" ordinal="0" offset="0" />
            </Method>
          </Methods>
        </Class>
        <Class>
          <Summary numSequencePoints="4" visitedSequencePoints="2" numBranchPoints="4" visitedBranchPoints="2" sequenceCoverage="50" branchCoverage="50" maxCyclomaticComplexity="1" minCyclomaticComplexity="1" visitedClasses="1" numClasses="1" visitedMethods="2" numMethods="4" />
          <FullName>TaskManager.Model.PARENT_TASK</FullName>
          <Methods>
            <Method visited="false" cyclomaticComplexity="1" sequenceCoverage="0" branchCoverage="0" isConstructor="false" isStatic="false" isGetter="true" isSetter="false">
              <Summary numSequencePoints="1" visitedSequencePoints="0" numBranchPoints="1" visitedBranchPoints="0" sequenceCoverage="0" branchCoverage="0" maxCyclomaticComplexity="1" minCyclomaticComplexity="1" visitedClasses="0" numClasses="0" visitedMethods="0" numMethods="1" />
              <MetadataToken>100663312</MetadataToken>
              <Name>System.String TaskManager.Model.PARENT_TASK::get_Parent_ID()</Name>
              <FileRef uid="31" />
              <SequencePoints>
                <SequencePoint vc="0" uspid="610" ordinal="0" offset="0" sl="24" sc="35" el="24" ec="39" bec="0" bev="0" fileid="31" />
              </SequencePoints>
              <BranchPoints />
              <MethodPoint xsi:type="SequencePoint" vc="0" uspid="610" ordinal="0" offset="0" sl="24" sc="35" el="24" ec="39" bec="0" bev="0" fileid="31" />
            </Method>
            <Method visited="true" cyclomaticComplexity="1" sequenceCoverage="100" branchCoverage="100" isConstructor="false" isStatic="false" isGetter="false" isSetter="true">
              <Summary numSequencePoints="1" visitedSequencePoints="1" numBranchPoints="1" visitedBranchPoints="1" sequenceCoverage="100" branchCoverage="100" maxCyclomaticComplexity="1" minCyclomaticComplexity="1" visitedClasses="0" numClasses="0" visitedMethods="1" numMethods="1" />
              <MetadataToken>100663313</MetadataToken>
              <Name>System.Void TaskManager.Model.PARENT_TASK::set_Parent_ID(System.String)</Name>
              <FileRef uid="31" />
              <SequencePoints>
                <SequencePoint vc="4" uspid="611" ordinal="0" offset="0" sl="24" sc="40" el="24" ec="44" bec="0" bev="0" fileid="31" />
              </SequencePoints>
              <BranchPoints />
              <MethodPoint xsi:type="SequencePoint" vc="4" uspid="611" ordinal="0" offset="0" sl="24" sc="40" el="24" ec="44" bec="0" bev="0" fileid="31" />
            </Method>
            <Method visited="false" cyclomaticComplexity="1" sequenceCoverage="0" branchCoverage="0" isConstructor="false" isStatic="false" isGetter="true" isSetter="false">
              <Summary numSequencePoints="1" visitedSequencePoints="0" numBranchPoints="1" visitedBranchPoints="0" sequenceCoverage="0" branchCoverage="0" maxCyclomaticComplexity="1" minCyclomaticComplexity="1" visitedClasses="0" numClasses="0" visitedMethods="0" numMethods="1" />
              <MetadataToken>100663314</MetadataToken>
              <Name>System.String TaskManager.Model.PARENT_TASK::get_Parent_Task()</Name>
              <FileRef uid="31" />
              <SequencePoints>
                <SequencePoint vc="0" uspid="612" ordinal="0" offset="0" sl="25" sc="37" el="25" ec="41" bec="0" bev="0" fileid="31" />
              </SequencePoints>
              <BranchPoints />
              <MethodPoint xsi:type="SequencePoint" vc="0" uspid="612" ordinal="0" offset="0" sl="25" sc="37" el="25" ec="41" bec="0" bev="0" fileid="31" />
            </Method>
            <Method visited="true" cyclomaticComplexity="1" sequenceCoverage="100" branchCoverage="100" isConstructor="false" isStatic="false" isGetter="false" isSetter="true">
              <Summary numSequencePoints="1" visitedSequencePoints="1" numBranchPoints="1" visitedBranchPoints="1" sequenceCoverage="100" branchCoverage="100" maxCyclomaticComplexity="1" minCyclomaticComplexity="1" visitedClasses="0" numClasses="0" visitedMethods="1" numMethods="1" />
              <MetadataToken>100663315</MetadataToken>
              <Name>System.Void TaskManager.Model.PARENT_TASK::set_Parent_Task(System.String)</Name>
              <FileRef uid="31" />
              <SequencePoints>
                <SequencePoint vc="4" uspid="613" ordinal="0" offset="0" sl="25" sc="42" el="25" ec="46" bec="0" bev="0" fileid="31" />
              </SequencePoints>
              <BranchPoints />
              <MethodPoint xsi:type="SequencePoint" vc="4" uspid="613" ordinal="0" offset="0" sl="25" sc="42" el="25" ec="46" bec="0" bev="0" fileid="31" />
            </Method>
            <Method visited="true" cyclomaticComplexity="1" sequenceCoverage="0" branchCoverage="0" isConstructor="true" isStatic="false" isGetter="false" isSetter="false">
              <Summary numSequencePoints="0" visitedSequencePoints="0" numBranchPoints="0" visitedBranchPoints="0" sequenceCoverage="0" branchCoverage="0" maxCyclomaticComplexity="1" minCyclomaticComplexity="1" visitedClasses="0" numClasses="0" visitedMethods="0" numMethods="0" />
              <MetadataToken>100663316</MetadataToken>
              <Name>System.Void TaskManager.Model.PARENT_TASK::.ctor()</Name>
              <SequencePoints />
              <BranchPoints />
              <MethodPoint vc="4" uspid="614" ordinal="0" offset="0" />
            </Method>
          </Methods>
        </Class>
      </Classes>
    </Module>
    <Module skippedDueTo="Filter" hash="BE-C7-BB-BF-3E-49-C7-DA-4B-04-49-FA-37-04-0B-DF-E6-BB-1A-6F">
      <FullName>C:\Users\Administrator\Source\Repos\FSE_Cap_TaskMGRAPI\UnitTest\TaskManager.DataAccess.Tests\bin\Debug\System.Net.Http.Formatting.dll</FullName>
      <ModuleName>System.Net.Http.Formatting</ModuleName>
      <Classes />
    </Module>
    <Module skippedDueTo="MissingPdb" hash="17-D2-B2-71-73-46-AF-51-F7-9A-9F-28-F7-BB-51-1D-8E-DF-CF-42">
      <FullName>C:\Windows\Microsoft.Net\assembly\GAC_MSIL\SMDiagnostics\v4.0_4.0.0.0__b77a5c561934e089\SMDiagnostics.dll</FullName>
      <ModuleName>SMDiagnostics</ModuleName>
      <Classes />
    </Module>
    <Module skippedDueTo="MissingPdb" hash="80-26-EF-AD-E4-AF-8D-E5-CB-A7-26-59-14-CA-09-D9-D9-57-BA-81">
      <FullName>C:\Users\Administrator\Source\Repos\FSE_Cap_TaskMGRAPI\UnitTest\TaskManager.DataAccess.Tests\bin\Debug\Newtonsoft.Json.dll</FullName>
      <ModuleName>Newtonsoft.Json</ModuleName>
      <Classes />
    </Module>
    <Module skippedDueTo="MissingPdb" hash="C3-9D-4E-A9-3E-A4-48-75-50-DD-26-99-59-BB-B9-BB-BE-78-68-6C">
      <FullName>C:\Windows\Microsoft.Net\assembly\GAC_MSIL\Microsoft.CSharp\v4.0_4.0.0.0__b03f5f7f11d50a3a\Microsoft.CSharp.dll</FullName>
      <ModuleName>Microsoft.CSharp</ModuleName>
      <Classes />
    </Module>
    <Module skippedDueTo="Filter" hash="BC-73-FB-90-98-40-AC-AF-59-BA-B1-B4-D8-62-DB-E5-06-33-1E-C5">
      <FullName>C:\Windows\Microsoft.Net\assembly\GAC_MSIL\System.ServiceModel.Internals\v4.0_4.0.0.0__31bf3856ad364e35\System.ServiceModel.Internals.dll</FullName>
      <ModuleName>System.ServiceModel.Internals</ModuleName>
      <Classes />
    </Module>
    <Module skippedDueTo="Filter" hash="B0-AB-62-4B-AA-32-AD-A8-2E-19-2B-B2-98-82-02-06-E8-CF-C0-67">
      <FullName>C:\Windows\Microsoft.Net\assembly\GAC_MSIL\System.ComponentModel.DataAnnotations\v4.0_4.0.0.0__31bf3856ad364e35\System.ComponentModel.DataAnnotations.dll</FullName>
      <ModuleName>System.ComponentModel.DataAnnotations</ModuleName>
      <Classes />
    </Module>
    <Module skippedDueTo="Filter" hash="93-B4-03-5A-D1-55-63-BF-39-E6-BC-20-BA-EF-95-B2-BA-36-28-C7">
      <FullName>C:\Users\Administrator\Source\Repos\FSE_Cap_TaskMGRAPI\UnitTest\TaskManager.DataAccess.Tests\bin\Debug\System.Web.Http.Cors.dll</FullName>
      <ModuleName>System.Web.Http.Cors</ModuleName>
      <Classes />
    </Module>
  </Modules>
</CoverageSession>